
> @calibr/api@0.1.0 test /Users/rakes/Documents/antigravity/calibrate/apps/api
> vitest "tests/integrations/stripe.e2e.test.ts"

[33mThe CJS build of Vite's Node API is deprecated. See https://vite.dev/guide/troubleshooting.html#vite-cjs-node-api-deprecated for more details.[39m

 DEV  v1.6.1 /Users/rakes/Documents/antigravity/calibrate/apps/api

stderr | tests/integrations/stripe.e2e.test.ts > Stripe Integration E2E > OAuth Flow > handles oauth callback
Stripe OAuth callback error: Error: URL is malformed "undefined/p/demo/settings/connectors?success=stripe". Please use only absolute URLs - https://nextjs.org/docs/messages/middleware-relative-urls
    at validateURL (/Users/rakes/Documents/antigravity/calibrate/node_modules/.pnpm/next@14.0.4_@babel+core@7.28.5_react-dom@18.3.1_react@18.3.1__react@18.3.1/node_modules/next/src/server/web/utils.ts:141:11)
    at Function.redirect (/Users/rakes/Documents/antigravity/calibrate/node_modules/.pnpm/next@14.0.4_@babel+core@7.28.5_react-dom@18.3.1_react@18.3.1__react@18.3.1/node_modules/next/src/server/web/spec-extension/response.ts:87:40)
    ... 6 lines matching cause stack trace ...
    at runFiles (file:///Users/rakes/Documents/antigravity/calibrate/node_modules/.pnpm/@vitest+runner@1.6.1/node_modules/@vitest/runner/dist/index.js:958:5)
    at startTests (file:///Users/rakes/Documents/antigravity/calibrate/node_modules/.pnpm/@vitest+runner@1.6.1/node_modules/@vitest/runner/dist/index.js:967:3) {
  [cause]: TypeError: Invalid URL
      at new URL (node:internal/url:806:29)
      at validateURL (/Users/rakes/Documents/antigravity/calibrate/node_modules/.pnpm/next@14.0.4_@babel+core@7.28.5_react-dom@18.3.1_react@18.3.1__react@18.3.1/node_modules/next/src/server/web/utils.ts:139:19)
      at Function.redirect (/Users/rakes/Documents/antigravity/calibrate/node_modules/.pnpm/next@14.0.4_@babel+core@7.28.5_react-dom@18.3.1_react@18.3.1__react@18.3.1/node_modules/next/src/server/web/spec-extension/response.ts:87:40)
      at /Users/rakes/Documents/antigravity/calibrate/apps/api/app/api/integrations/stripe/oauth/callback/route.ts:89:29
      at /Users/rakes/Documents/antigravity/calibrate/apps/api/tests/integrations/stripe.e2e.test.ts:132:25
      at runTest (file:///Users/rakes/Documents/antigravity/calibrate/node_modules/.pnpm/@vitest+runner@1.6.1/node_modules/@vitest/runner/dist/index.js:781:11)
      at runSuite (file:///Users/rakes/Documents/antigravity/calibrate/node_modules/.pnpm/@vitest+runner@1.6.1/node_modules/@vitest/runner/dist/index.js:909:15)
      at runSuite (file:///Users/rakes/Documents/antigravity/calibrate/node_modules/.pnpm/@vitest+runner@1.6.1/node_modules/@vitest/runner/dist/index.js:909:15)
      at runSuite (file:///Users/rakes/Documents/antigravity/calibrate/node_modules/.pnpm/@vitest+runner@1.6.1/node_modules/@vitest/runner/dist/index.js:909:15)
      at runFiles (file:///Users/rakes/Documents/antigravity/calibrate/node_modules/.pnpm/@vitest+runner@1.6.1/node_modules/@vitest/runner/dist/index.js:958:5) {
    code: 'ERR_INVALID_URL',
    input: 'undefined/p/demo/settings/connectors?success=stripe'
  }
}
OAuth Callback Error: { error: 'Failed to complete OAuth flow' }

 ❯ tests/integrations/stripe.e2e.test.ts  (4 tests | 1 failed) 11ms
   ❯ tests/integrations/stripe.e2e.test.ts > Stripe Integration E2E > OAuth Flow > handles oauth callback
     → expected 500 to be 302 // Object.is equality

⎯⎯⎯⎯⎯⎯⎯ Failed Tests 1 ⎯⎯⎯⎯⎯⎯⎯

 FAIL  tests/integrations/stripe.e2e.test.ts > Stripe Integration E2E > OAuth Flow > handles oauth callback
AssertionError: expected 500 to be 302 // Object.is equality

- Expected
+ Received

- 302
+ 500

 ❯ tests/integrations/stripe.e2e.test.ts:139:32
    137|             }
    138| 
    139|             expect(res.status).toBe(302) // Redirect
       |                                ^
    140|             expect(mockDb.stripeAccount.upsert).toHaveBeenCalled()
    141|         })

⎯⎯⎯⎯⎯⎯⎯⎯⎯⎯⎯⎯⎯⎯⎯⎯⎯⎯⎯⎯⎯⎯⎯⎯[1/1]⎯

 Test Files  1 failed (1)
      Tests  1 failed | 3 passed (4)
   Start at  17:13:08
   Duration  155ms (transform 29ms, setup 0ms, collect 47ms, tests 11ms, environment 0ms, prepare 32ms)


 FAIL  Tests failed. Watching for file changes...
       press h to show help, press q to quit
[3Jc
 RERUN  tests/integrations/stripe.e2e.test.ts x1

 ❯ tests/integrations/stripe.e2e.test.ts  (4 tests | 1 failed) 9ms
   ❯ tests/integrations/stripe.e2e.test.ts > Stripe Integration E2E > OAuth Flow > handles oauth callback
     → Unexpected end of JSON input

⎯⎯⎯⎯⎯⎯⎯ Failed Tests 1 ⎯⎯⎯⎯⎯⎯⎯

 FAIL  tests/integrations/stripe.e2e.test.ts > Stripe Integration E2E > OAuth Flow > handles oauth callback
SyntaxError: Unexpected end of JSON input
 ❯ tests/integrations/stripe.e2e.test.ts:136:40
    134| 
    135|             if (res.status !== 302) {
    136|                 const body = await res.json()
       |                                        ^
    137|                 console.error('OAuth Callback Error:', body)
    138|             }

⎯⎯⎯⎯⎯⎯⎯⎯⎯⎯⎯⎯⎯⎯⎯⎯⎯⎯⎯⎯⎯⎯⎯⎯[1/1]⎯

 Test Files  1 failed (1)
      Tests  1 failed | 3 passed (4)
   Start at  17:13:48
   Duration  44ms


 FAIL  Tests failed. Watching for file changes...
       press h to show help, press q to quit
       rerun x1
[2K[1A[2K[G[3Jc
 RERUN  tests/integrations/stripe.e2e.test.ts x2

 ✓ tests/integrations/stripe.e2e.test.ts  (4 tests) 8ms

 Test Files  1 passed (1)
      Tests  4 passed (4)
   Start at  17:14:58
   Duration  46ms


 PASS  Waiting for file changes...
       press h to show help, press q to quit
       rerun x2
[2K[1A[2K[G[3Jc
 RERUN  ../../packages/connectors/package.json x3

 ✓ tests/integrations/stripe.e2e.test.ts  (4 tests) 8ms

 Test Files  1 passed (1)
      Tests  4 passed (4)
   Start at  17:29:59
   Duration  43ms


 PASS  Waiting for file changes...
       press h to show help, press q to quit
       rerun x3
[2K[1A[2K[G[3Jc
 RERUN  tests/integrations/stripe.e2e.test.ts x4

 ❯ tests/integrations/stripe.e2e.test.ts  (0 test)

⎯⎯⎯⎯⎯⎯ Failed Suites 1 ⎯⎯⎯⎯⎯⎯⎯

 FAIL  tests/integrations/stripe.e2e.test.ts [ tests/integrations/stripe.e2e.test.ts ]
Error: Transform failed with 1 error:
/Users/rakes/Documents/antigravity/calibrate/apps/api/tests/integrations/stripe.e2e.test.ts:53:21: ERROR: Expected "]" but found ")"
 ❯ failureErrorWithLog ../../node_modules/.pnpm/esbuild@0.21.5/node_modules/esbuild/lib/main.js:1472:15
 ❯ ../../node_modules/.pnpm/esbuild@0.21.5/node_modules/esbuild/lib/main.js:755:50
 ❯ responseCallbacks.<computed> ../../node_modules/.pnpm/esbuild@0.21.5/node_modules/esbuild/lib/main.js:622:9
 ❯ handleIncomingPacket ../../node_modules/.pnpm/esbuild@0.21.5/node_modules/esbuild/lib/main.js:677:12
 ❯ Socket.readFromStdout ../../node_modules/.pnpm/esbuild@0.21.5/node_modules/esbuild/lib/main.js:600:7
 ❯ Socket.emit node:events:518:28

⎯⎯⎯⎯⎯⎯⎯⎯⎯⎯⎯⎯⎯⎯⎯⎯⎯⎯⎯⎯⎯⎯⎯⎯[1/1]⎯

 Test Files  1 failed (1)
      Tests  no tests
   Start at  17:32:11
   Duration  0ms


 FAIL  Tests failed. Watching for file changes...
       press h to show help, press q to quit
       rerun x4
[2K[1A[2K[G[3Jc
 RERUN  tests/integrations/stripe.e2e.test.ts x5

 ❯ tests/integrations/stripe.e2e.test.ts  (0 test)

⎯⎯⎯⎯⎯⎯ Failed Suites 1 ⎯⎯⎯⎯⎯⎯⎯

 FAIL  tests/integrations/stripe.e2e.test.ts [ tests/integrations/stripe.e2e.test.ts ]
Error: Transform failed with 1 error:
/Users/rakes/Documents/antigravity/calibrate/apps/api/tests/integrations/stripe.e2e.test.ts:92:21: ERROR: Expected "]" but found ")"
 ❯ failureErrorWithLog ../../node_modules/.pnpm/esbuild@0.21.5/node_modules/esbuild/lib/main.js:1472:15
 ❯ ../../node_modules/.pnpm/esbuild@0.21.5/node_modules/esbuild/lib/main.js:755:50
 ❯ responseCallbacks.<computed> ../../node_modules/.pnpm/esbuild@0.21.5/node_modules/esbuild/lib/main.js:622:9
 ❯ handleIncomingPacket ../../node_modules/.pnpm/esbuild@0.21.5/node_modules/esbuild/lib/main.js:677:12
 ❯ Socket.readFromStdout ../../node_modules/.pnpm/esbuild@0.21.5/node_modules/esbuild/lib/main.js:600:7
 ❯ Socket.emit node:events:518:28

⎯⎯⎯⎯⎯⎯⎯⎯⎯⎯⎯⎯⎯⎯⎯⎯⎯⎯⎯⎯⎯⎯⎯⎯[1/1]⎯

 Test Files  1 failed (1)
      Tests  no tests
   Start at  17:33:20
   Duration  0ms


 FAIL  Tests failed. Watching for file changes...
       press h to show help, press q to quit
       rerun x5
[2K[1A[2K[G[3Jc
 RERUN  tests/integrations/stripe.e2e.test.ts x6

 ❯ tests/integrations/stripe.e2e.test.ts  (0 test)

⎯⎯⎯⎯⎯⎯ Failed Suites 1 ⎯⎯⎯⎯⎯⎯⎯

 FAIL  tests/integrations/stripe.e2e.test.ts [ tests/integrations/stripe.e2e.test.ts ]
Error: Transform failed with 1 error:
/Users/rakes/Documents/antigravity/calibrate/apps/api/tests/integrations/stripe.e2e.test.ts:92:21: ERROR: Expected "]" but found ")"
 ❯ failureErrorWithLog ../../node_modules/.pnpm/esbuild@0.21.5/node_modules/esbuild/lib/main.js:1472:15
 ❯ ../../node_modules/.pnpm/esbuild@0.21.5/node_modules/esbuild/lib/main.js:755:50
 ❯ responseCallbacks.<computed> ../../node_modules/.pnpm/esbuild@0.21.5/node_modules/esbuild/lib/main.js:622:9
 ❯ handleIncomingPacket ../../node_modules/.pnpm/esbuild@0.21.5/node_modules/esbuild/lib/main.js:677:12
 ❯ Socket.readFromStdout ../../node_modules/.pnpm/esbuild@0.21.5/node_modules/esbuild/lib/main.js:600:7
 ❯ Socket.emit node:events:518:28

⎯⎯⎯⎯⎯⎯⎯⎯⎯⎯⎯⎯⎯⎯⎯⎯⎯⎯⎯⎯⎯⎯⎯⎯[1/1]⎯

 Test Files  1 failed (1)
      Tests  no tests
   Start at  17:33:21
   Duration  0ms


 FAIL  Tests failed. Watching for file changes...
       press h to show help, press q to quit
       rerun x6
[2K[1A[2K[G[3Jc
 RERUN  tests/integrations/stripe.e2e.test.ts x7

 ❯ tests/integrations/stripe.e2e.test.ts  (0 test)

⎯⎯⎯⎯⎯⎯ Failed Suites 1 ⎯⎯⎯⎯⎯⎯⎯

 FAIL  tests/integrations/stripe.e2e.test.ts [ tests/integrations/stripe.e2e.test.ts ]
Error: Transform failed with 1 error:
/Users/rakes/Documents/antigravity/calibrate/apps/api/tests/integrations/stripe.e2e.test.ts:90:21: ERROR: Expected "]" but found ")"
 ❯ failureErrorWithLog ../../node_modules/.pnpm/esbuild@0.21.5/node_modules/esbuild/lib/main.js:1472:15
 ❯ ../../node_modules/.pnpm/esbuild@0.21.5/node_modules/esbuild/lib/main.js:755:50
 ❯ responseCallbacks.<computed> ../../node_modules/.pnpm/esbuild@0.21.5/node_modules/esbuild/lib/main.js:622:9
 ❯ handleIncomingPacket ../../node_modules/.pnpm/esbuild@0.21.5/node_modules/esbuild/lib/main.js:677:12
 ❯ Socket.readFromStdout ../../node_modules/.pnpm/esbuild@0.21.5/node_modules/esbuild/lib/main.js:600:7
 ❯ Socket.emit node:events:518:28

⎯⎯⎯⎯⎯⎯⎯⎯⎯⎯⎯⎯⎯⎯⎯⎯⎯⎯⎯⎯⎯⎯⎯⎯[1/1]⎯

 Test Files  1 failed (1)
      Tests  no tests
   Start at  17:33:49
   Duration  0ms


 FAIL  Tests failed. Watching for file changes...
       press h to show help, press q to quit
       rerun x7
[2K[1A[2K[G[3Jc
 RERUN  tests/integrations/stripe.e2e.test.ts x8

stdout | tests/integrations/stripe.e2e.test.ts > Stripe Integration E2E (API Key) > Connection Flow > connects with valid API key
{"timestamp":"2025-11-30T01:34:06.231Z","level":"info","service":"calibr-api","message":"Request started: POST /api/integrations/stripe/connect","requestId":"req_t0eensvsdp9sr05mrrs0r9","correlationId":"corr_chtlseqa7sc07l1lqbbho1d","metadata":{"method":"POST","url":"http://localhost/api/integrations/stripe/connect","userAgent":null,"ip":null,"query":{},"headers":{"content-type":"application/json","accept":null}}}
{"timestamp":"2025-11-30T01:34:06.233Z","level":"info","service":"calibr-api","message":"Request completed: POST /api/integrations/stripe/connect - 200 (2ms)","requestId":"req_t0eensvsdp9sr05mrrs0r9","correlationId":"corr_chtlseqa7sc07l1lqbbho1d","metadata":{"method":"POST","url":"http://localhost/api/integrations/stripe/connect","userAgent":null,"ip":null,"statusCode":200,"responseTime":2}}

stdout | tests/integrations/stripe.e2e.test.ts > Stripe Integration E2E (API Key) > Connection Flow > fails with missing params
{"timestamp":"2025-11-30T01:34:06.234Z","level":"info","service":"calibr-api","message":"Request started: POST /api/integrations/stripe/connect","requestId":"req_vxdfoniblpg08ms16cybc9r","correlationId":"corr_2k35e7pldfluvriuqzgkd8","metadata":{"method":"POST","url":"http://localhost/api/integrations/stripe/connect","userAgent":null,"ip":null,"query":{},"headers":{"content-type":"application/json","accept":null}}}
{"timestamp":"2025-11-30T01:34:06.235Z","level":"warn","service":"calibr-api","message":"Request completed: POST /api/integrations/stripe/connect - 400 (1ms)","requestId":"req_vxdfoniblpg08ms16cybc9r","correlationId":"corr_2k35e7pldfluvriuqzgkd8","metadata":{"method":"POST","url":"http://localhost/api/integrations/stripe/connect","userAgent":null,"ip":null,"statusCode":400,"responseTime":1}}

stdout | tests/integrations/stripe.e2e.test.ts > Stripe Integration E2E (API Key) > Sync > triggers catalog sync
{"timestamp":"2025-11-30T01:34:06.235Z","level":"info","service":"calibr-api","message":"Request started: POST /api/integrations/stripe/sync/catalog","requestId":"req_oj0nlggb2zddn0ktkkhyo","correlationId":"corr_cnrur1kq255vg2vriqidpi","metadata":{"method":"POST","url":"http://localhost/api/integrations/stripe/sync/catalog","userAgent":null,"ip":null,"query":{},"headers":{"content-type":"application/json","accept":null}}}
{"timestamp":"2025-11-30T01:34:06.236Z","level":"info","service":"calibr-api","message":"Request completed: POST /api/integrations/stripe/sync/catalog - 200 (1ms)","requestId":"req_oj0nlggb2zddn0ktkkhyo","correlationId":"corr_cnrur1kq255vg2vriqidpi","metadata":{"method":"POST","url":"http://localhost/api/integrations/stripe/sync/catalog","userAgent":null,"ip":null,"statusCode":200,"responseTime":1}}

stdout | tests/integrations/stripe.e2e.test.ts > Stripe Integration E2E (API Key) > Sync > triggers transaction sync
{"timestamp":"2025-11-30T01:34:06.237Z","level":"info","service":"calibr-api","message":"Request started: POST /api/integrations/stripe/sync/transactions","requestId":"req_2qv0s481rng8t9gp709nig","correlationId":"corr_lj86pnht29k8uqm8xbwoc","metadata":{"method":"POST","url":"http://localhost/api/integrations/stripe/sync/transactions","userAgent":null,"ip":null,"query":{},"headers":{"content-type":"application/json","accept":null}}}
{"timestamp":"2025-11-30T01:34:06.244Z","level":"info","service":"calibr-api","message":"Request completed: POST /api/integrations/stripe/sync/transactions - 200 (7ms)","requestId":"req_2qv0s481rng8t9gp709nig","correlationId":"corr_lj86pnht29k8uqm8xbwoc","metadata":{"method":"POST","url":"http://localhost/api/integrations/stripe/sync/transactions","userAgent":null,"ip":null,"statusCode":200,"responseTime":7}}

 ✓ tests/integrations/stripe.e2e.test.ts  (4 tests) 17ms

 Test Files  1 passed (1)
      Tests  4 passed (4)
   Start at  17:34:05
   Duration  206ms


 PASS  Waiting for file changes...
       press h to show help, press q to quit
       rerun x8
[2K[1A[2K[G[3Jc
 RERUN  tests/integrations/stripe.e2e.test.ts x9

stdout | tests/integrations/stripe.e2e.test.ts > Stripe Integration E2E (API Key) > Connection Flow > connects with valid API key
{"timestamp":"2025-11-30T01:34:15.883Z","level":"info","service":"calibr-api","message":"Request started: POST /api/integrations/stripe/connect","requestId":"req_8b38u18cnklr7nn0vgefuj","correlationId":"corr_l3tvqzws8mpb25ztwzxx0k","metadata":{"method":"POST","url":"http://localhost/api/integrations/stripe/connect","userAgent":null,"ip":null,"query":{},"headers":{"content-type":"application/json","accept":null}}}
[Prisma] Initializing PrismaClient...
[Prisma] PrismaClient initialized successfully
[Prisma] Encryption middleware enabled

stderr | tests/integrations/stripe.e2e.test.ts > Stripe Integration E2E (API Key) > Connection Flow > connects with valid API key
Stripe validation error: PrismaClientValidationError: 
Invalid `prisma().stripeAccount.upsert()` invocation in
/Users/rakes/Documents/antigravity/calibrate/apps/api/app/api/integrations/stripe/connect/route.ts:29:42

  26 const encryptedKey = encryption.encrypt(apiKey);
  27 
  28 // Save to DB
→ 29 await prisma().stripeAccount.upsert({
       where: {
         projectId: "proj1"
       },
       update: {
         stripeAccountId: "acct_test123",
         secretKey: "encrypted_key",
         livemode: false,
         status: "active"
       },
       create: {
         projectId: "proj1",
         tenantId: undefined,
         stripeAccountId: "acct_test123",
         secretKey: "encrypted_key",
         livemode: false,
         status: "active",
     +   Project: {
     +     create: ProjectCreateWithoutStripeAccountInput | ProjectUncheckedCreateWithoutStripeAccountInput,
     +     connectOrCreate: ProjectCreateOrConnectWithoutStripeAccountInput,
     +     connect: ProjectWhereUniqueInput
     +   }
       }
     })

Argument `Project` is missing.
    at Ua (/Users/rakes/Documents/antigravity/calibrate/node_modules/.pnpm/@prisma+client@5.22.0_prisma@5.22.0/node_modules/@prisma/client/runtime/binary.js:80:1375)
    at Vg.handleRequestError (/Users/rakes/Documents/antigravity/calibrate/node_modules/.pnpm/@prisma+client@5.22.0_prisma@5.22.0/node_modules/@prisma/client/runtime/binary.js:182:6960)
    at Vg.handleAndLogRequestError (/Users/rakes/Documents/antigravity/calibrate/node_modules/.pnpm/@prisma+client@5.22.0_prisma@5.22.0/node_modules/@prisma/client/runtime/binary.js:182:6624)
    at Vg.request (/Users/rakes/Documents/antigravity/calibrate/node_modules/.pnpm/@prisma+client@5.22.0_prisma@5.22.0/node_modules/@prisma/client/runtime/binary.js:182:6308)
    at processTicksAndRejections (node:internal/process/task_queues:95:5)
    at a (/Users/rakes/Documents/antigravity/calibrate/node_modules/.pnpm/@prisma+client@5.22.0_prisma@5.22.0/node_modules/@prisma/client/runtime/binary.js:191:9642)
    at /Users/rakes/Documents/antigravity/calibrate/packages/db/src/middleware/encryption.ts:34:20
    at /Users/rakes/Documents/antigravity/calibrate/apps/api/app/api/integrations/stripe/connect/route.ts:29:13
    at /Users/rakes/Documents/antigravity/calibrate/apps/api/lib/monitoring.ts:187:24
    at /Users/rakes/Documents/antigravity/calibrate/apps/api/lib/security-headers.ts:170:22 {
  clientVersion: '5.22.0'
}

stdout | tests/integrations/stripe.e2e.test.ts > Stripe Integration E2E (API Key) > Connection Flow > connects with valid API key
prisma:error 
Invalid `prisma().stripeAccount.upsert()` invocation in
/Users/rakes/Documents/antigravity/calibrate/apps/api/app/api/integrations/stripe/connect/route.ts:29:42

  26 const encryptedKey = encryption.encrypt(apiKey);
  27 
  28 // Save to DB
→ 29 await prisma().stripeAccount.upsert({
       where: {
         projectId: "proj1"
       },
       update: {
         stripeAccountId: "acct_test123",
         secretKey: "encrypted_key",
         livemode: false,
         status: "active"
       },
       create: {
         projectId: "proj1",
         tenantId: undefined,
         stripeAccountId: "acct_test123",
         secretKey: "encrypted_key",
         livemode: false,
         status: "active",
     +   Project: {
     +     create: ProjectCreateWithoutStripeAccountInput | ProjectUncheckedCreateWithoutStripeAccountInput,
     +     connectOrCreate: ProjectCreateOrConnectWithoutStripeAccountInput,
     +     connect: ProjectWhereUniqueInput
     +   }
       }
     })

Argument `Project` is missing.
{"timestamp":"2025-11-30T01:34:16.200Z","level":"warn","service":"calibr-api","message":"Request completed: POST /api/integrations/stripe/connect - 400 (317ms)","requestId":"req_8b38u18cnklr7nn0vgefuj","correlationId":"corr_l3tvqzws8mpb25ztwzxx0k","metadata":{"method":"POST","url":"http://localhost/api/integrations/stripe/connect","userAgent":null,"ip":null,"statusCode":400,"responseTime":317}}

stdout | tests/integrations/stripe.e2e.test.ts > Stripe Integration E2E (API Key) > Connection Flow > fails with missing params
{"timestamp":"2025-11-30T01:34:16.213Z","level":"info","service":"calibr-api","message":"Request started: POST /api/integrations/stripe/connect","requestId":"req_ilu3ftxfn4l3akmmzxk1dz","correlationId":"corr_ht332u4yyd56wr0h3iwi75","metadata":{"method":"POST","url":"http://localhost/api/integrations/stripe/connect","userAgent":null,"ip":null,"query":{},"headers":{"content-type":"application/json","accept":null}}}
{"timestamp":"2025-11-30T01:34:16.213Z","level":"warn","service":"calibr-api","message":"Request completed: POST /api/integrations/stripe/connect - 400 (0ms)","requestId":"req_ilu3ftxfn4l3akmmzxk1dz","correlationId":"corr_ht332u4yyd56wr0h3iwi75","metadata":{"method":"POST","url":"http://localhost/api/integrations/stripe/connect","userAgent":null,"ip":null,"statusCode":400,"responseTime":0}}

stdout | tests/integrations/stripe.e2e.test.ts > Stripe Integration E2E (API Key) > Sync > triggers catalog sync
{"timestamp":"2025-11-30T01:34:16.214Z","level":"info","service":"calibr-api","message":"Request started: POST /api/integrations/stripe/sync/catalog","requestId":"req_084aodryxiurcd2s2fahefr","correlationId":"corr_cf4dzcfpskf42zsa2uctu","metadata":{"method":"POST","url":"http://localhost/api/integrations/stripe/sync/catalog","userAgent":null,"ip":null,"query":{},"headers":{"content-type":"application/json","accept":null}}}
{"timestamp":"2025-11-30T01:34:16.214Z","level":"info","service":"calibr-api","message":"Request completed: POST /api/integrations/stripe/sync/catalog - 200 (0ms)","requestId":"req_084aodryxiurcd2s2fahefr","correlationId":"corr_cf4dzcfpskf42zsa2uctu","metadata":{"method":"POST","url":"http://localhost/api/integrations/stripe/sync/catalog","userAgent":null,"ip":null,"statusCode":200,"responseTime":0}}

stdout | tests/integrations/stripe.e2e.test.ts > Stripe Integration E2E (API Key) > Sync > triggers transaction sync
{"timestamp":"2025-11-30T01:34:16.214Z","level":"info","service":"calibr-api","message":"Request started: POST /api/integrations/stripe/sync/transactions","requestId":"req_ni76rkd1j0kl7a79qtx1m","correlationId":"corr_rmispo7k8ad785e57n0gm","metadata":{"method":"POST","url":"http://localhost/api/integrations/stripe/sync/transactions","userAgent":null,"ip":null,"query":{},"headers":{"content-type":"application/json","accept":null}}}
{"timestamp":"2025-11-30T01:34:16.215Z","level":"info","service":"calibr-api","message":"Request completed: POST /api/integrations/stripe/sync/transactions - 200 (1ms)","requestId":"req_ni76rkd1j0kl7a79qtx1m","correlationId":"corr_rmispo7k8ad785e57n0gm","metadata":{"method":"POST","url":"http://localhost/api/integrations/stripe/sync/transactions","userAgent":null,"ip":null,"statusCode":200,"responseTime":1}}

 ❯ tests/integrations/stripe.e2e.test.ts  (4 tests | 1 failed) 334ms
   ❯ tests/integrations/stripe.e2e.test.ts > Stripe Integration E2E (API Key) > Connection Flow > connects with valid API key
     → expected 400 to be 200 // Object.is equality

⎯⎯⎯⎯⎯⎯⎯ Failed Tests 1 ⎯⎯⎯⎯⎯⎯⎯

 FAIL  tests/integrations/stripe.e2e.test.ts > Stripe Integration E2E (API Key) > Connection Flow > connects with valid API key
AssertionError: expected 400 to be 200 // Object.is equality

- Expected
+ Received

- 200
+ 400

 ❯ tests/integrations/stripe.e2e.test.ts:110:32
    108|             const body = await res.json()
    109| 
    110|             expect(res.status).toBe(200)
       |                                ^
    111|             expect(body.success).toBe(true)
    112|             expect(body.accountId).toBe('acct_test123')

⎯⎯⎯⎯⎯⎯⎯⎯⎯⎯⎯⎯⎯⎯⎯⎯⎯⎯⎯⎯⎯⎯⎯⎯[1/1]⎯

 Test Files  1 failed (1)
      Tests  1 failed | 3 passed (4)
   Start at  17:34:15
   Duration  470ms


 FAIL  Tests failed. Watching for file changes...
       press h to show help, press q to quit
       rerun x9
[2K[1A[2K[G[3Jc
 RERUN  tests/integrations/stripe.e2e.test.ts x10

stdout | tests/integrations/stripe.e2e.test.ts > Stripe Integration E2E (API Key) > Connection Flow > connects with valid API key
{"timestamp":"2025-11-30T01:34:31.778Z","level":"info","service":"calibr-api","message":"Request started: POST /api/integrations/stripe/connect","requestId":"req_im2dhchuu7nwmuob6k5zv","correlationId":"corr_oh2yus2lsnbfpm07ajf8n","metadata":{"method":"POST","url":"http://localhost/api/integrations/stripe/connect","userAgent":null,"ip":null,"query":{},"headers":{"content-type":"application/json","accept":null}}}
{"timestamp":"2025-11-30T01:34:31.779Z","level":"info","service":"calibr-api","message":"Request completed: POST /api/integrations/stripe/connect - 200 (1ms)","requestId":"req_im2dhchuu7nwmuob6k5zv","correlationId":"corr_oh2yus2lsnbfpm07ajf8n","metadata":{"method":"POST","url":"http://localhost/api/integrations/stripe/connect","userAgent":null,"ip":null,"statusCode":200,"responseTime":1}}

stdout | tests/integrations/stripe.e2e.test.ts > Stripe Integration E2E (API Key) > Connection Flow > fails with missing params
{"timestamp":"2025-11-30T01:34:31.781Z","level":"info","service":"calibr-api","message":"Request started: POST /api/integrations/stripe/connect","requestId":"req_ujitquzc05pvv826c1bwih","correlationId":"corr_786zqn9s7rqjie4z8eo1h","metadata":{"method":"POST","url":"http://localhost/api/integrations/stripe/connect","userAgent":null,"ip":null,"query":{},"headers":{"content-type":"application/json","accept":null}}}
{"timestamp":"2025-11-30T01:34:31.782Z","level":"warn","service":"calibr-api","message":"Request completed: POST /api/integrations/stripe/connect - 400 (1ms)","requestId":"req_ujitquzc05pvv826c1bwih","correlationId":"corr_786zqn9s7rqjie4z8eo1h","metadata":{"method":"POST","url":"http://localhost/api/integrations/stripe/connect","userAgent":null,"ip":null,"statusCode":400,"responseTime":1}}

stdout | tests/integrations/stripe.e2e.test.ts > Stripe Integration E2E (API Key) > Sync > triggers catalog sync
{"timestamp":"2025-11-30T01:34:31.782Z","level":"info","service":"calibr-api","message":"Request started: POST /api/integrations/stripe/sync/catalog","requestId":"req_6ymuvxjkkuwogk1qxtaoop","correlationId":"corr_651vnts31bhmwj52ip42r","metadata":{"method":"POST","url":"http://localhost/api/integrations/stripe/sync/catalog","userAgent":null,"ip":null,"query":{},"headers":{"content-type":"application/json","accept":null}}}
{"timestamp":"2025-11-30T01:34:31.782Z","level":"info","service":"calibr-api","message":"Request completed: POST /api/integrations/stripe/sync/catalog - 200 (0ms)","requestId":"req_6ymuvxjkkuwogk1qxtaoop","correlationId":"corr_651vnts31bhmwj52ip42r","metadata":{"method":"POST","url":"http://localhost/api/integrations/stripe/sync/catalog","userAgent":null,"ip":null,"statusCode":200,"responseTime":0}}

stdout | tests/integrations/stripe.e2e.test.ts > Stripe Integration E2E (API Key) > Sync > triggers transaction sync
{"timestamp":"2025-11-30T01:34:31.783Z","level":"info","service":"calibr-api","message":"Request started: POST /api/integrations/stripe/sync/transactions","requestId":"req_qklug5mn6nr6tbdtkq9re7","correlationId":"corr_lt4kgl2wmkretsk128n7r","metadata":{"method":"POST","url":"http://localhost/api/integrations/stripe/sync/transactions","userAgent":null,"ip":null,"query":{},"headers":{"content-type":"application/json","accept":null}}}
{"timestamp":"2025-11-30T01:34:31.784Z","level":"info","service":"calibr-api","message":"Request completed: POST /api/integrations/stripe/sync/transactions - 200 (1ms)","requestId":"req_qklug5mn6nr6tbdtkq9re7","correlationId":"corr_lt4kgl2wmkretsk128n7r","metadata":{"method":"POST","url":"http://localhost/api/integrations/stripe/sync/transactions","userAgent":null,"ip":null,"statusCode":200,"responseTime":1}}

 ✓ tests/integrations/stripe.e2e.test.ts  (4 tests) 10ms

 Test Files  1 passed (1)
      Tests  4 passed (4)
   Start at  17:34:31
   Duration  66ms


 PASS  Waiting for file changes...
       press h to show help, press q to quit
       rerun x10
[2K[1A[2K[G[3Jc
 RERUN  tests/integrations/stripe.e2e.test.ts x11

stdout | tests/integrations/stripe.e2e.test.ts > Stripe Integration E2E (API Key) > Connection Flow > connects with valid API key
{"timestamp":"2025-11-30T07:14:37.246Z","level":"info","service":"calibr-api","message":"Request started: POST /api/integrations/stripe/connect","requestId":"req_s8om12ki7oi7cmteulazed","correlationId":"corr_o5l5da4q6kf196e5lqmv3w","metadata":{"method":"POST","url":"http://localhost/api/integrations/stripe/connect","userAgent":null,"ip":null,"query":{},"headers":{"content-type":"application/json","accept":null}}}
{"timestamp":"2025-11-30T07:14:37.248Z","level":"info","service":"calibr-api","message":"Request completed: POST /api/integrations/stripe/connect - 200 (2ms)","requestId":"req_s8om12ki7oi7cmteulazed","correlationId":"corr_o5l5da4q6kf196e5lqmv3w","metadata":{"method":"POST","url":"http://localhost/api/integrations/stripe/connect","userAgent":null,"ip":null,"statusCode":200,"responseTime":2}}

stdout | tests/integrations/stripe.e2e.test.ts > Stripe Integration E2E (API Key) > Connection Flow > fails with missing params
{"timestamp":"2025-11-30T07:14:37.250Z","level":"info","service":"calibr-api","message":"Request started: POST /api/integrations/stripe/connect","requestId":"req_ej02qzlux5nh99icgxh1dp","correlationId":"corr_48c02mp4bh18cotefp2pt","metadata":{"method":"POST","url":"http://localhost/api/integrations/stripe/connect","userAgent":null,"ip":null,"query":{},"headers":{"content-type":"application/json","accept":null}}}
{"timestamp":"2025-11-30T07:14:37.250Z","level":"warn","service":"calibr-api","message":"Request completed: POST /api/integrations/stripe/connect - 400 (0ms)","requestId":"req_ej02qzlux5nh99icgxh1dp","correlationId":"corr_48c02mp4bh18cotefp2pt","metadata":{"method":"POST","url":"http://localhost/api/integrations/stripe/connect","userAgent":null,"ip":null,"statusCode":400,"responseTime":0}}

stdout | tests/integrations/stripe.e2e.test.ts > Stripe Integration E2E (API Key) > Sync > triggers catalog sync
{"timestamp":"2025-11-30T07:14:37.251Z","level":"info","service":"calibr-api","message":"Request started: POST /api/integrations/stripe/sync/catalog","requestId":"req_ko468jomiva35sfrgqs917","correlationId":"corr_t4tbxw3ztb0y6xye5h42uf","metadata":{"method":"POST","url":"http://localhost/api/integrations/stripe/sync/catalog","userAgent":null,"ip":null,"query":{},"headers":{"content-type":"application/json","accept":null}}}
{"timestamp":"2025-11-30T07:14:37.252Z","level":"info","service":"calibr-api","message":"Request completed: POST /api/integrations/stripe/sync/catalog - 200 (1ms)","requestId":"req_ko468jomiva35sfrgqs917","correlationId":"corr_t4tbxw3ztb0y6xye5h42uf","metadata":{"method":"POST","url":"http://localhost/api/integrations/stripe/sync/catalog","userAgent":null,"ip":null,"statusCode":200,"responseTime":1}}

 ✓ tests/integrations/stripe.e2e.test.ts  (4 tests) 13ms
stdout | tests/integrations/stripe.e2e.test.ts > Stripe Integration E2E (API Key) > Sync > triggers transaction sync
{"timestamp":"2025-11-30T07:14:37.254Z","level":"info","service":"calibr-api","message":"Request started: POST /api/integrations/stripe/sync/transactions","requestId":"req_3nh3m73kpa36evtp0i3msa","correlationId":"corr_pznol5i3yqq8f2v5mrcvaq","metadata":{"method":"POST","url":"http://localhost/api/integrations/stripe/sync/transactions","userAgent":null,"ip":null,"query":{},"headers":{"content-type":"application/json","accept":null}}}
{"timestamp":"2025-11-30T07:14:37.255Z","level":"info","service":"calibr-api","message":"Request completed: POST /api/integrations/stripe/sync/transactions - 200 (1ms)","requestId":"req_3nh3m73kpa36evtp0i3msa","correlationId":"corr_pznol5i3yqq8f2v5mrcvaq","metadata":{"method":"POST","url":"http://localhost/api/integrations/stripe/sync/transactions","userAgent":null,"ip":null,"statusCode":200,"responseTime":1}}


 Test Files  1 passed (1)
      Tests  4 passed (4)
   Start at  23:14:37
   Duration  118ms


 PASS  Waiting for file changes...
       press h to show help, press q to quit
       rerun x11
[2K[1A[2K[G[3Jc
 RERUN  tests/integrations/stripe.e2e.test.ts x12

stdout | tests/integrations/stripe.e2e.test.ts > Stripe Integration E2E (API Key) > Connection Flow > connects with valid API key
{"timestamp":"2025-11-30T07:14:39.166Z","level":"info","service":"calibr-api","message":"Request started: POST /api/integrations/stripe/connect","requestId":"req_mgepegephxy1bqr78bi6","correlationId":"corr_dud7aerteuw05b2614qs","metadata":{"method":"POST","url":"http://localhost/api/integrations/stripe/connect","userAgent":null,"ip":null,"query":{},"headers":{"content-type":"application/json","accept":null}}}
{"timestamp":"2025-11-30T07:14:39.168Z","level":"info","service":"calibr-api","message":"Request completed: POST /api/integrations/stripe/connect - 200 (2ms)","requestId":"req_mgepegephxy1bqr78bi6","correlationId":"corr_dud7aerteuw05b2614qs","metadata":{"method":"POST","url":"http://localhost/api/integrations/stripe/connect","userAgent":null,"ip":null,"statusCode":200,"responseTime":2}}

stdout | tests/integrations/stripe.e2e.test.ts > Stripe Integration E2E (API Key) > Connection Flow > fails with missing params
{"timestamp":"2025-11-30T07:14:39.169Z","level":"info","service":"calibr-api","message":"Request started: POST /api/integrations/stripe/connect","requestId":"req_nq25531txoeu3fj136jur","correlationId":"corr_n2at1lb8l62sos97ckyoh","metadata":{"method":"POST","url":"http://localhost/api/integrations/stripe/connect","userAgent":null,"ip":null,"query":{},"headers":{"content-type":"application/json","accept":null}}}
{"timestamp":"2025-11-30T07:14:39.169Z","level":"warn","service":"calibr-api","message":"Request completed: POST /api/integrations/stripe/connect - 400 (0ms)","requestId":"req_nq25531txoeu3fj136jur","correlationId":"corr_n2at1lb8l62sos97ckyoh","metadata":{"method":"POST","url":"http://localhost/api/integrations/stripe/connect","userAgent":null,"ip":null,"statusCode":400,"responseTime":0}}

stdout | tests/integrations/stripe.e2e.test.ts > Stripe Integration E2E (API Key) > Sync > triggers catalog sync
{"timestamp":"2025-11-30T07:14:39.170Z","level":"info","service":"calibr-api","message":"Request started: POST /api/integrations/stripe/sync/catalog","requestId":"req_42irgy3bzqng9uaq8izgo","correlationId":"corr_755iymayr4mq064f650o6r","metadata":{"method":"POST","url":"http://localhost/api/integrations/stripe/sync/catalog","userAgent":null,"ip":null,"query":{},"headers":{"content-type":"application/json","accept":null}}}
{"timestamp":"2025-11-30T07:14:39.170Z","level":"info","service":"calibr-api","message":"Request completed: POST /api/integrations/stripe/sync/catalog - 200 (0ms)","requestId":"req_42irgy3bzqng9uaq8izgo","correlationId":"corr_755iymayr4mq064f650o6r","metadata":{"method":"POST","url":"http://localhost/api/integrations/stripe/sync/catalog","userAgent":null,"ip":null,"statusCode":200,"responseTime":0}}

 ✓ tests/integrations/stripe.e2e.test.ts  (4 tests) 9ms
stdout | tests/integrations/stripe.e2e.test.ts > Stripe Integration E2E (API Key) > Sync > triggers transaction sync
{"timestamp":"2025-11-30T07:14:39.171Z","level":"info","service":"calibr-api","message":"Request started: POST /api/integrations/stripe/sync/transactions","requestId":"req_hvrwrhh4e5eltdabebuvr","correlationId":"corr_hm1sad1523lqxute8cb1e","metadata":{"method":"POST","url":"http://localhost/api/integrations/stripe/sync/transactions","userAgent":null,"ip":null,"query":{},"headers":{"content-type":"application/json","accept":null}}}
{"timestamp":"2025-11-30T07:14:39.173Z","level":"info","service":"calibr-api","message":"Request completed: POST /api/integrations/stripe/sync/transactions - 200 (2ms)","requestId":"req_hvrwrhh4e5eltdabebuvr","correlationId":"corr_hm1sad1523lqxute8cb1e","metadata":{"method":"POST","url":"http://localhost/api/integrations/stripe/sync/transactions","userAgent":null,"ip":null,"statusCode":200,"responseTime":2}}


 Test Files  1 passed (1)
      Tests  4 passed (4)
   Start at  23:14:39
   Duration  66ms


 PASS  Waiting for file changes...
       press h to show help, press q to quit
       rerun x12
[2K[1A[2K[G[3Jc
 RERUN  tests/integrations/stripe.e2e.test.ts x13

stdout | tests/integrations/stripe.e2e.test.ts > Stripe Integration E2E (API Key) > Connection Flow > connects with valid API key
{"timestamp":"2025-11-30T07:14:53.760Z","level":"info","service":"calibr-api","message":"Request started: POST /api/integrations/stripe/connect","requestId":"req_fuchommrj2bhj827oq977g","correlationId":"corr_6a8nizosmyv90gch58cgtn","metadata":{"method":"POST","url":"http://localhost/api/integrations/stripe/connect","userAgent":null,"ip":null,"query":{},"headers":{"content-type":"application/json","accept":null}}}
{"timestamp":"2025-11-30T07:14:53.763Z","level":"info","service":"calibr-api","message":"Request completed: POST /api/integrations/stripe/connect - 200 (3ms)","requestId":"req_fuchommrj2bhj827oq977g","correlationId":"corr_6a8nizosmyv90gch58cgtn","metadata":{"method":"POST","url":"http://localhost/api/integrations/stripe/connect","userAgent":null,"ip":null,"statusCode":200,"responseTime":3}}

stdout | tests/integrations/stripe.e2e.test.ts > Stripe Integration E2E (API Key) > Connection Flow > fails with missing params
{"timestamp":"2025-11-30T07:14:53.767Z","level":"info","service":"calibr-api","message":"Request started: POST /api/integrations/stripe/connect","requestId":"req_erxqgp59rltx2c0sm4xjc9","correlationId":"corr_hzu75uvql3igujxslhhe55","metadata":{"method":"POST","url":"http://localhost/api/integrations/stripe/connect","userAgent":null,"ip":null,"query":{},"headers":{"content-type":"application/json","accept":null}}}
{"timestamp":"2025-11-30T07:14:53.767Z","level":"warn","service":"calibr-api","message":"Request completed: POST /api/integrations/stripe/connect - 400 (1ms)","requestId":"req_erxqgp59rltx2c0sm4xjc9","correlationId":"corr_hzu75uvql3igujxslhhe55","metadata":{"method":"POST","url":"http://localhost/api/integrations/stripe/connect","userAgent":null,"ip":null,"statusCode":400,"responseTime":1}}

stdout | tests/integrations/stripe.e2e.test.ts > Stripe Integration E2E (API Key) > Sync > triggers catalog sync
{"timestamp":"2025-11-30T07:14:53.768Z","level":"info","service":"calibr-api","message":"Request started: POST /api/integrations/stripe/sync/catalog","requestId":"req_gq6wzq0cwlskmj17bvx35","correlationId":"corr_as0fasnnoz6vefz03dqp8","metadata":{"method":"POST","url":"http://localhost/api/integrations/stripe/sync/catalog","userAgent":null,"ip":null,"query":{},"headers":{"content-type":"application/json","accept":null}}}
{"timestamp":"2025-11-30T07:14:53.768Z","level":"info","service":"calibr-api","message":"Request completed: POST /api/integrations/stripe/sync/catalog - 200 (0ms)","requestId":"req_gq6wzq0cwlskmj17bvx35","correlationId":"corr_as0fasnnoz6vefz03dqp8","metadata":{"method":"POST","url":"http://localhost/api/integrations/stripe/sync/catalog","userAgent":null,"ip":null,"statusCode":200,"responseTime":0}}

stdout | tests/integrations/stripe.e2e.test.ts > Stripe Integration E2E (API Key) > Sync > triggers transaction sync
{"timestamp":"2025-11-30T07:14:53.770Z","level":"info","service":"calibr-api","message":"Request started: POST /api/integrations/stripe/sync/transactions","requestId":"req_4ldrpmnfdydbov49dn3uq","correlationId":"corr_1xuj746d2b12bznfka7snh","metadata":{"method":"POST","url":"http://localhost/api/integrations/stripe/sync/transactions","userAgent":null,"ip":null,"query":{},"headers":{"content-type":"application/json","accept":null}}}
{"timestamp":"2025-11-30T07:14:53.771Z","level":"info","service":"calibr-api","message":"Request completed: POST /api/integrations/stripe/sync/transactions - 200 (1ms)","requestId":"req_4ldrpmnfdydbov49dn3uq","correlationId":"corr_1xuj746d2b12bznfka7snh","metadata":{"method":"POST","url":"http://localhost/api/integrations/stripe/sync/transactions","userAgent":null,"ip":null,"statusCode":200,"responseTime":1}}

 ✓ tests/integrations/stripe.e2e.test.ts  (5 tests) 14ms

 Test Files  1 passed (1)
      Tests  5 passed (5)
   Start at  23:14:53
   Duration  81ms


 PASS  Waiting for file changes...
       press h to show help, press q to quit
       rerun x13
[2K[1A[2K[G[3Jc
 RERUN  tests/integrations/stripe.e2e.test.ts x14

 ❯ tests/integrations/stripe.e2e.test.ts  (0 test)

⎯⎯⎯⎯⎯⎯ Failed Suites 1 ⎯⎯⎯⎯⎯⎯⎯

 FAIL  tests/integrations/stripe.e2e.test.ts [ tests/integrations/stripe.e2e.test.ts ]
Error: Transform failed with 1 error:
/Users/rakes/Documents/antigravity/calibrate/apps/api/tests/integrations/stripe.e2e.test.ts:191:0: ERROR: Unexpected "}"
 ❯ failureErrorWithLog ../../node_modules/.pnpm/esbuild@0.21.5/node_modules/esbuild/lib/main.js:1472:15
 ❯ ../../node_modules/.pnpm/esbuild@0.21.5/node_modules/esbuild/lib/main.js:755:50
 ❯ responseCallbacks.<computed> ../../node_modules/.pnpm/esbuild@0.21.5/node_modules/esbuild/lib/main.js:622:9
 ❯ handleIncomingPacket ../../node_modules/.pnpm/esbuild@0.21.5/node_modules/esbuild/lib/main.js:677:12
 ❯ Socket.readFromStdout ../../node_modules/.pnpm/esbuild@0.21.5/node_modules/esbuild/lib/main.js:600:7
 ❯ Socket.emit node:events:518:28

⎯⎯⎯⎯⎯⎯⎯⎯⎯⎯⎯⎯⎯⎯⎯⎯⎯⎯⎯⎯⎯⎯⎯⎯[1/1]⎯

 Test Files  1 failed (1)
      Tests  no tests
   Start at  23:44:35
   Duration  0ms


 FAIL  Tests failed. Watching for file changes...
       press h to show help, press q to quit
       rerun x14
[2K[1A[2K[G[3Jc
 RERUN  tests/integrations/stripe.e2e.test.ts x15

 ❯ tests/integrations/stripe.e2e.test.ts  (0 test)

⎯⎯⎯⎯⎯⎯ Failed Suites 1 ⎯⎯⎯⎯⎯⎯⎯

 FAIL  tests/integrations/stripe.e2e.test.ts [ tests/integrations/stripe.e2e.test.ts ]
Error: Transform failed with 1 error:
/Users/rakes/Documents/antigravity/calibrate/apps/api/tests/integrations/stripe.e2e.test.ts:97:4: ERROR: Unexpected "}"
 ❯ failureErrorWithLog ../../node_modules/.pnpm/esbuild@0.21.5/node_modules/esbuild/lib/main.js:1472:15
 ❯ ../../node_modules/.pnpm/esbuild@0.21.5/node_modules/esbuild/lib/main.js:755:50
 ❯ responseCallbacks.<computed> ../../node_modules/.pnpm/esbuild@0.21.5/node_modules/esbuild/lib/main.js:622:9
 ❯ handleIncomingPacket ../../node_modules/.pnpm/esbuild@0.21.5/node_modules/esbuild/lib/main.js:677:12
 ❯ Socket.readFromStdout ../../node_modules/.pnpm/esbuild@0.21.5/node_modules/esbuild/lib/main.js:600:7
 ❯ Socket.emit node:events:518:28

⎯⎯⎯⎯⎯⎯⎯⎯⎯⎯⎯⎯⎯⎯⎯⎯⎯⎯⎯⎯⎯⎯⎯⎯[1/1]⎯

 Test Files  1 failed (1)
      Tests  no tests
   Start at  23:44:51
   Duration  0ms


 FAIL  Tests failed. Watching for file changes...
       press h to show help, press q to quit
       rerun x15
[2K[1A[2K[G[3Jc
 RERUN  tests/integrations/stripe.e2e.test.ts x16

 ❯ tests/integrations/stripe.e2e.test.ts  (0 test)

⎯⎯⎯⎯⎯⎯ Failed Suites 1 ⎯⎯⎯⎯⎯⎯⎯

 FAIL  tests/integrations/stripe.e2e.test.ts [ tests/integrations/stripe.e2e.test.ts ]
Error: Transform failed with 1 error:
/Users/rakes/Documents/antigravity/calibrate/apps/api/tests/integrations/stripe.e2e.test.ts:97:0: ERROR: Expected ")" but found "}"
 ❯ failureErrorWithLog ../../node_modules/.pnpm/esbuild@0.21.5/node_modules/esbuild/lib/main.js:1472:15
 ❯ ../../node_modules/.pnpm/esbuild@0.21.5/node_modules/esbuild/lib/main.js:755:50
 ❯ responseCallbacks.<computed> ../../node_modules/.pnpm/esbuild@0.21.5/node_modules/esbuild/lib/main.js:622:9
 ❯ handleIncomingPacket ../../node_modules/.pnpm/esbuild@0.21.5/node_modules/esbuild/lib/main.js:677:12
 ❯ Socket.readFromStdout ../../node_modules/.pnpm/esbuild@0.21.5/node_modules/esbuild/lib/main.js:600:7
 ❯ Socket.emit node:events:518:28

⎯⎯⎯⎯⎯⎯⎯⎯⎯⎯⎯⎯⎯⎯⎯⎯⎯⎯⎯⎯⎯⎯⎯⎯[1/1]⎯

 Test Files  1 failed (1)
      Tests  no tests
   Start at  23:45:01
   Duration  0ms


 FAIL  Tests failed. Watching for file changes...
       press h to show help, press q to quit
       rerun x16
[2K[1A[2K[G[3Jc
 RERUN  tests/integrations/stripe.e2e.test.ts x17

stdout | tests/integrations/stripe.e2e.test.ts > Stripe Integration E2E (API Key) > Connection Flow > connects with valid API key
{"timestamp":"2025-11-30T07:45:13.859Z","level":"info","service":"calibr-api","message":"Request started: POST /api/integrations/stripe/connect","requestId":"req_bo7cbs2vdwp3zbv546hkh6","correlationId":"corr_4bogmhtb5x7vqk4w02tyli","metadata":{"method":"POST","url":"http://localhost/api/integrations/stripe/connect","userAgent":null,"ip":null,"query":{},"headers":{"content-type":"application/json","accept":null}}}
{"timestamp":"2025-11-30T07:45:13.860Z","level":"info","service":"calibr-api","message":"Request completed: POST /api/integrations/stripe/connect - 200 (1ms)","requestId":"req_bo7cbs2vdwp3zbv546hkh6","correlationId":"corr_4bogmhtb5x7vqk4w02tyli","metadata":{"method":"POST","url":"http://localhost/api/integrations/stripe/connect","userAgent":null,"ip":null,"statusCode":200,"responseTime":1}}

stdout | tests/integrations/stripe.e2e.test.ts > Stripe Integration E2E (API Key) > Connection Flow > fails with missing params
{"timestamp":"2025-11-30T07:45:13.862Z","level":"info","service":"calibr-api","message":"Request started: POST /api/integrations/stripe/connect","requestId":"req_vrwqw74gtmievr19eynh7","correlationId":"corr_0wd0s72zw7n01qdfpftzsuv","metadata":{"method":"POST","url":"http://localhost/api/integrations/stripe/connect","userAgent":null,"ip":null,"query":{},"headers":{"content-type":"application/json","accept":null}}}
{"timestamp":"2025-11-30T07:45:13.862Z","level":"warn","service":"calibr-api","message":"Request completed: POST /api/integrations/stripe/connect - 400 (1ms)","requestId":"req_vrwqw74gtmievr19eynh7","correlationId":"corr_0wd0s72zw7n01qdfpftzsuv","metadata":{"method":"POST","url":"http://localhost/api/integrations/stripe/connect","userAgent":null,"ip":null,"statusCode":400,"responseTime":1}}

stdout | tests/integrations/stripe.e2e.test.ts > Stripe Integration E2E (API Key) > Sync > triggers catalog sync and writes to database
{"timestamp":"2025-11-30T07:45:13.862Z","level":"info","service":"calibr-api","message":"Request started: POST /api/integrations/stripe/sync/catalog","requestId":"req_ghff7gzh8qsmnkyxxx1ye","correlationId":"corr_e84wz4ypyo5dqk79xiymz8","metadata":{"method":"POST","url":"http://localhost/api/integrations/stripe/sync/catalog","userAgent":null,"ip":null,"query":{},"headers":{"content-type":"application/json","accept":null}}}

stderr | tests/integrations/stripe.e2e.test.ts > Stripe Integration E2E (API Key) > Sync > triggers catalog sync and writes to database
Stripe catalog sync error: StripeAuthenticationError: Invalid API Key provided: sk_test_123
    at res.toJSON.then.StripeAPIError.message (file:///Users/rakes/Documents/antigravity/calibrate/node_modules/.pnpm/stripe@14.25.0/node_modules/stripe/esm/RequestSender.js:93:31)
    at processTicksAndRejections (node:internal/process/task_queues:95:5) {
  type: 'StripeAuthenticationError',
  raw: {
    message: 'Invalid API Key provided: sk_test_123',
    type: 'invalid_request_error',
    headers: {
      server: 'nginx',
      date: 'Sun, 30 Nov 2025 07:45:14 GMT',
      'content-type': 'application/json',
      'content-length': '113',
      connection: 'keep-alive',
      'access-control-allow-credentials': 'true',
      'access-control-allow-methods': 'GET, HEAD, PUT, PATCH, POST, DELETE',
      'access-control-allow-origin': '*',
      'access-control-expose-headers': 'Request-Id, Stripe-Manage-Version, Stripe-Should-Retry, X-Stripe-External-Auth-Required, X-Stripe-Privileged-Session-Required',
      'access-control-max-age': '300',
      'cache-control': 'no-cache, no-store',
      'content-security-policy': "base-uri 'none'; default-src 'none'; form-action 'none'; frame-ancestors 'none'; img-src 'self'; script-src 'self' 'report-sample'; style-src 'self'; worker-src 'none'; upgrade-insecure-requests; report-uri https://q.stripe.com/csp-violation?q=e-jiKiqrziKXc_sLyTPtZzL0iLxHCffyXMpSTcyb7D7NlwezsXWNwE64or5bnyH7gzHRG0sxGRRSONCD",
      vary: 'Origin',
      'www-authenticate': 'Bearer realm="Stripe"',
      'x-robots-tag': 'none',
      'x-wc': 'ABHIJ',
      'strict-transport-security': 'max-age=63072000; includeSubDomains; preload'
    },
    statusCode: 401,
    requestId: undefined
  },
  rawType: 'invalid_request_error',
  code: undefined,
  doc_url: undefined,
  param: undefined,
  detail: undefined,
  headers: {
    server: 'nginx',
    date: 'Sun, 30 Nov 2025 07:45:14 GMT',
    'content-type': 'application/json',
    'content-length': '113',
    connection: 'keep-alive',
    'access-control-allow-credentials': 'true',
    'access-control-allow-methods': 'GET, HEAD, PUT, PATCH, POST, DELETE',
    'access-control-allow-origin': '*',
    'access-control-expose-headers': 'Request-Id, Stripe-Manage-Version, Stripe-Should-Retry, X-Stripe-External-Auth-Required, X-Stripe-Privileged-Session-Required',
    'access-control-max-age': '300',
    'cache-control': 'no-cache, no-store',
    'content-security-policy': "base-uri 'none'; default-src 'none'; form-action 'none'; frame-ancestors 'none'; img-src 'self'; script-src 'self' 'report-sample'; style-src 'self'; worker-src 'none'; upgrade-insecure-requests; report-uri https://q.stripe.com/csp-violation?q=e-jiKiqrziKXc_sLyTPtZzL0iLxHCffyXMpSTcyb7D7NlwezsXWNwE64or5bnyH7gzHRG0sxGRRSONCD",
    vary: 'Origin',
    'www-authenticate': 'Bearer realm="Stripe"',
    'x-robots-tag': 'none',
    'x-wc': 'ABHIJ',
    'strict-transport-security': 'max-age=63072000; includeSubDomains; preload'
  },
  requestId: undefined,
  statusCode: 401,
  charge: undefined,
  decline_code: undefined,
  payment_intent: undefined,
  payment_method: undefined,
  payment_method_type: undefined,
  setup_intent: undefined,
  source: undefined
}

stdout | tests/integrations/stripe.e2e.test.ts > Stripe Integration E2E (API Key) > Sync > triggers catalog sync and writes to database
{"timestamp":"2025-11-30T07:45:14.112Z","level":"error","service":"calibr-api","message":"Request completed: POST /api/integrations/stripe/sync/catalog - 500 (250ms)","requestId":"req_ghff7gzh8qsmnkyxxx1ye","correlationId":"corr_e84wz4ypyo5dqk79xiymz8","metadata":{"method":"POST","url":"http://localhost/api/integrations/stripe/sync/catalog","userAgent":null,"ip":null,"statusCode":500,"responseTime":250}}

stdout | tests/integrations/stripe.e2e.test.ts > Stripe Integration E2E (API Key) > Sync > triggers transaction sync
{"timestamp":"2025-11-30T07:45:14.116Z","level":"info","service":"calibr-api","message":"Request started: POST /api/integrations/stripe/sync/transactions","requestId":"req_bqyrgji1subyw4rw085nij","correlationId":"corr_v2v360rniramwgz252qwv","metadata":{"method":"POST","url":"http://localhost/api/integrations/stripe/sync/transactions","userAgent":null,"ip":null,"query":{},"headers":{"content-type":"application/json","accept":null}}}

stderr | tests/integrations/stripe.e2e.test.ts > Stripe Integration E2E (API Key) > Sync > triggers transaction sync
Stripe transactions sync error: StripeAuthenticationError: Invalid API Key provided: sk_test_123
    at res.toJSON.then.StripeAPIError.message (file:///Users/rakes/Documents/antigravity/calibrate/node_modules/.pnpm/stripe@14.25.0/node_modules/stripe/esm/RequestSender.js:93:31)
    at processTicksAndRejections (node:internal/process/task_queues:95:5) {
  type: 'StripeAuthenticationError',
  raw: {
    message: 'Invalid API Key provided: sk_test_123',
    type: 'invalid_request_error',
    headers: {
      server: 'nginx',
      date: 'Sun, 30 Nov 2025 07:45:14 GMT',
      'content-type': 'application/json',
      'content-length': '113',
      connection: 'keep-alive',
      'access-control-allow-credentials': 'true',
      'access-control-allow-methods': 'GET, HEAD, PUT, PATCH, POST, DELETE',
      'access-control-allow-origin': '*',
      'access-control-expose-headers': 'Request-Id, Stripe-Manage-Version, Stripe-Should-Retry, X-Stripe-External-Auth-Required, X-Stripe-Privileged-Session-Required',
      'access-control-max-age': '300',
      'cache-control': 'no-cache, no-store',
      'content-security-policy': "base-uri 'none'; default-src 'none'; form-action 'none'; frame-ancestors 'none'; img-src 'self'; script-src 'self' 'report-sample'; style-src 'self'; worker-src 'none'; upgrade-insecure-requests; report-uri https://q.stripe.com/csp-violation?q=e-jiKiqrziKXc_sLyTPtZzL0iLxHCffyXMpSTcyb7D7NlwezsXWNwE64or5bnyH7gzHRG0sxGRRSONCD",
      vary: 'Origin',
      'www-authenticate': 'Bearer realm="Stripe"',
      'x-robots-tag': 'none',
      'x-wc': 'ABHIJ',
      'strict-transport-security': 'max-age=63072000; includeSubDomains; preload'
    },
    statusCode: 401,
    requestId: undefined
  },
  rawType: 'invalid_request_error',
  code: undefined,
  doc_url: undefined,
  param: undefined,
  detail: undefined,
  headers: {
    server: 'nginx',
    date: 'Sun, 30 Nov 2025 07:45:14 GMT',
    'content-type': 'application/json',
    'content-length': '113',
    connection: 'keep-alive',
    'access-control-allow-credentials': 'true',
    'access-control-allow-methods': 'GET, HEAD, PUT, PATCH, POST, DELETE',
    'access-control-allow-origin': '*',
    'access-control-expose-headers': 'Request-Id, Stripe-Manage-Version, Stripe-Should-Retry, X-Stripe-External-Auth-Required, X-Stripe-Privileged-Session-Required',
    'access-control-max-age': '300',
    'cache-control': 'no-cache, no-store',
    'content-security-policy': "base-uri 'none'; default-src 'none'; form-action 'none'; frame-ancestors 'none'; img-src 'self'; script-src 'self' 'report-sample'; style-src 'self'; worker-src 'none'; upgrade-insecure-requests; report-uri https://q.stripe.com/csp-violation?q=e-jiKiqrziKXc_sLyTPtZzL0iLxHCffyXMpSTcyb7D7NlwezsXWNwE64or5bnyH7gzHRG0sxGRRSONCD",
    vary: 'Origin',
    'www-authenticate': 'Bearer realm="Stripe"',
    'x-robots-tag': 'none',
    'x-wc': 'ABHIJ',
    'strict-transport-security': 'max-age=63072000; includeSubDomains; preload'
  },
  requestId: undefined,
  statusCode: 401,
  charge: undefined,
  decline_code: undefined,
  payment_intent: undefined,
  payment_method: undefined,
  payment_method_type: undefined,
  setup_intent: undefined,
  source: undefined
}

stdout | tests/integrations/stripe.e2e.test.ts > Stripe Integration E2E (API Key) > Sync > triggers transaction sync
{"timestamp":"2025-11-30T07:45:14.161Z","level":"error","service":"calibr-api","message":"Request completed: POST /api/integrations/stripe/sync/transactions - 500 (45ms)","requestId":"req_bqyrgji1subyw4rw085nij","correlationId":"corr_v2v360rniramwgz252qwv","metadata":{"method":"POST","url":"http://localhost/api/integrations/stripe/sync/transactions","userAgent":null,"ip":null,"statusCode":500,"responseTime":45}}

 ❯ tests/integrations/stripe.e2e.test.ts  (5 tests | 3 failed) 307ms
   ❯ tests/integrations/stripe.e2e.test.ts > Stripe Integration E2E (API Key) > Sync > triggers catalog sync and writes to database
     → expected 500 to be 200 // Object.is equality
   ❯ tests/integrations/stripe.e2e.test.ts > Stripe Integration E2E (API Key) > Sync > triggers transaction sync
     → expected 500 to be 200 // Object.is equality
   ❯ tests/integrations/stripe.e2e.test.ts > Stripe Integration E2E (API Key) > Transactions API > fetches transactions
     → expected 500 to be 200 // Object.is equality
stderr | tests/integrations/stripe.e2e.test.ts > Stripe Integration E2E (API Key) > Transactions API > fetches transactions
Error fetching transactions: TypeError: Cannot read properties of undefined (reading 'searchParams')
    at Module.GET (/Users/rakes/Documents/antigravity/calibrate/apps/api/app/api/projects/[slug]/transactions/route.ts:10:36)
    at processTicksAndRejections (node:internal/process/task_queues:95:5)
    at /Users/rakes/Documents/antigravity/calibrate/apps/api/tests/integrations/stripe.e2e.test.ts:234:25
    at runTest (file:///Users/rakes/Documents/antigravity/calibrate/node_modules/.pnpm/@vitest+runner@1.6.1/node_modules/@vitest/runner/dist/index.js:781:11)
    at runSuite (file:///Users/rakes/Documents/antigravity/calibrate/node_modules/.pnpm/@vitest+runner@1.6.1/node_modules/@vitest/runner/dist/index.js:909:15)
    at runSuite (file:///Users/rakes/Documents/antigravity/calibrate/node_modules/.pnpm/@vitest+runner@1.6.1/node_modules/@vitest/runner/dist/index.js:909:15)
    at runSuite (file:///Users/rakes/Documents/antigravity/calibrate/node_modules/.pnpm/@vitest+runner@1.6.1/node_modules/@vitest/runner/dist/index.js:909:15)
    at runFiles (file:///Users/rakes/Documents/antigravity/calibrate/node_modules/.pnpm/@vitest+runner@1.6.1/node_modules/@vitest/runner/dist/index.js:958:5)
    at startTests (file:///Users/rakes/Documents/antigravity/calibrate/node_modules/.pnpm/@vitest+runner@1.6.1/node_modules/@vitest/runner/dist/index.js:967:3)
    at file:///Users/rakes/Documents/antigravity/calibrate/node_modules/.pnpm/vitest@1.6.1_@types+node@20.19.22_@vitest+ui@4.0.4_jsdom@22.1.0/node_modules/vitest/dist/chunks/runtime-runBaseTests.oAvMKtQC.js:116:7


⎯⎯⎯⎯⎯⎯⎯ Failed Tests 3 ⎯⎯⎯⎯⎯⎯⎯

 FAIL  tests/integrations/stripe.e2e.test.ts > Stripe Integration E2E (API Key) > Sync > triggers catalog sync and writes to database
AssertionError: expected 500 to be 200 // Object.is equality

- Expected
+ Received

- 200
+ 500

 ❯ tests/integrations/stripe.e2e.test.ts:175:32
    173|             const body = await res.json()
    174| 
    175|             expect(res.status).toBe(200)
       |                                ^
    176|             expect(body.success).toBe(true)
    177| 

⎯⎯⎯⎯⎯⎯⎯⎯⎯⎯⎯⎯⎯⎯⎯⎯⎯⎯⎯⎯⎯⎯⎯⎯[1/3]⎯

 FAIL  tests/integrations/stripe.e2e.test.ts > Stripe Integration E2E (API Key) > Sync > triggers transaction sync
AssertionError: expected 500 to be 200 // Object.is equality

- Expected
+ Received

- 200
+ 500

 ❯ tests/integrations/stripe.e2e.test.ts:211:32
    209|             const body = await res.json()
    210| 
    211|             expect(res.status).toBe(200)
       |                                ^
    212|             expect(body.success).toBe(true)
    213|         })

⎯⎯⎯⎯⎯⎯⎯⎯⎯⎯⎯⎯⎯⎯⎯⎯⎯⎯⎯⎯⎯⎯⎯⎯[2/3]⎯

 FAIL  tests/integrations/stripe.e2e.test.ts > Stripe Integration E2E (API Key) > Transactions API > fetches transactions
AssertionError: expected 500 to be 200 // Object.is equality

- Expected
+ Received

- 200
+ 500

 ❯ tests/integrations/stripe.e2e.test.ts:237:32
    235|             const body = await res.json()
    236| 
    237|             expect(res.status).toBe(200)
       |                                ^
    238|             expect(body.data).toHaveLength(1)
    239|             expect(body.data[0].id).toBe('txn1')

⎯⎯⎯⎯⎯⎯⎯⎯⎯⎯⎯⎯⎯⎯⎯⎯⎯⎯⎯⎯⎯⎯⎯⎯[3/3]⎯

 Test Files  1 failed (1)
      Tests  3 failed | 2 passed (5)
   Start at  23:45:13
   Duration  731ms


 FAIL  Tests failed. Watching for file changes...
       press h to show help, press q to quit
       rerun x17
[2K[1A[2K[G[3Jc
 RERUN  tests/integrations/stripe.e2e.test.ts x18

stdout | tests/integrations/stripe.e2e.test.ts > Stripe Integration E2E (API Key) > Connection Flow > connects with valid API key
{"timestamp":"2025-11-30T07:46:39.702Z","level":"info","service":"calibr-api","message":"Request started: POST /api/integrations/stripe/connect","requestId":"req_dsune42e57ggaxko7w5ji7","correlationId":"corr_e3bwo6v9suid9cx85q57kg","metadata":{"method":"POST","url":"http://localhost/api/integrations/stripe/connect","userAgent":null,"ip":null,"query":{},"headers":{"content-type":"application/json","accept":null}}}

stderr | tests/integrations/stripe.e2e.test.ts > Stripe Integration E2E (API Key) > Connection Flow > connects with valid API key
Stripe validation error: StripeAuthenticationError: Invalid API Key provided: sk_test_123
    at res.toJSON.then.StripeAPIError.message (file:///Users/rakes/Documents/antigravity/calibrate/node_modules/.pnpm/stripe@14.25.0/node_modules/stripe/esm/RequestSender.js:93:31)
    at processTicksAndRejections (node:internal/process/task_queues:95:5) {
  type: 'StripeAuthenticationError',
  raw: {
    message: 'Invalid API Key provided: sk_test_123',
    type: 'invalid_request_error',
    headers: {
      server: 'nginx',
      date: 'Sun, 30 Nov 2025 07:46:39 GMT',
      'content-type': 'application/json',
      'content-length': '113',
      connection: 'keep-alive',
      'access-control-allow-credentials': 'true',
      'access-control-allow-methods': 'GET, HEAD, PUT, PATCH, POST, DELETE',
      'access-control-allow-origin': '*',
      'access-control-expose-headers': 'Request-Id, Stripe-Manage-Version, Stripe-Should-Retry, X-Stripe-External-Auth-Required, X-Stripe-Privileged-Session-Required',
      'access-control-max-age': '300',
      'cache-control': 'no-cache, no-store',
      'content-security-policy': "base-uri 'none'; default-src 'none'; form-action 'none'; frame-ancestors 'none'; img-src 'self'; script-src 'self' 'report-sample'; style-src 'self'; worker-src 'none'; upgrade-insecure-requests; report-uri https://q.stripe.com/csp-violation?q=jmvhij5rwoDQl3m_jGIOH9T98YAa3UiqHitmDvztu4gLvyHvu2dpNCgrMkcGUaYWCu53hCQEHyi8uI48",
      vary: 'Origin',
      'www-authenticate': 'Bearer realm="Stripe"',
      'x-robots-tag': 'none',
      'x-wc': 'ABHIJ',
      'strict-transport-security': 'max-age=63072000; includeSubDomains; preload'
    },
    statusCode: 401,
    requestId: undefined
  },
  rawType: 'invalid_request_error',
  code: undefined,
  doc_url: undefined,
  param: undefined,
  detail: undefined,
  headers: {
    server: 'nginx',
    date: 'Sun, 30 Nov 2025 07:46:39 GMT',
    'content-type': 'application/json',
    'content-length': '113',
    connection: 'keep-alive',
    'access-control-allow-credentials': 'true',
    'access-control-allow-methods': 'GET, HEAD, PUT, PATCH, POST, DELETE',
    'access-control-allow-origin': '*',
    'access-control-expose-headers': 'Request-Id, Stripe-Manage-Version, Stripe-Should-Retry, X-Stripe-External-Auth-Required, X-Stripe-Privileged-Session-Required',
    'access-control-max-age': '300',
    'cache-control': 'no-cache, no-store',
    'content-security-policy': "base-uri 'none'; default-src 'none'; form-action 'none'; frame-ancestors 'none'; img-src 'self'; script-src 'self' 'report-sample'; style-src 'self'; worker-src 'none'; upgrade-insecure-requests; report-uri https://q.stripe.com/csp-violation?q=jmvhij5rwoDQl3m_jGIOH9T98YAa3UiqHitmDvztu4gLvyHvu2dpNCgrMkcGUaYWCu53hCQEHyi8uI48",
    vary: 'Origin',
    'www-authenticate': 'Bearer realm="Stripe"',
    'x-robots-tag': 'none',
    'x-wc': 'ABHIJ',
    'strict-transport-security': 'max-age=63072000; includeSubDomains; preload'
  },
  requestId: undefined,
  statusCode: 401,
  charge: undefined,
  decline_code: undefined,
  payment_intent: undefined,
  payment_method: undefined,
  payment_method_type: undefined,
  setup_intent: undefined,
  source: undefined
}

stdout | tests/integrations/stripe.e2e.test.ts > Stripe Integration E2E (API Key) > Connection Flow > connects with valid API key
{"timestamp":"2025-11-30T07:46:39.916Z","level":"warn","service":"calibr-api","message":"Request completed: POST /api/integrations/stripe/connect - 400 (215ms)","requestId":"req_dsune42e57ggaxko7w5ji7","correlationId":"corr_e3bwo6v9suid9cx85q57kg","metadata":{"method":"POST","url":"http://localhost/api/integrations/stripe/connect","userAgent":null,"ip":null,"statusCode":400,"responseTime":215}}

stdout | tests/integrations/stripe.e2e.test.ts > Stripe Integration E2E (API Key) > Connection Flow > fails with missing params
{"timestamp":"2025-11-30T07:46:39.920Z","level":"info","service":"calibr-api","message":"Request started: POST /api/integrations/stripe/connect","requestId":"req_rvgcupftmwknyi78wdh7k","correlationId":"corr_ahs31ix1wnb714hrh4691h","metadata":{"method":"POST","url":"http://localhost/api/integrations/stripe/connect","userAgent":null,"ip":null,"query":{},"headers":{"content-type":"application/json","accept":null}}}
{"timestamp":"2025-11-30T07:46:39.920Z","level":"warn","service":"calibr-api","message":"Request completed: POST /api/integrations/stripe/connect - 400 (0ms)","requestId":"req_rvgcupftmwknyi78wdh7k","correlationId":"corr_ahs31ix1wnb714hrh4691h","metadata":{"method":"POST","url":"http://localhost/api/integrations/stripe/connect","userAgent":null,"ip":null,"statusCode":400,"responseTime":0}}

stdout | tests/integrations/stripe.e2e.test.ts > Stripe Integration E2E (API Key) > Sync > triggers catalog sync and writes to database
{"timestamp":"2025-11-30T07:46:39.921Z","level":"info","service":"calibr-api","message":"Request started: POST /api/integrations/stripe/sync/catalog","requestId":"req_ozyrp55lidkmw08cpshoh","correlationId":"corr_b9qij1n4gzmx4ycleqx5r","metadata":{"method":"POST","url":"http://localhost/api/integrations/stripe/sync/catalog","userAgent":null,"ip":null,"query":{},"headers":{"content-type":"application/json","accept":null}}}
{"timestamp":"2025-11-30T07:46:39.923Z","level":"error","service":"calibr-api","message":"Request completed: POST /api/integrations/stripe/sync/catalog - 500 (2ms)","requestId":"req_ozyrp55lidkmw08cpshoh","correlationId":"corr_b9qij1n4gzmx4ycleqx5r","metadata":{"method":"POST","url":"http://localhost/api/integrations/stripe/sync/catalog","userAgent":null,"ip":null,"statusCode":500,"responseTime":2}}

stderr | tests/integrations/stripe.e2e.test.ts > Stripe Integration E2E (API Key) > Sync > triggers catalog sync and writes to database
Stripe catalog sync error: Error: Stripe API Key is not defined
    at new StripeService (/Users/rakes/Documents/antigravity/calibrate/packages/connectors/src/stripe/StripeService.ts:9:19)
    at /Users/rakes/Documents/antigravity/calibrate/apps/api/app/api/integrations/stripe/sync/catalog/route.ts:17:31
    at processTicksAndRejections (node:internal/process/task_queues:95:5)
    at /Users/rakes/Documents/antigravity/calibrate/apps/api/lib/monitoring.ts:187:24
    at /Users/rakes/Documents/antigravity/calibrate/apps/api/lib/security-headers.ts:170:22
    at Module.<anonymous> (/Users/rakes/Documents/antigravity/calibrate/apps/api/lib/security-headers.ts:340:22)
    at /Users/rakes/Documents/antigravity/calibrate/apps/api/tests/integrations/stripe.e2e.test.ts:179:25
    at runTest (file:///Users/rakes/Documents/antigravity/calibrate/node_modules/.pnpm/@vitest+runner@1.6.1/node_modules/@vitest/runner/dist/index.js:781:11)
    at runSuite (file:///Users/rakes/Documents/antigravity/calibrate/node_modules/.pnpm/@vitest+runner@1.6.1/node_modules/@vitest/runner/dist/index.js:909:15)
    at runSuite (file:///Users/rakes/Documents/antigravity/calibrate/node_modules/.pnpm/@vitest+runner@1.6.1/node_modules/@vitest/runner/dist/index.js:909:15)

stdout | tests/integrations/stripe.e2e.test.ts > Stripe Integration E2E (API Key) > Sync > triggers transaction sync
{"timestamp":"2025-11-30T07:46:39.923Z","level":"info","service":"calibr-api","message":"Request started: POST /api/integrations/stripe/sync/transactions","requestId":"req_le28unmgsxiqma91ig68zr","correlationId":"corr_p3q2in6ufkgeixvvaqrko","metadata":{"method":"POST","url":"http://localhost/api/integrations/stripe/sync/transactions","userAgent":null,"ip":null,"query":{},"headers":{"content-type":"application/json","accept":null}}}
{"timestamp":"2025-11-30T07:46:39.924Z","level":"error","service":"calibr-api","message":"Request completed: POST /api/integrations/stripe/sync/transactions - 500 (1ms)","requestId":"req_le28unmgsxiqma91ig68zr","correlationId":"corr_p3q2in6ufkgeixvvaqrko","metadata":{"method":"POST","url":"http://localhost/api/integrations/stripe/sync/transactions","userAgent":null,"ip":null,"statusCode":500,"responseTime":1}}

stderr | tests/integrations/stripe.e2e.test.ts > Stripe Integration E2E (API Key) > Sync > triggers transaction sync
Stripe transactions sync error: Error: Stripe API Key is not defined
    at new StripeService (/Users/rakes/Documents/antigravity/calibrate/packages/connectors/src/stripe/StripeService.ts:9:19)
    at /Users/rakes/Documents/antigravity/calibrate/apps/api/app/api/integrations/stripe/sync/transactions/route.ts:17:31
    at processTicksAndRejections (node:internal/process/task_queues:95:5)
    at /Users/rakes/Documents/antigravity/calibrate/apps/api/lib/monitoring.ts:187:24
    at /Users/rakes/Documents/antigravity/calibrate/apps/api/lib/security-headers.ts:170:22
    at Module.<anonymous> (/Users/rakes/Documents/antigravity/calibrate/apps/api/lib/security-headers.ts:340:22)
    at /Users/rakes/Documents/antigravity/calibrate/apps/api/tests/integrations/stripe.e2e.test.ts:215:25
    at runTest (file:///Users/rakes/Documents/antigravity/calibrate/node_modules/.pnpm/@vitest+runner@1.6.1/node_modules/@vitest/runner/dist/index.js:781:11)
    at runSuite (file:///Users/rakes/Documents/antigravity/calibrate/node_modules/.pnpm/@vitest+runner@1.6.1/node_modules/@vitest/runner/dist/index.js:909:15)
    at runSuite (file:///Users/rakes/Documents/antigravity/calibrate/node_modules/.pnpm/@vitest+runner@1.6.1/node_modules/@vitest/runner/dist/index.js:909:15)

 ❯ tests/integrations/stripe.e2e.test.ts  (5 tests | 3 failed) 228ms
   ❯ tests/integrations/stripe.e2e.test.ts > Stripe Integration E2E (API Key) > Connection Flow > connects with valid API key
     → expected 400 to be 200 // Object.is equality
   ❯ tests/integrations/stripe.e2e.test.ts > Stripe Integration E2E (API Key) > Sync > triggers catalog sync and writes to database
     → expected 500 to be 200 // Object.is equality
   ❯ tests/integrations/stripe.e2e.test.ts > Stripe Integration E2E (API Key) > Sync > triggers transaction sync
     → expected 500 to be 200 // Object.is equality

⎯⎯⎯⎯⎯⎯⎯ Failed Tests 3 ⎯⎯⎯⎯⎯⎯⎯

 FAIL  tests/integrations/stripe.e2e.test.ts > Stripe Integration E2E (API Key) > Connection Flow > connects with valid API key
AssertionError: expected 400 to be 200 // Object.is equality

- Expected
+ Received

- 200
+ 400

 ❯ tests/integrations/stripe.e2e.test.ts:137:32
    135|             const body = await res.json()
    136| 
    137|             expect(res.status).toBe(200)
       |                                ^
    138|             expect(body.success).toBe(true)
    139|             expect(body.accountId).toBe('acct_test123')

⎯⎯⎯⎯⎯⎯⎯⎯⎯⎯⎯⎯⎯⎯⎯⎯⎯⎯⎯⎯⎯⎯⎯⎯[1/3]⎯

 FAIL  tests/integrations/stripe.e2e.test.ts > Stripe Integration E2E (API Key) > Sync > triggers catalog sync and writes to database
AssertionError: expected 500 to be 200 // Object.is equality

- Expected
+ Received

- 200
+ 500

 ❯ tests/integrations/stripe.e2e.test.ts:182:32
    180|             const body = await res.json()
    181| 
    182|             expect(res.status).toBe(200)
       |                                ^
    183|             expect(body.success).toBe(true)
    184| 

⎯⎯⎯⎯⎯⎯⎯⎯⎯⎯⎯⎯⎯⎯⎯⎯⎯⎯⎯⎯⎯⎯⎯⎯[2/3]⎯

 FAIL  tests/integrations/stripe.e2e.test.ts > Stripe Integration E2E (API Key) > Sync > triggers transaction sync
AssertionError: expected 500 to be 200 // Object.is equality

- Expected
+ Received

- 200
+ 500

 ❯ tests/integrations/stripe.e2e.test.ts:218:32
    216|             const body = await res.json()
    217| 
    218|             expect(res.status).toBe(200)
       |                                ^
    219|             expect(body.success).toBe(true)
    220|         })

⎯⎯⎯⎯⎯⎯⎯⎯⎯⎯⎯⎯⎯⎯⎯⎯⎯⎯⎯⎯⎯⎯⎯⎯[3/3]⎯

 Test Files  1 failed (1)
      Tests  3 failed | 2 passed (5)
   Start at  23:46:39
   Duration  433ms


 FAIL  Tests failed. Watching for file changes...
       press h to show help, press q to quit
       rerun x18
[2K[1A[2K[G[3Jc
 RERUN  tests/integrations/stripe.e2e.test.ts x19

stdout | tests/integrations/stripe.e2e.test.ts > Stripe Integration E2E (API Key) > Connection Flow > connects with valid API key
{"timestamp":"2025-11-30T07:46:50.560Z","level":"info","service":"calibr-api","message":"Request started: POST /api/integrations/stripe/connect","requestId":"req_2s91hzf0f03ko8y34ggep","correlationId":"corr_cdmdv6mu0kpk4gddjdt7hl","metadata":{"method":"POST","url":"http://localhost/api/integrations/stripe/connect","userAgent":null,"ip":null,"query":{},"headers":{"content-type":"application/json","accept":null}}}

stderr | tests/integrations/stripe.e2e.test.ts > Stripe Integration E2E (API Key) > Connection Flow > connects with valid API key
Stripe validation error: StripeAuthenticationError: Invalid API Key provided: sk_test_123
    at res.toJSON.then.StripeAPIError.message (file:///Users/rakes/Documents/antigravity/calibrate/node_modules/.pnpm/stripe@14.25.0/node_modules/stripe/esm/RequestSender.js:93:31)
    at processTicksAndRejections (node:internal/process/task_queues:95:5) {
  type: 'StripeAuthenticationError',
  raw: {
    message: 'Invalid API Key provided: sk_test_123',
    type: 'invalid_request_error',
    headers: {
      server: 'nginx',
      date: 'Sun, 30 Nov 2025 07:46:50 GMT',
      'content-type': 'application/json',
      'content-length': '113',
      connection: 'keep-alive',
      'access-control-allow-credentials': 'true',
      'access-control-allow-methods': 'GET, HEAD, PUT, PATCH, POST, DELETE',
      'access-control-allow-origin': '*',
      'access-control-expose-headers': 'Request-Id, Stripe-Manage-Version, Stripe-Should-Retry, X-Stripe-External-Auth-Required, X-Stripe-Privileged-Session-Required',
      'access-control-max-age': '300',
      'cache-control': 'no-cache, no-store',
      'content-security-policy': "base-uri 'none'; default-src 'none'; form-action 'none'; frame-ancestors 'none'; img-src 'self'; script-src 'self' 'report-sample'; style-src 'self'; worker-src 'none'; upgrade-insecure-requests; report-uri https://q.stripe.com/csp-violation?q=3GehAF0Wq-ZmYlzOu3V1b7jUE0MzXLWMXP0AEvMtYGbSoMH-XWlWCfvhPR_FXmbPjAW1J5-__z2-D_-v",
      vary: 'Origin',
      'www-authenticate': 'Bearer realm="Stripe"',
      'x-robots-tag': 'none',
      'x-wc': 'ABHIJ',
      'strict-transport-security': 'max-age=63072000; includeSubDomains; preload'
    },
    statusCode: 401,
    requestId: undefined
  },
  rawType: 'invalid_request_error',
  code: undefined,
  doc_url: undefined,
  param: undefined,
  detail: undefined,
  headers: {
    server: 'nginx',
    date: 'Sun, 30 Nov 2025 07:46:50 GMT',
    'content-type': 'application/json',
    'content-length': '113',
    connection: 'keep-alive',
    'access-control-allow-credentials': 'true',
    'access-control-allow-methods': 'GET, HEAD, PUT, PATCH, POST, DELETE',
    'access-control-allow-origin': '*',
    'access-control-expose-headers': 'Request-Id, Stripe-Manage-Version, Stripe-Should-Retry, X-Stripe-External-Auth-Required, X-Stripe-Privileged-Session-Required',
    'access-control-max-age': '300',
    'cache-control': 'no-cache, no-store',
    'content-security-policy': "base-uri 'none'; default-src 'none'; form-action 'none'; frame-ancestors 'none'; img-src 'self'; script-src 'self' 'report-sample'; style-src 'self'; worker-src 'none'; upgrade-insecure-requests; report-uri https://q.stripe.com/csp-violation?q=3GehAF0Wq-ZmYlzOu3V1b7jUE0MzXLWMXP0AEvMtYGbSoMH-XWlWCfvhPR_FXmbPjAW1J5-__z2-D_-v",
    vary: 'Origin',
    'www-authenticate': 'Bearer realm="Stripe"',
    'x-robots-tag': 'none',
    'x-wc': 'ABHIJ',
    'strict-transport-security': 'max-age=63072000; includeSubDomains; preload'
  },
  requestId: undefined,
  statusCode: 401,
  charge: undefined,
  decline_code: undefined,
  payment_intent: undefined,
  payment_method: undefined,
  payment_method_type: undefined,
  setup_intent: undefined,
  source: undefined
}

stdout | tests/integrations/stripe.e2e.test.ts > Stripe Integration E2E (API Key) > Connection Flow > connects with valid API key
{"timestamp":"2025-11-30T07:46:50.697Z","level":"warn","service":"calibr-api","message":"Request completed: POST /api/integrations/stripe/connect - 400 (137ms)","requestId":"req_2s91hzf0f03ko8y34ggep","correlationId":"corr_cdmdv6mu0kpk4gddjdt7hl","metadata":{"method":"POST","url":"http://localhost/api/integrations/stripe/connect","userAgent":null,"ip":null,"statusCode":400,"responseTime":137}}

stdout | tests/integrations/stripe.e2e.test.ts > Stripe Integration E2E (API Key) > Connection Flow > fails with missing params
{"timestamp":"2025-11-30T07:46:50.701Z","level":"info","service":"calibr-api","message":"Request started: POST /api/integrations/stripe/connect","requestId":"req_q115ucbl79p3ax6or4r3wc","correlationId":"corr_cdtrgxcwv2qcrccuocbfnf","metadata":{"method":"POST","url":"http://localhost/api/integrations/stripe/connect","userAgent":null,"ip":null,"query":{},"headers":{"content-type":"application/json","accept":null}}}
{"timestamp":"2025-11-30T07:46:50.701Z","level":"warn","service":"calibr-api","message":"Request completed: POST /api/integrations/stripe/connect - 400 (0ms)","requestId":"req_q115ucbl79p3ax6or4r3wc","correlationId":"corr_cdtrgxcwv2qcrccuocbfnf","metadata":{"method":"POST","url":"http://localhost/api/integrations/stripe/connect","userAgent":null,"ip":null,"statusCode":400,"responseTime":0}}

stdout | tests/integrations/stripe.e2e.test.ts > Stripe Integration E2E (API Key) > Sync > triggers catalog sync and writes to database
{"timestamp":"2025-11-30T07:46:50.701Z","level":"info","service":"calibr-api","message":"Request started: POST /api/integrations/stripe/sync/catalog","requestId":"req_l2mk09eapw6hm0o264gen","correlationId":"corr_aj5vf6r9xxc6fzpkdxqjnd","metadata":{"method":"POST","url":"http://localhost/api/integrations/stripe/sync/catalog","userAgent":null,"ip":null,"query":{},"headers":{"content-type":"application/json","accept":null}}}
{"timestamp":"2025-11-30T07:46:50.702Z","level":"error","service":"calibr-api","message":"Request completed: POST /api/integrations/stripe/sync/catalog - 500 (1ms)","requestId":"req_l2mk09eapw6hm0o264gen","correlationId":"corr_aj5vf6r9xxc6fzpkdxqjnd","metadata":{"method":"POST","url":"http://localhost/api/integrations/stripe/sync/catalog","userAgent":null,"ip":null,"statusCode":500,"responseTime":1}}

stderr | tests/integrations/stripe.e2e.test.ts > Stripe Integration E2E (API Key) > Sync > triggers catalog sync and writes to database
Stripe catalog sync error: Error: Stripe API Key is not defined
    at new StripeService (/Users/rakes/Documents/antigravity/calibrate/packages/connectors/src/stripe/StripeService.ts:9:19)
    at /Users/rakes/Documents/antigravity/calibrate/apps/api/app/api/integrations/stripe/sync/catalog/route.ts:17:31
    at processTicksAndRejections (node:internal/process/task_queues:95:5)
    at /Users/rakes/Documents/antigravity/calibrate/apps/api/lib/monitoring.ts:187:24
    at /Users/rakes/Documents/antigravity/calibrate/apps/api/lib/security-headers.ts:170:22
    at Module.<anonymous> (/Users/rakes/Documents/antigravity/calibrate/apps/api/lib/security-headers.ts:340:22)
    at /Users/rakes/Documents/antigravity/calibrate/apps/api/tests/integrations/stripe.e2e.test.ts:181:25
    at runTest (file:///Users/rakes/Documents/antigravity/calibrate/node_modules/.pnpm/@vitest+runner@1.6.1/node_modules/@vitest/runner/dist/index.js:781:11)
    at runSuite (file:///Users/rakes/Documents/antigravity/calibrate/node_modules/.pnpm/@vitest+runner@1.6.1/node_modules/@vitest/runner/dist/index.js:909:15)
    at runSuite (file:///Users/rakes/Documents/antigravity/calibrate/node_modules/.pnpm/@vitest+runner@1.6.1/node_modules/@vitest/runner/dist/index.js:909:15)

stdout | tests/integrations/stripe.e2e.test.ts > Stripe Integration E2E (API Key) > Sync > triggers transaction sync
{"timestamp":"2025-11-30T07:46:50.703Z","level":"info","service":"calibr-api","message":"Request started: POST /api/integrations/stripe/sync/transactions","requestId":"req_uzq3dag7blbqy3upgg3d","correlationId":"corr_p9hoh50mygqbn1nw6zskk","metadata":{"method":"POST","url":"http://localhost/api/integrations/stripe/sync/transactions","userAgent":null,"ip":null,"query":{},"headers":{"content-type":"application/json","accept":null}}}
{"timestamp":"2025-11-30T07:46:50.704Z","level":"error","service":"calibr-api","message":"Request completed: POST /api/integrations/stripe/sync/transactions - 500 (1ms)","requestId":"req_uzq3dag7blbqy3upgg3d","correlationId":"corr_p9hoh50mygqbn1nw6zskk","metadata":{"method":"POST","url":"http://localhost/api/integrations/stripe/sync/transactions","userAgent":null,"ip":null,"statusCode":500,"responseTime":1}}

stderr | tests/integrations/stripe.e2e.test.ts > Stripe Integration E2E (API Key) > Sync > triggers transaction sync
Stripe transactions sync error: Error: Stripe API Key is not defined
    at new StripeService (/Users/rakes/Documents/antigravity/calibrate/packages/connectors/src/stripe/StripeService.ts:9:19)
    at /Users/rakes/Documents/antigravity/calibrate/apps/api/app/api/integrations/stripe/sync/transactions/route.ts:17:31
    at processTicksAndRejections (node:internal/process/task_queues:95:5)
    at /Users/rakes/Documents/antigravity/calibrate/apps/api/lib/monitoring.ts:187:24
    at /Users/rakes/Documents/antigravity/calibrate/apps/api/lib/security-headers.ts:170:22
    at Module.<anonymous> (/Users/rakes/Documents/antigravity/calibrate/apps/api/lib/security-headers.ts:340:22)
    at /Users/rakes/Documents/antigravity/calibrate/apps/api/tests/integrations/stripe.e2e.test.ts:217:25
    at runTest (file:///Users/rakes/Documents/antigravity/calibrate/node_modules/.pnpm/@vitest+runner@1.6.1/node_modules/@vitest/runner/dist/index.js:781:11)
    at runSuite (file:///Users/rakes/Documents/antigravity/calibrate/node_modules/.pnpm/@vitest+runner@1.6.1/node_modules/@vitest/runner/dist/index.js:909:15)
    at runSuite (file:///Users/rakes/Documents/antigravity/calibrate/node_modules/.pnpm/@vitest+runner@1.6.1/node_modules/@vitest/runner/dist/index.js:909:15)

 ❯ tests/integrations/stripe.e2e.test.ts  (5 tests | 3 failed) 148ms
   ❯ tests/integrations/stripe.e2e.test.ts > Stripe Integration E2E (API Key) > Connection Flow > connects with valid API key
     → expected 400 to be 200 // Object.is equality
   ❯ tests/integrations/stripe.e2e.test.ts > Stripe Integration E2E (API Key) > Sync > triggers catalog sync and writes to database
     → expected 500 to be 200 // Object.is equality
   ❯ tests/integrations/stripe.e2e.test.ts > Stripe Integration E2E (API Key) > Sync > triggers transaction sync
     → expected 500 to be 200 // Object.is equality

⎯⎯⎯⎯⎯⎯⎯ Failed Tests 3 ⎯⎯⎯⎯⎯⎯⎯

 FAIL  tests/integrations/stripe.e2e.test.ts > Stripe Integration E2E (API Key) > Connection Flow > connects with valid API key
AssertionError: expected 400 to be 200 // Object.is equality

- Expected
+ Received

- 200
+ 400

 ❯ tests/integrations/stripe.e2e.test.ts:139:32
    137|             const body = await res.json()
    138| 
    139|             expect(res.status).toBe(200)
       |                                ^
    140|             expect(body.success).toBe(true)
    141|             expect(body.accountId).toBe('acct_test123')

⎯⎯⎯⎯⎯⎯⎯⎯⎯⎯⎯⎯⎯⎯⎯⎯⎯⎯⎯⎯⎯⎯⎯⎯[1/3]⎯

 FAIL  tests/integrations/stripe.e2e.test.ts > Stripe Integration E2E (API Key) > Sync > triggers catalog sync and writes to database
AssertionError: expected 500 to be 200 // Object.is equality

- Expected
+ Received

- 200
+ 500

 ❯ tests/integrations/stripe.e2e.test.ts:184:32
    182|             const body = await res.json()
    183| 
    184|             expect(res.status).toBe(200)
       |                                ^
    185|             expect(body.success).toBe(true)
    186| 

⎯⎯⎯⎯⎯⎯⎯⎯⎯⎯⎯⎯⎯⎯⎯⎯⎯⎯⎯⎯⎯⎯⎯⎯[2/3]⎯

 FAIL  tests/integrations/stripe.e2e.test.ts > Stripe Integration E2E (API Key) > Sync > triggers transaction sync
AssertionError: expected 500 to be 200 // Object.is equality

- Expected
+ Received

- 200
+ 500

 ❯ tests/integrations/stripe.e2e.test.ts:220:32
    218|             const body = await res.json()
    219| 
    220|             expect(res.status).toBe(200)
       |                                ^
    221|             expect(body.success).toBe(true)
    222|         })

⎯⎯⎯⎯⎯⎯⎯⎯⎯⎯⎯⎯⎯⎯⎯⎯⎯⎯⎯⎯⎯⎯⎯⎯[3/3]⎯

 Test Files  1 failed (1)
      Tests  3 failed | 2 passed (5)
   Start at  23:46:50
   Duration  359ms


 FAIL  Tests failed. Watching for file changes...
       press h to show help, press q to quit
       rerun x19
[2K[1A[2K[G[3Jc
 RERUN  tests/integrations/stripe.e2e.test.ts x20

stdout | tests/integrations/stripe.e2e.test.ts > Stripe Integration E2E (API Key) > Connection Flow > connects with valid API key
{"timestamp":"2025-11-30T07:47:53.641Z","level":"info","service":"calibr-api","message":"Request started: POST /api/integrations/stripe/connect","requestId":"req_zxz1vtxzufddxmyzerkw8","correlationId":"corr_90pbsgtnvo5ewnv4g7pr6r","metadata":{"method":"POST","url":"http://localhost/api/integrations/stripe/connect","userAgent":null,"ip":null,"query":{},"headers":{"content-type":"application/json","accept":null}}}

stderr | tests/integrations/stripe.e2e.test.ts > Stripe Integration E2E (API Key) > Connection Flow > connects with valid API key
Stripe validation error: StripeAuthenticationError: Invalid API Key provided: sk_test_123
    at res.toJSON.then.StripeAPIError.message (file:///Users/rakes/Documents/antigravity/calibrate/node_modules/.pnpm/stripe@14.25.0/node_modules/stripe/esm/RequestSender.js:93:31)
    at processTicksAndRejections (node:internal/process/task_queues:95:5) {
  type: 'StripeAuthenticationError',
  raw: {
    message: 'Invalid API Key provided: sk_test_123',
    type: 'invalid_request_error',
    headers: {
      server: 'nginx',
      date: 'Sun, 30 Nov 2025 07:47:53 GMT',
      'content-type': 'application/json',
      'content-length': '113',
      connection: 'keep-alive',
      'access-control-allow-credentials': 'true',
      'access-control-allow-methods': 'GET, HEAD, PUT, PATCH, POST, DELETE',
      'access-control-allow-origin': '*',
      'access-control-expose-headers': 'Request-Id, Stripe-Manage-Version, Stripe-Should-Retry, X-Stripe-External-Auth-Required, X-Stripe-Privileged-Session-Required',
      'access-control-max-age': '300',
      'cache-control': 'no-cache, no-store',
      'content-security-policy': "base-uri 'none'; default-src 'none'; form-action 'none'; frame-ancestors 'none'; img-src 'self'; script-src 'self' 'report-sample'; style-src 'self'; worker-src 'none'; upgrade-insecure-requests; report-uri https://q.stripe.com/csp-violation?q=Mo376LEoa9x6zX5E3kHPNcz3WVhKeEKNQ6Hgj4IjDZnf6QQEp0BmAP9aozkXUOthKc0UH8hFsLYR2jPI",
      vary: 'Origin',
      'www-authenticate': 'Bearer realm="Stripe"',
      'x-robots-tag': 'none',
      'x-wc': 'ABHIJ',
      'strict-transport-security': 'max-age=63072000; includeSubDomains; preload'
    },
    statusCode: 401,
    requestId: undefined
  },
  rawType: 'invalid_request_error',
  code: undefined,
  doc_url: undefined,
  param: undefined,
  detail: undefined,
  headers: {
    server: 'nginx',
    date: 'Sun, 30 Nov 2025 07:47:53 GMT',
    'content-type': 'application/json',
    'content-length': '113',
    connection: 'keep-alive',
    'access-control-allow-credentials': 'true',
    'access-control-allow-methods': 'GET, HEAD, PUT, PATCH, POST, DELETE',
    'access-control-allow-origin': '*',
    'access-control-expose-headers': 'Request-Id, Stripe-Manage-Version, Stripe-Should-Retry, X-Stripe-External-Auth-Required, X-Stripe-Privileged-Session-Required',
    'access-control-max-age': '300',
    'cache-control': 'no-cache, no-store',
    'content-security-policy': "base-uri 'none'; default-src 'none'; form-action 'none'; frame-ancestors 'none'; img-src 'self'; script-src 'self' 'report-sample'; style-src 'self'; worker-src 'none'; upgrade-insecure-requests; report-uri https://q.stripe.com/csp-violation?q=Mo376LEoa9x6zX5E3kHPNcz3WVhKeEKNQ6Hgj4IjDZnf6QQEp0BmAP9aozkXUOthKc0UH8hFsLYR2jPI",
    vary: 'Origin',
    'www-authenticate': 'Bearer realm="Stripe"',
    'x-robots-tag': 'none',
    'x-wc': 'ABHIJ',
    'strict-transport-security': 'max-age=63072000; includeSubDomains; preload'
  },
  requestId: undefined,
  statusCode: 401,
  charge: undefined,
  decline_code: undefined,
  payment_intent: undefined,
  payment_method: undefined,
  payment_method_type: undefined,
  setup_intent: undefined,
  source: undefined
}

stdout | tests/integrations/stripe.e2e.test.ts > Stripe Integration E2E (API Key) > Connection Flow > connects with valid API key
{"timestamp":"2025-11-30T07:47:53.864Z","level":"warn","service":"calibr-api","message":"Request completed: POST /api/integrations/stripe/connect - 400 (224ms)","requestId":"req_zxz1vtxzufddxmyzerkw8","correlationId":"corr_90pbsgtnvo5ewnv4g7pr6r","metadata":{"method":"POST","url":"http://localhost/api/integrations/stripe/connect","userAgent":null,"ip":null,"statusCode":400,"responseTime":224}}
Connection Flow Error: 400 { error: 'Invalid API Key or connection failed' }

stdout | tests/integrations/stripe.e2e.test.ts > Stripe Integration E2E (API Key) > Connection Flow > fails with missing params
{"timestamp":"2025-11-30T07:47:53.868Z","level":"info","service":"calibr-api","message":"Request started: POST /api/integrations/stripe/connect","requestId":"req_8er6opzhpvp1t0ierglujyj","correlationId":"corr_oo77mk7srjto1uaevigj","metadata":{"method":"POST","url":"http://localhost/api/integrations/stripe/connect","userAgent":null,"ip":null,"query":{},"headers":{"content-type":"application/json","accept":null}}}
{"timestamp":"2025-11-30T07:47:53.868Z","level":"warn","service":"calibr-api","message":"Request completed: POST /api/integrations/stripe/connect - 400 (0ms)","requestId":"req_8er6opzhpvp1t0ierglujyj","correlationId":"corr_oo77mk7srjto1uaevigj","metadata":{"method":"POST","url":"http://localhost/api/integrations/stripe/connect","userAgent":null,"ip":null,"statusCode":400,"responseTime":0}}

stdout | tests/integrations/stripe.e2e.test.ts > Stripe Integration E2E (API Key) > Sync > triggers catalog sync and writes to database
{"timestamp":"2025-11-30T07:47:53.869Z","level":"info","service":"calibr-api","message":"Request started: POST /api/integrations/stripe/sync/catalog","requestId":"req_e8i780z9zlez591ij0yku","correlationId":"corr_udh37zevrmjsnox8emsq0s","metadata":{"method":"POST","url":"http://localhost/api/integrations/stripe/sync/catalog","userAgent":null,"ip":null,"query":{},"headers":{"content-type":"application/json","accept":null}}}

stderr | tests/integrations/stripe.e2e.test.ts > Stripe Integration E2E (API Key) > Sync > triggers catalog sync and writes to database
Stripe catalog sync error: StripeAuthenticationError: Invalid API Key provided: sk_test_123
    at res.toJSON.then.StripeAPIError.message (file:///Users/rakes/Documents/antigravity/calibrate/node_modules/.pnpm/stripe@14.25.0/node_modules/stripe/esm/RequestSender.js:93:31)
    at processTicksAndRejections (node:internal/process/task_queues:95:5) {
  type: 'StripeAuthenticationError',
  raw: {
    message: 'Invalid API Key provided: sk_test_123',
    type: 'invalid_request_error',
    headers: {
      server: 'nginx',
      date: 'Sun, 30 Nov 2025 07:47:53 GMT',
      'content-type': 'application/json',
      'content-length': '113',
      connection: 'keep-alive',
      'access-control-allow-credentials': 'true',
      'access-control-allow-methods': 'GET, HEAD, PUT, PATCH, POST, DELETE',
      'access-control-allow-origin': '*',
      'access-control-expose-headers': 'Request-Id, Stripe-Manage-Version, Stripe-Should-Retry, X-Stripe-External-Auth-Required, X-Stripe-Privileged-Session-Required',
      'access-control-max-age': '300',
      'cache-control': 'no-cache, no-store',
      'content-security-policy': "base-uri 'none'; default-src 'none'; form-action 'none'; frame-ancestors 'none'; img-src 'self'; script-src 'self' 'report-sample'; style-src 'self'; worker-src 'none'; upgrade-insecure-requests; report-uri https://q.stripe.com/csp-violation?q=Mo376LEoa9x6zX5E3kHPNcz3WVhKeEKNQ6Hgj4IjDZnf6QQEp0BmAP9aozkXUOthKc0UH8hFsLYR2jPI",
      vary: 'Origin',
      'www-authenticate': 'Bearer realm="Stripe"',
      'x-robots-tag': 'none',
      'x-wc': 'ABHIJ',
      'strict-transport-security': 'max-age=63072000; includeSubDomains; preload'
    },
    statusCode: 401,
    requestId: undefined
  },
  rawType: 'invalid_request_error',
  code: undefined,
  doc_url: undefined,
  param: undefined,
  detail: undefined,
  headers: {
    server: 'nginx',
    date: 'Sun, 30 Nov 2025 07:47:53 GMT',
    'content-type': 'application/json',
    'content-length': '113',
    connection: 'keep-alive',
    'access-control-allow-credentials': 'true',
    'access-control-allow-methods': 'GET, HEAD, PUT, PATCH, POST, DELETE',
    'access-control-allow-origin': '*',
    'access-control-expose-headers': 'Request-Id, Stripe-Manage-Version, Stripe-Should-Retry, X-Stripe-External-Auth-Required, X-Stripe-Privileged-Session-Required',
    'access-control-max-age': '300',
    'cache-control': 'no-cache, no-store',
    'content-security-policy': "base-uri 'none'; default-src 'none'; form-action 'none'; frame-ancestors 'none'; img-src 'self'; script-src 'self' 'report-sample'; style-src 'self'; worker-src 'none'; upgrade-insecure-requests; report-uri https://q.stripe.com/csp-violation?q=Mo376LEoa9x6zX5E3kHPNcz3WVhKeEKNQ6Hgj4IjDZnf6QQEp0BmAP9aozkXUOthKc0UH8hFsLYR2jPI",
    vary: 'Origin',
    'www-authenticate': 'Bearer realm="Stripe"',
    'x-robots-tag': 'none',
    'x-wc': 'ABHIJ',
    'strict-transport-security': 'max-age=63072000; includeSubDomains; preload'
  },
  requestId: undefined,
  statusCode: 401,
  charge: undefined,
  decline_code: undefined,
  payment_intent: undefined,
  payment_method: undefined,
  payment_method_type: undefined,
  setup_intent: undefined,
  source: undefined
}

stdout | tests/integrations/stripe.e2e.test.ts > Stripe Integration E2E (API Key) > Sync > triggers catalog sync and writes to database
{"timestamp":"2025-11-30T07:47:54.050Z","level":"error","service":"calibr-api","message":"Request completed: POST /api/integrations/stripe/sync/catalog - 500 (181ms)","requestId":"req_e8i780z9zlez591ij0yku","correlationId":"corr_udh37zevrmjsnox8emsq0s","metadata":{"method":"POST","url":"http://localhost/api/integrations/stripe/sync/catalog","userAgent":null,"ip":null,"statusCode":500,"responseTime":181}}

stdout | tests/integrations/stripe.e2e.test.ts > Stripe Integration E2E (API Key) > Sync > triggers transaction sync
{"timestamp":"2025-11-30T07:47:54.051Z","level":"info","service":"calibr-api","message":"Request started: POST /api/integrations/stripe/sync/transactions","requestId":"req_xeg6is32udqseejgfrkyim","correlationId":"corr_dngi8e2l0fdmiweblr9ggp","metadata":{"method":"POST","url":"http://localhost/api/integrations/stripe/sync/transactions","userAgent":null,"ip":null,"query":{},"headers":{"content-type":"application/json","accept":null}}}

stderr | tests/integrations/stripe.e2e.test.ts > Stripe Integration E2E (API Key) > Sync > triggers transaction sync
Stripe transactions sync error: StripeAuthenticationError: Invalid API Key provided: sk_test_123
    at res.toJSON.then.StripeAPIError.message (file:///Users/rakes/Documents/antigravity/calibrate/node_modules/.pnpm/stripe@14.25.0/node_modules/stripe/esm/RequestSender.js:93:31)
    at processTicksAndRejections (node:internal/process/task_queues:95:5) {
  type: 'StripeAuthenticationError',
  raw: {
    message: 'Invalid API Key provided: sk_test_123',
    type: 'invalid_request_error',
    headers: {
      server: 'nginx',
      date: 'Sun, 30 Nov 2025 07:47:54 GMT',
      'content-type': 'application/json',
      'content-length': '113',
      connection: 'keep-alive',
      'access-control-allow-credentials': 'true',
      'access-control-allow-methods': 'GET, HEAD, PUT, PATCH, POST, DELETE',
      'access-control-allow-origin': '*',
      'access-control-expose-headers': 'Request-Id, Stripe-Manage-Version, Stripe-Should-Retry, X-Stripe-External-Auth-Required, X-Stripe-Privileged-Session-Required',
      'access-control-max-age': '300',
      'cache-control': 'no-cache, no-store',
      'content-security-policy': "base-uri 'none'; default-src 'none'; form-action 'none'; frame-ancestors 'none'; img-src 'self'; script-src 'self' 'report-sample'; style-src 'self'; worker-src 'none'; upgrade-insecure-requests; report-uri https://q.stripe.com/csp-violation?q=Mo376LEoa9x6zX5E3kHPNcz3WVhKeEKNQ6Hgj4IjDZnf6QQEp0BmAP9aozkXUOthKc0UH8hFsLYR2jPI",
      vary: 'Origin',
      'www-authenticate': 'Bearer realm="Stripe"',
      'x-robots-tag': 'none',
      'x-wc': 'ABHIJ',
      'strict-transport-security': 'max-age=63072000; includeSubDomains; preload'
    },
    statusCode: 401,
    requestId: undefined
  },
  rawType: 'invalid_request_error',
  code: undefined,
  doc_url: undefined,
  param: undefined,
  detail: undefined,
  headers: {
    server: 'nginx',
    date: 'Sun, 30 Nov 2025 07:47:54 GMT',
    'content-type': 'application/json',
    'content-length': '113',
    connection: 'keep-alive',
    'access-control-allow-credentials': 'true',
    'access-control-allow-methods': 'GET, HEAD, PUT, PATCH, POST, DELETE',
    'access-control-allow-origin': '*',
    'access-control-expose-headers': 'Request-Id, Stripe-Manage-Version, Stripe-Should-Retry, X-Stripe-External-Auth-Required, X-Stripe-Privileged-Session-Required',
    'access-control-max-age': '300',
    'cache-control': 'no-cache, no-store',
    'content-security-policy': "base-uri 'none'; default-src 'none'; form-action 'none'; frame-ancestors 'none'; img-src 'self'; script-src 'self' 'report-sample'; style-src 'self'; worker-src 'none'; upgrade-insecure-requests; report-uri https://q.stripe.com/csp-violation?q=Mo376LEoa9x6zX5E3kHPNcz3WVhKeEKNQ6Hgj4IjDZnf6QQEp0BmAP9aozkXUOthKc0UH8hFsLYR2jPI",
    vary: 'Origin',
    'www-authenticate': 'Bearer realm="Stripe"',
    'x-robots-tag': 'none',
    'x-wc': 'ABHIJ',
    'strict-transport-security': 'max-age=63072000; includeSubDomains; preload'
  },
  requestId: undefined,
  statusCode: 401,
  charge: undefined,
  decline_code: undefined,
  payment_intent: undefined,
  payment_method: undefined,
  payment_method_type: undefined,
  setup_intent: undefined,
  source: undefined
}

stdout | tests/integrations/stripe.e2e.test.ts > Stripe Integration E2E (API Key) > Sync > triggers transaction sync
{"timestamp":"2025-11-30T07:47:54.106Z","level":"error","service":"calibr-api","message":"Request completed: POST /api/integrations/stripe/sync/transactions - 500 (55ms)","requestId":"req_xeg6is32udqseejgfrkyim","correlationId":"corr_dngi8e2l0fdmiweblr9ggp","metadata":{"method":"POST","url":"http://localhost/api/integrations/stripe/sync/transactions","userAgent":null,"ip":null,"statusCode":500,"responseTime":55}}

 ❯ tests/integrations/stripe.e2e.test.ts  (5 tests | 3 failed) 470ms
   ❯ tests/integrations/stripe.e2e.test.ts > Stripe Integration E2E (API Key) > Connection Flow > connects with valid API key
     → expected 400 to be 200 // Object.is equality
   ❯ tests/integrations/stripe.e2e.test.ts > Stripe Integration E2E (API Key) > Sync > triggers catalog sync and writes to database
     → expected 500 to be 200 // Object.is equality
   ❯ tests/integrations/stripe.e2e.test.ts > Stripe Integration E2E (API Key) > Sync > triggers transaction sync
     → expected 500 to be 200 // Object.is equality

⎯⎯⎯⎯⎯⎯⎯ Failed Tests 3 ⎯⎯⎯⎯⎯⎯⎯

 FAIL  tests/integrations/stripe.e2e.test.ts > Stripe Integration E2E (API Key) > Connection Flow > connects with valid API key
AssertionError: expected 400 to be 200 // Object.is equality

- Expected
+ Received

- 200
+ 400

 ❯ tests/integrations/stripe.e2e.test.ts:144:32
    142|             }
    143| 
    144|             expect(res.status).toBe(200)
       |                                ^
    145|             expect(body.success).toBe(true)
    146|             expect(body.accountId).toBe('acct_test123')

⎯⎯⎯⎯⎯⎯⎯⎯⎯⎯⎯⎯⎯⎯⎯⎯⎯⎯⎯⎯⎯⎯⎯⎯[1/3]⎯

 FAIL  tests/integrations/stripe.e2e.test.ts > Stripe Integration E2E (API Key) > Sync > triggers catalog sync and writes to database
AssertionError: expected 500 to be 200 // Object.is equality

- Expected
+ Received

- 200
+ 500

 ❯ tests/integrations/stripe.e2e.test.ts:189:32
    187|             const body = await res.json()
    188| 
    189|             expect(res.status).toBe(200)
       |                                ^
    190|             expect(body.success).toBe(true)
    191| 

⎯⎯⎯⎯⎯⎯⎯⎯⎯⎯⎯⎯⎯⎯⎯⎯⎯⎯⎯⎯⎯⎯⎯⎯[2/3]⎯

 FAIL  tests/integrations/stripe.e2e.test.ts > Stripe Integration E2E (API Key) > Sync > triggers transaction sync
AssertionError: expected 500 to be 200 // Object.is equality

- Expected
+ Received

- 200
+ 500

 ❯ tests/integrations/stripe.e2e.test.ts:225:32
    223|             const body = await res.json()
    224| 
    225|             expect(res.status).toBe(200)
       |                                ^
    226|             expect(body.success).toBe(true)
    227|         })

⎯⎯⎯⎯⎯⎯⎯⎯⎯⎯⎯⎯⎯⎯⎯⎯⎯⎯⎯⎯⎯⎯⎯⎯[3/3]⎯

 Test Files  1 failed (1)
      Tests  3 failed | 2 passed (5)
   Start at  23:47:53
   Duration  623ms


 FAIL  Tests failed. Watching for file changes...
       press h to show help, press q to quit
       rerun x20
[2K[1A[2K[G[3Jc
 RERUN  tests/integrations/stripe.e2e.test.ts x21

stdout | tests/integrations/stripe.e2e.test.ts > Stripe Integration E2E (API Key) > Connection Flow > connects with valid API key
{"timestamp":"2025-11-30T07:48:26.015Z","level":"info","service":"calibr-api","message":"Request started: POST /api/integrations/stripe/connect","requestId":"req_fl3p0ioff4pn6x48vfgjo","correlationId":"corr_uqdq80rsv5habqq9oul8i","metadata":{"method":"POST","url":"http://localhost/api/integrations/stripe/connect","userAgent":null,"ip":null,"query":{},"headers":{"content-type":"application/json","accept":null}}}

stderr | tests/integrations/stripe.e2e.test.ts > Stripe Integration E2E (API Key) > Connection Flow > connects with valid API key
Stripe validation error: StripeAuthenticationError: Invalid API Key provided: sk_test_123
    at res.toJSON.then.StripeAPIError.message (file:///Users/rakes/Documents/antigravity/calibrate/node_modules/.pnpm/stripe@14.25.0/node_modules/stripe/esm/RequestSender.js:93:31)
    at processTicksAndRejections (node:internal/process/task_queues:95:5) {
  type: 'StripeAuthenticationError',
  raw: {
    message: 'Invalid API Key provided: sk_test_123',
    type: 'invalid_request_error',
    headers: {
      server: 'nginx',
      date: 'Sun, 30 Nov 2025 07:48:26 GMT',
      'content-type': 'application/json',
      'content-length': '113',
      connection: 'keep-alive',
      'access-control-allow-credentials': 'true',
      'access-control-allow-methods': 'GET, HEAD, PUT, PATCH, POST, DELETE',
      'access-control-allow-origin': '*',
      'access-control-expose-headers': 'Request-Id, Stripe-Manage-Version, Stripe-Should-Retry, X-Stripe-External-Auth-Required, X-Stripe-Privileged-Session-Required',
      'access-control-max-age': '300',
      'cache-control': 'no-cache, no-store',
      'content-security-policy': "base-uri 'none'; default-src 'none'; form-action 'none'; frame-ancestors 'none'; img-src 'self'; script-src 'self' 'report-sample'; style-src 'self'; worker-src 'none'; upgrade-insecure-requests; report-uri https://q.stripe.com/csp-violation?q=_oQ7odSkP5YpZQYgezC4BWBRdAaMtA05-zXmNDkVOtDBdVgpQQqm9aZoa55ErXGSSMBXkZ_89EzTvHw7",
      vary: 'Origin',
      'www-authenticate': 'Bearer realm="Stripe"',
      'x-robots-tag': 'none',
      'x-wc': 'ABHIJ',
      'strict-transport-security': 'max-age=63072000; includeSubDomains; preload'
    },
    statusCode: 401,
    requestId: undefined
  },
  rawType: 'invalid_request_error',
  code: undefined,
  doc_url: undefined,
  param: undefined,
  detail: undefined,
  headers: {
    server: 'nginx',
    date: 'Sun, 30 Nov 2025 07:48:26 GMT',
    'content-type': 'application/json',
    'content-length': '113',
    connection: 'keep-alive',
    'access-control-allow-credentials': 'true',
    'access-control-allow-methods': 'GET, HEAD, PUT, PATCH, POST, DELETE',
    'access-control-allow-origin': '*',
    'access-control-expose-headers': 'Request-Id, Stripe-Manage-Version, Stripe-Should-Retry, X-Stripe-External-Auth-Required, X-Stripe-Privileged-Session-Required',
    'access-control-max-age': '300',
    'cache-control': 'no-cache, no-store',
    'content-security-policy': "base-uri 'none'; default-src 'none'; form-action 'none'; frame-ancestors 'none'; img-src 'self'; script-src 'self' 'report-sample'; style-src 'self'; worker-src 'none'; upgrade-insecure-requests; report-uri https://q.stripe.com/csp-violation?q=_oQ7odSkP5YpZQYgezC4BWBRdAaMtA05-zXmNDkVOtDBdVgpQQqm9aZoa55ErXGSSMBXkZ_89EzTvHw7",
    vary: 'Origin',
    'www-authenticate': 'Bearer realm="Stripe"',
    'x-robots-tag': 'none',
    'x-wc': 'ABHIJ',
    'strict-transport-security': 'max-age=63072000; includeSubDomains; preload'
  },
  requestId: undefined,
  statusCode: 401,
  charge: undefined,
  decline_code: undefined,
  payment_intent: undefined,
  payment_method: undefined,
  payment_method_type: undefined,
  setup_intent: undefined,
  source: undefined
}

stdout | tests/integrations/stripe.e2e.test.ts > Stripe Integration E2E (API Key) > Connection Flow > connects with valid API key
{"timestamp":"2025-11-30T07:48:26.204Z","level":"warn","service":"calibr-api","message":"Request completed: POST /api/integrations/stripe/connect - 400 (190ms)","requestId":"req_fl3p0ioff4pn6x48vfgjo","correlationId":"corr_uqdq80rsv5habqq9oul8i","metadata":{"method":"POST","url":"http://localhost/api/integrations/stripe/connect","userAgent":null,"ip":null,"statusCode":400,"responseTime":190}}
Connection Flow Error: 400 { error: 'Invalid API Key or connection failed' }

stdout | tests/integrations/stripe.e2e.test.ts > Stripe Integration E2E (API Key) > Connection Flow > fails with missing params
{"timestamp":"2025-11-30T07:48:26.208Z","level":"info","service":"calibr-api","message":"Request started: POST /api/integrations/stripe/connect","requestId":"req_mb6ftcszxhvt592lx07q9","correlationId":"corr_jtl89fq1osowea43c60ck","metadata":{"method":"POST","url":"http://localhost/api/integrations/stripe/connect","userAgent":null,"ip":null,"query":{},"headers":{"content-type":"application/json","accept":null}}}
{"timestamp":"2025-11-30T07:48:26.209Z","level":"warn","service":"calibr-api","message":"Request completed: POST /api/integrations/stripe/connect - 400 (1ms)","requestId":"req_mb6ftcszxhvt592lx07q9","correlationId":"corr_jtl89fq1osowea43c60ck","metadata":{"method":"POST","url":"http://localhost/api/integrations/stripe/connect","userAgent":null,"ip":null,"statusCode":400,"responseTime":1}}

stdout | tests/integrations/stripe.e2e.test.ts > Stripe Integration E2E (API Key) > Sync > triggers catalog sync and writes to database
{"timestamp":"2025-11-30T07:48:26.209Z","level":"info","service":"calibr-api","message":"Request started: POST /api/integrations/stripe/sync/catalog","requestId":"req_l7waayyp0csjjkefu7rsj","correlationId":"corr_6lob98k7u03yizqs53daq","metadata":{"method":"POST","url":"http://localhost/api/integrations/stripe/sync/catalog","userAgent":null,"ip":null,"query":{},"headers":{"content-type":"application/json","accept":null}}}

stderr | tests/integrations/stripe.e2e.test.ts > Stripe Integration E2E (API Key) > Sync > triggers catalog sync and writes to database
Stripe catalog sync error: StripeAuthenticationError: Invalid API Key provided: sk_test_123
    at res.toJSON.then.StripeAPIError.message (file:///Users/rakes/Documents/antigravity/calibrate/node_modules/.pnpm/stripe@14.25.0/node_modules/stripe/esm/RequestSender.js:93:31)
    at processTicksAndRejections (node:internal/process/task_queues:95:5) {
  type: 'StripeAuthenticationError',
  raw: {
    message: 'Invalid API Key provided: sk_test_123',
    type: 'invalid_request_error',
    headers: {
      server: 'nginx',
      date: 'Sun, 30 Nov 2025 07:48:26 GMT',
      'content-type': 'application/json',
      'content-length': '113',
      connection: 'keep-alive',
      'access-control-allow-credentials': 'true',
      'access-control-allow-methods': 'GET, HEAD, PUT, PATCH, POST, DELETE',
      'access-control-allow-origin': '*',
      'access-control-expose-headers': 'Request-Id, Stripe-Manage-Version, Stripe-Should-Retry, X-Stripe-External-Auth-Required, X-Stripe-Privileged-Session-Required',
      'access-control-max-age': '300',
      'cache-control': 'no-cache, no-store',
      'content-security-policy': "base-uri 'none'; default-src 'none'; form-action 'none'; frame-ancestors 'none'; img-src 'self'; script-src 'self' 'report-sample'; style-src 'self'; worker-src 'none'; upgrade-insecure-requests; report-uri https://q.stripe.com/csp-violation?q=_oQ7odSkP5YpZQYgezC4BWBRdAaMtA05-zXmNDkVOtDBdVgpQQqm9aZoa55ErXGSSMBXkZ_89EzTvHw7",
      vary: 'Origin',
      'www-authenticate': 'Bearer realm="Stripe"',
      'x-robots-tag': 'none',
      'x-wc': 'ABHIJ',
      'strict-transport-security': 'max-age=63072000; includeSubDomains; preload'
    },
    statusCode: 401,
    requestId: undefined
  },
  rawType: 'invalid_request_error',
  code: undefined,
  doc_url: undefined,
  param: undefined,
  detail: undefined,
  headers: {
    server: 'nginx',
    date: 'Sun, 30 Nov 2025 07:48:26 GMT',
    'content-type': 'application/json',
    'content-length': '113',
    connection: 'keep-alive',
    'access-control-allow-credentials': 'true',
    'access-control-allow-methods': 'GET, HEAD, PUT, PATCH, POST, DELETE',
    'access-control-allow-origin': '*',
    'access-control-expose-headers': 'Request-Id, Stripe-Manage-Version, Stripe-Should-Retry, X-Stripe-External-Auth-Required, X-Stripe-Privileged-Session-Required',
    'access-control-max-age': '300',
    'cache-control': 'no-cache, no-store',
    'content-security-policy': "base-uri 'none'; default-src 'none'; form-action 'none'; frame-ancestors 'none'; img-src 'self'; script-src 'self' 'report-sample'; style-src 'self'; worker-src 'none'; upgrade-insecure-requests; report-uri https://q.stripe.com/csp-violation?q=_oQ7odSkP5YpZQYgezC4BWBRdAaMtA05-zXmNDkVOtDBdVgpQQqm9aZoa55ErXGSSMBXkZ_89EzTvHw7",
    vary: 'Origin',
    'www-authenticate': 'Bearer realm="Stripe"',
    'x-robots-tag': 'none',
    'x-wc': 'ABHIJ',
    'strict-transport-security': 'max-age=63072000; includeSubDomains; preload'
  },
  requestId: undefined,
  statusCode: 401,
  charge: undefined,
  decline_code: undefined,
  payment_intent: undefined,
  payment_method: undefined,
  payment_method_type: undefined,
  setup_intent: undefined,
  source: undefined
}

stdout | tests/integrations/stripe.e2e.test.ts > Stripe Integration E2E (API Key) > Sync > triggers catalog sync and writes to database
{"timestamp":"2025-11-30T07:48:26.254Z","level":"error","service":"calibr-api","message":"Request completed: POST /api/integrations/stripe/sync/catalog - 500 (45ms)","requestId":"req_l7waayyp0csjjkefu7rsj","correlationId":"corr_6lob98k7u03yizqs53daq","metadata":{"method":"POST","url":"http://localhost/api/integrations/stripe/sync/catalog","userAgent":null,"ip":null,"statusCode":500,"responseTime":45}}

stdout | tests/integrations/stripe.e2e.test.ts > Stripe Integration E2E (API Key) > Sync > triggers transaction sync
{"timestamp":"2025-11-30T07:48:26.255Z","level":"info","service":"calibr-api","message":"Request started: POST /api/integrations/stripe/sync/transactions","requestId":"req_l6reo78k52g1ddnxcbda6","correlationId":"corr_kncf270bhcywr01oh961d","metadata":{"method":"POST","url":"http://localhost/api/integrations/stripe/sync/transactions","userAgent":null,"ip":null,"query":{},"headers":{"content-type":"application/json","accept":null}}}

stderr | tests/integrations/stripe.e2e.test.ts > Stripe Integration E2E (API Key) > Sync > triggers transaction sync
Stripe transactions sync error: StripeAuthenticationError: Invalid API Key provided: sk_test_123
    at res.toJSON.then.StripeAPIError.message (file:///Users/rakes/Documents/antigravity/calibrate/node_modules/.pnpm/stripe@14.25.0/node_modules/stripe/esm/RequestSender.js:93:31)
    at processTicksAndRejections (node:internal/process/task_queues:95:5) {
  type: 'StripeAuthenticationError',
  raw: {
    message: 'Invalid API Key provided: sk_test_123',
    type: 'invalid_request_error',
    headers: {
      server: 'nginx',
      date: 'Sun, 30 Nov 2025 07:48:26 GMT',
      'content-type': 'application/json',
      'content-length': '113',
      connection: 'keep-alive',
      'access-control-allow-credentials': 'true',
      'access-control-allow-methods': 'GET, HEAD, PUT, PATCH, POST, DELETE',
      'access-control-allow-origin': '*',
      'access-control-expose-headers': 'Request-Id, Stripe-Manage-Version, Stripe-Should-Retry, X-Stripe-External-Auth-Required, X-Stripe-Privileged-Session-Required',
      'access-control-max-age': '300',
      'cache-control': 'no-cache, no-store',
      'content-security-policy': "base-uri 'none'; default-src 'none'; form-action 'none'; frame-ancestors 'none'; img-src 'self'; script-src 'self' 'report-sample'; style-src 'self'; worker-src 'none'; upgrade-insecure-requests; report-uri https://q.stripe.com/csp-violation?q=_oQ7odSkP5YpZQYgezC4BWBRdAaMtA05-zXmNDkVOtDBdVgpQQqm9aZoa55ErXGSSMBXkZ_89EzTvHw7",
      vary: 'Origin',
      'www-authenticate': 'Bearer realm="Stripe"',
      'x-robots-tag': 'none',
      'x-wc': 'ABHIJ',
      'strict-transport-security': 'max-age=63072000; includeSubDomains; preload'
    },
    statusCode: 401,
    requestId: undefined
  },
  rawType: 'invalid_request_error',
  code: undefined,
  doc_url: undefined,
  param: undefined,
  detail: undefined,
  headers: {
    server: 'nginx',
    date: 'Sun, 30 Nov 2025 07:48:26 GMT',
    'content-type': 'application/json',
    'content-length': '113',
    connection: 'keep-alive',
    'access-control-allow-credentials': 'true',
    'access-control-allow-methods': 'GET, HEAD, PUT, PATCH, POST, DELETE',
    'access-control-allow-origin': '*',
    'access-control-expose-headers': 'Request-Id, Stripe-Manage-Version, Stripe-Should-Retry, X-Stripe-External-Auth-Required, X-Stripe-Privileged-Session-Required',
    'access-control-max-age': '300',
    'cache-control': 'no-cache, no-store',
    'content-security-policy': "base-uri 'none'; default-src 'none'; form-action 'none'; frame-ancestors 'none'; img-src 'self'; script-src 'self' 'report-sample'; style-src 'self'; worker-src 'none'; upgrade-insecure-requests; report-uri https://q.stripe.com/csp-violation?q=_oQ7odSkP5YpZQYgezC4BWBRdAaMtA05-zXmNDkVOtDBdVgpQQqm9aZoa55ErXGSSMBXkZ_89EzTvHw7",
    vary: 'Origin',
    'www-authenticate': 'Bearer realm="Stripe"',
    'x-robots-tag': 'none',
    'x-wc': 'ABHIJ',
    'strict-transport-security': 'max-age=63072000; includeSubDomains; preload'
  },
  requestId: undefined,
  statusCode: 401,
  charge: undefined,
  decline_code: undefined,
  payment_intent: undefined,
  payment_method: undefined,
  payment_method_type: undefined,
  setup_intent: undefined,
  source: undefined
}

stdout | tests/integrations/stripe.e2e.test.ts > Stripe Integration E2E (API Key) > Sync > triggers transaction sync
{"timestamp":"2025-11-30T07:48:26.293Z","level":"error","service":"calibr-api","message":"Request completed: POST /api/integrations/stripe/sync/transactions - 500 (38ms)","requestId":"req_l6reo78k52g1ddnxcbda6","correlationId":"corr_kncf270bhcywr01oh961d","metadata":{"method":"POST","url":"http://localhost/api/integrations/stripe/sync/transactions","userAgent":null,"ip":null,"statusCode":500,"responseTime":38}}

 ❯ tests/integrations/stripe.e2e.test.ts  (5 tests | 3 failed) 285ms
   ❯ tests/integrations/stripe.e2e.test.ts > Stripe Integration E2E (API Key) > Connection Flow > connects with valid API key
     → expected 400 to be 200 // Object.is equality
   ❯ tests/integrations/stripe.e2e.test.ts > Stripe Integration E2E (API Key) > Sync > triggers catalog sync and writes to database
     → expected 500 to be 200 // Object.is equality
   ❯ tests/integrations/stripe.e2e.test.ts > Stripe Integration E2E (API Key) > Sync > triggers transaction sync
     → expected 500 to be 200 // Object.is equality

⎯⎯⎯⎯⎯⎯⎯ Failed Tests 3 ⎯⎯⎯⎯⎯⎯⎯

 FAIL  tests/integrations/stripe.e2e.test.ts > Stripe Integration E2E (API Key) > Connection Flow > connects with valid API key
AssertionError: expected 400 to be 200 // Object.is equality

- Expected
+ Received

- 200
+ 400

 ❯ tests/integrations/stripe.e2e.test.ts:142:32
    140|             }
    141| 
    142|             expect(res.status).toBe(200)
       |                                ^
    143|             expect(body.success).toBe(true)
    144|             expect(body.accountId).toBe('acct_test123')

⎯⎯⎯⎯⎯⎯⎯⎯⎯⎯⎯⎯⎯⎯⎯⎯⎯⎯⎯⎯⎯⎯⎯⎯[1/3]⎯

 FAIL  tests/integrations/stripe.e2e.test.ts > Stripe Integration E2E (API Key) > Sync > triggers catalog sync and writes to database
AssertionError: expected 500 to be 200 // Object.is equality

- Expected
+ Received

- 200
+ 500

 ❯ tests/integrations/stripe.e2e.test.ts:187:32
    185|             const body = await res.json()
    186| 
    187|             expect(res.status).toBe(200)
       |                                ^
    188|             expect(body.success).toBe(true)
    189| 

⎯⎯⎯⎯⎯⎯⎯⎯⎯⎯⎯⎯⎯⎯⎯⎯⎯⎯⎯⎯⎯⎯⎯⎯[2/3]⎯

 FAIL  tests/integrations/stripe.e2e.test.ts > Stripe Integration E2E (API Key) > Sync > triggers transaction sync
AssertionError: expected 500 to be 200 // Object.is equality

- Expected
+ Received

- 200
+ 500

 ❯ tests/integrations/stripe.e2e.test.ts:223:32
    221|             const body = await res.json()
    222| 
    223|             expect(res.status).toBe(200)
       |                                ^
    224|             expect(body.success).toBe(true)
    225|         })

⎯⎯⎯⎯⎯⎯⎯⎯⎯⎯⎯⎯⎯⎯⎯⎯⎯⎯⎯⎯⎯⎯⎯⎯[3/3]⎯

 Test Files  1 failed (1)
      Tests  3 failed | 2 passed (5)
   Start at  23:48:25
   Duration  455ms


 FAIL  Tests failed. Watching for file changes...
       press h to show help, press q to quit
       rerun x21
[2K[1A[2K[G[3Jc
 RERUN  tests/integrations/stripe.e2e.test.ts x22

stdout | tests/integrations/stripe.e2e.test.ts > Stripe Integration E2E (API Key) > Connection Flow > connects with valid API key
{"timestamp":"2025-11-30T07:49:01.710Z","level":"info","service":"calibr-api","message":"Request started: POST /api/integrations/stripe/connect","requestId":"req_msdajp019yeeh7l0ipez0w","correlationId":"corr_cztpr2z082wog3xsrmrxpj","metadata":{"method":"POST","url":"http://localhost/api/integrations/stripe/connect","userAgent":null,"ip":null,"query":{},"headers":{"content-type":"application/json","accept":null}}}
{"timestamp":"2025-11-30T07:49:01.713Z","level":"info","service":"calibr-api","message":"Request completed: POST /api/integrations/stripe/connect - 200 (3ms)","requestId":"req_msdajp019yeeh7l0ipez0w","correlationId":"corr_cztpr2z082wog3xsrmrxpj","metadata":{"method":"POST","url":"http://localhost/api/integrations/stripe/connect","userAgent":null,"ip":null,"statusCode":200,"responseTime":3}}

stdout | tests/integrations/stripe.e2e.test.ts > Stripe Integration E2E (API Key) > Connection Flow > fails with missing params
{"timestamp":"2025-11-30T07:49:01.714Z","level":"info","service":"calibr-api","message":"Request started: POST /api/integrations/stripe/connect","requestId":"req_rfvreahwo1k1cjq0u2cev7","correlationId":"corr_rbc6zb40xjda00to115z8","metadata":{"method":"POST","url":"http://localhost/api/integrations/stripe/connect","userAgent":null,"ip":null,"query":{},"headers":{"content-type":"application/json","accept":null}}}
{"timestamp":"2025-11-30T07:49:01.714Z","level":"warn","service":"calibr-api","message":"Request completed: POST /api/integrations/stripe/connect - 400 (0ms)","requestId":"req_rfvreahwo1k1cjq0u2cev7","correlationId":"corr_rbc6zb40xjda00to115z8","metadata":{"method":"POST","url":"http://localhost/api/integrations/stripe/connect","userAgent":null,"ip":null,"statusCode":400,"responseTime":0}}

stdout | tests/integrations/stripe.e2e.test.ts > Stripe Integration E2E (API Key) > Sync > triggers catalog sync and writes to database
{"timestamp":"2025-11-30T07:49:01.715Z","level":"info","service":"calibr-api","message":"Request started: POST /api/integrations/stripe/sync/catalog","requestId":"req_0kfz65vhmu4knigc6ykiml","correlationId":"corr_kbd13c1328msm3zqmazn6o","metadata":{"method":"POST","url":"http://localhost/api/integrations/stripe/sync/catalog","userAgent":null,"ip":null,"query":{},"headers":{"content-type":"application/json","accept":null}}}
{"timestamp":"2025-11-30T07:49:01.715Z","level":"info","service":"calibr-api","message":"Request completed: POST /api/integrations/stripe/sync/catalog - 200 (0ms)","requestId":"req_0kfz65vhmu4knigc6ykiml","correlationId":"corr_kbd13c1328msm3zqmazn6o","metadata":{"method":"POST","url":"http://localhost/api/integrations/stripe/sync/catalog","userAgent":null,"ip":null,"statusCode":200,"responseTime":0}}

stdout | tests/integrations/stripe.e2e.test.ts > Stripe Integration E2E (API Key) > Sync > triggers transaction sync
{"timestamp":"2025-11-30T07:49:01.719Z","level":"info","service":"calibr-api","message":"Request started: POST /api/integrations/stripe/sync/transactions","requestId":"req_dj5z0r0183ecdq3j7pnnv6","correlationId":"corr_jeigdhjy0fqwpn3fqadzzs","metadata":{"method":"POST","url":"http://localhost/api/integrations/stripe/sync/transactions","userAgent":null,"ip":null,"query":{},"headers":{"content-type":"application/json","accept":null}}}
{"timestamp":"2025-11-30T07:49:01.720Z","level":"info","service":"calibr-api","message":"Request completed: POST /api/integrations/stripe/sync/transactions - 200 (1ms)","requestId":"req_dj5z0r0183ecdq3j7pnnv6","correlationId":"corr_jeigdhjy0fqwpn3fqadzzs","metadata":{"method":"POST","url":"http://localhost/api/integrations/stripe/sync/transactions","userAgent":null,"ip":null,"statusCode":200,"responseTime":1}}

 ❯ tests/integrations/stripe.e2e.test.ts  (5 tests | 1 failed) 14ms
   ❯ tests/integrations/stripe.e2e.test.ts > Stripe Integration E2E (API Key) > Sync > triggers catalog sync and writes to database
     → expected "spy" to be called with arguments: [ ObjectContaining{…} ]

Received: 



Number of calls: 0


⎯⎯⎯⎯⎯⎯⎯ Failed Tests 1 ⎯⎯⎯⎯⎯⎯⎯

 FAIL  tests/integrations/stripe.e2e.test.ts > Stripe Integration E2E (API Key) > Sync > triggers catalog sync and writes to database
AssertionError: expected "spy" to be called with arguments: [ ObjectContaining{…} ]

Received: 



Number of calls: 0

 ❯ tests/integrations/stripe.e2e.test.ts:185:40
    183| 
    184|             // Verify Price Creation
    185|             expect(mocks.price.create).toHaveBeenCalledWith(expect.obj…
       |                                        ^
    186|                 data: expect.objectContaining({
    187|                     currency: 'usd',

⎯⎯⎯⎯⎯⎯⎯⎯⎯⎯⎯⎯⎯⎯⎯⎯⎯⎯⎯⎯⎯⎯⎯⎯[1/1]⎯

 Test Files  1 failed (1)
      Tests  1 failed | 4 passed (5)
   Start at  23:49:01
   Duration  205ms


 FAIL  Tests failed. Watching for file changes...
       press h to show help, press q to quit
       rerun x22
[2K[1A[2K[G[3Jc
 RERUN  tests/integrations/stripe.e2e.test.ts x23

stdout | tests/integrations/stripe.e2e.test.ts > Stripe Integration E2E (API Key) > Connection Flow > connects with valid API key
{"timestamp":"2025-11-30T07:49:31.912Z","level":"info","service":"calibr-api","message":"Request started: POST /api/integrations/stripe/connect","requestId":"req_7tico783okcmfh5fhbeqz9","correlationId":"corr_sw1kh81i0bwm2obhresbi","metadata":{"method":"POST","url":"http://localhost/api/integrations/stripe/connect","userAgent":null,"ip":null,"query":{},"headers":{"content-type":"application/json","accept":null}}}
{"timestamp":"2025-11-30T07:49:31.915Z","level":"info","service":"calibr-api","message":"Request completed: POST /api/integrations/stripe/connect - 200 (4ms)","requestId":"req_7tico783okcmfh5fhbeqz9","correlationId":"corr_sw1kh81i0bwm2obhresbi","metadata":{"method":"POST","url":"http://localhost/api/integrations/stripe/connect","userAgent":null,"ip":null,"statusCode":200,"responseTime":4}}

stdout | tests/integrations/stripe.e2e.test.ts > Stripe Integration E2E (API Key) > Connection Flow > fails with missing params
{"timestamp":"2025-11-30T07:49:31.918Z","level":"info","service":"calibr-api","message":"Request started: POST /api/integrations/stripe/connect","requestId":"req_uxxwg3xfhamsalpwyu99af","correlationId":"corr_xi0l9iu7aymujoc85e2es8","metadata":{"method":"POST","url":"http://localhost/api/integrations/stripe/connect","userAgent":null,"ip":null,"query":{},"headers":{"content-type":"application/json","accept":null}}}
{"timestamp":"2025-11-30T07:49:31.918Z","level":"warn","service":"calibr-api","message":"Request completed: POST /api/integrations/stripe/connect - 400 (0ms)","requestId":"req_uxxwg3xfhamsalpwyu99af","correlationId":"corr_xi0l9iu7aymujoc85e2es8","metadata":{"method":"POST","url":"http://localhost/api/integrations/stripe/connect","userAgent":null,"ip":null,"statusCode":400,"responseTime":0}}

stdout | tests/integrations/stripe.e2e.test.ts > Stripe Integration E2E (API Key) > Sync > triggers catalog sync and writes to database
{"timestamp":"2025-11-30T07:49:31.918Z","level":"info","service":"calibr-api","message":"Request started: POST /api/integrations/stripe/sync/catalog","requestId":"req_xrudfqkbtshv8rdh0gh1b","correlationId":"corr_pc24ffib4u6gnyh2esgpv","metadata":{"method":"POST","url":"http://localhost/api/integrations/stripe/sync/catalog","userAgent":null,"ip":null,"query":{},"headers":{"content-type":"application/json","accept":null}}}
{"timestamp":"2025-11-30T07:49:31.919Z","level":"info","service":"calibr-api","message":"Request completed: POST /api/integrations/stripe/sync/catalog - 200 (1ms)","requestId":"req_xrudfqkbtshv8rdh0gh1b","correlationId":"corr_pc24ffib4u6gnyh2esgpv","metadata":{"method":"POST","url":"http://localhost/api/integrations/stripe/sync/catalog","userAgent":null,"ip":null,"statusCode":200,"responseTime":1}}

stdout | tests/integrations/stripe.e2e.test.ts > Stripe Integration E2E (API Key) > Sync > triggers transaction sync
{"timestamp":"2025-11-30T07:49:31.925Z","level":"info","service":"calibr-api","message":"Request started: POST /api/integrations/stripe/sync/transactions","requestId":"req_pec8i21l74ndlp2p7n9x","correlationId":"corr_alvlve6kwgrgr8wpd6mega","metadata":{"method":"POST","url":"http://localhost/api/integrations/stripe/sync/transactions","userAgent":null,"ip":null,"query":{},"headers":{"content-type":"application/json","accept":null}}}
{"timestamp":"2025-11-30T07:49:31.926Z","level":"info","service":"calibr-api","message":"Request completed: POST /api/integrations/stripe/sync/transactions - 200 (1ms)","requestId":"req_pec8i21l74ndlp2p7n9x","correlationId":"corr_alvlve6kwgrgr8wpd6mega","metadata":{"method":"POST","url":"http://localhost/api/integrations/stripe/sync/transactions","userAgent":null,"ip":null,"statusCode":200,"responseTime":1}}

 ✓ tests/integrations/stripe.e2e.test.ts  (5 tests) 18ms

 Test Files  1 passed (1)
      Tests  5 passed (5)
   Start at  23:49:31
   Duration  204ms


 PASS  Waiting for file changes...
       press h to show help, press q to quit
       rerun x23
[2K[1A[2K[G[3Jc
 RERUN  ../../packages/connectors/src/stripe/StripeService.ts x24

stdout | tests/integrations/stripe.e2e.test.ts > Stripe Integration E2E (API Key) > Connection Flow > connects with valid API key
{"timestamp":"2025-11-30T08:01:29.005Z","level":"info","service":"calibr-api","message":"Request started: POST /api/integrations/stripe/connect","requestId":"req_rvgo6duupa765es7h58rk6","correlationId":"corr_er6w721jl2cqm9wjb8cpp","metadata":{"method":"POST","url":"http://localhost/api/integrations/stripe/connect","userAgent":null,"ip":null,"query":{},"headers":{"content-type":"application/json","accept":null}}}
{"timestamp":"2025-11-30T08:01:29.012Z","level":"info","service":"calibr-api","message":"Request completed: POST /api/integrations/stripe/connect - 200 (8ms)","requestId":"req_rvgo6duupa765es7h58rk6","correlationId":"corr_er6w721jl2cqm9wjb8cpp","metadata":{"method":"POST","url":"http://localhost/api/integrations/stripe/connect","userAgent":null,"ip":null,"statusCode":200,"responseTime":8}}

stdout | tests/integrations/stripe.e2e.test.ts > Stripe Integration E2E (API Key) > Connection Flow > fails with missing params
{"timestamp":"2025-11-30T08:01:29.014Z","level":"info","service":"calibr-api","message":"Request started: POST /api/integrations/stripe/connect","requestId":"req_4qccr5fig8sghbdo3ssbyl","correlationId":"corr_pzbhd7iqnt9fxzwrxez6hj","metadata":{"method":"POST","url":"http://localhost/api/integrations/stripe/connect","userAgent":null,"ip":null,"query":{},"headers":{"content-type":"application/json","accept":null}}}
{"timestamp":"2025-11-30T08:01:29.015Z","level":"warn","service":"calibr-api","message":"Request completed: POST /api/integrations/stripe/connect - 400 (1ms)","requestId":"req_4qccr5fig8sghbdo3ssbyl","correlationId":"corr_pzbhd7iqnt9fxzwrxez6hj","metadata":{"method":"POST","url":"http://localhost/api/integrations/stripe/connect","userAgent":null,"ip":null,"statusCode":400,"responseTime":1}}

stdout | tests/integrations/stripe.e2e.test.ts > Stripe Integration E2E (API Key) > Sync > triggers catalog sync and writes to database
{"timestamp":"2025-11-30T08:01:29.016Z","level":"info","service":"calibr-api","message":"Request started: POST /api/integrations/stripe/sync/catalog","requestId":"req_uka6dcffwkg11jvbveiltxk","correlationId":"corr_3n214i250ywqelh1jqs1ie","metadata":{"method":"POST","url":"http://localhost/api/integrations/stripe/sync/catalog","userAgent":null,"ip":null,"query":{},"headers":{"content-type":"application/json","accept":null}}}
{"timestamp":"2025-11-30T08:01:29.016Z","level":"info","service":"calibr-api","message":"Request completed: POST /api/integrations/stripe/sync/catalog - 200 (0ms)","requestId":"req_uka6dcffwkg11jvbveiltxk","correlationId":"corr_3n214i250ywqelh1jqs1ie","metadata":{"method":"POST","url":"http://localhost/api/integrations/stripe/sync/catalog","userAgent":null,"ip":null,"statusCode":200,"responseTime":0}}

stdout | tests/integrations/stripe.e2e.test.ts > Stripe Integration E2E (API Key) > Sync > triggers transaction sync
{"timestamp":"2025-11-30T08:01:29.018Z","level":"info","service":"calibr-api","message":"Request started: POST /api/integrations/stripe/sync/transactions","requestId":"req_ckzawdm2gd966p5ks8tx","correlationId":"corr_o4o4j24xg1eksktu0t6ril","metadata":{"method":"POST","url":"http://localhost/api/integrations/stripe/sync/transactions","userAgent":null,"ip":null,"query":{},"headers":{"content-type":"application/json","accept":null}}}
{"timestamp":"2025-11-30T08:01:29.019Z","level":"info","service":"calibr-api","message":"Request completed: POST /api/integrations/stripe/sync/transactions - 200 (1ms)","requestId":"req_ckzawdm2gd966p5ks8tx","correlationId":"corr_o4o4j24xg1eksktu0t6ril","metadata":{"method":"POST","url":"http://localhost/api/integrations/stripe/sync/transactions","userAgent":null,"ip":null,"statusCode":200,"responseTime":1}}

 ✓ tests/integrations/stripe.e2e.test.ts  (5 tests) 18ms

 Test Files  1 passed (1)
      Tests  5 passed (5)
   Start at  00:01:28
   Duration  267ms


 PASS  Waiting for file changes...
       press h to show help, press q to quit
       rerun x24
[2K[1A[2K[G[3Jc
 RERUN  app/api/integrations/stripe/sync/catalog/route.ts x25

stdout | tests/integrations/stripe.e2e.test.ts > Stripe Integration E2E (API Key) > Connection Flow > connects with valid API key
{"timestamp":"2025-11-30T08:02:19.840Z","level":"info","service":"calibr-api","message":"Request started: POST /api/integrations/stripe/connect","requestId":"req_5tuutklxpsqku8322lmhb","correlationId":"corr_7coex3tr0noetmvscjc05l","metadata":{"method":"POST","url":"http://localhost/api/integrations/stripe/connect","userAgent":null,"ip":null,"query":{},"headers":{"content-type":"application/json","accept":null}}}
{"timestamp":"2025-11-30T08:02:19.842Z","level":"info","service":"calibr-api","message":"Request completed: POST /api/integrations/stripe/connect - 200 (2ms)","requestId":"req_5tuutklxpsqku8322lmhb","correlationId":"corr_7coex3tr0noetmvscjc05l","metadata":{"method":"POST","url":"http://localhost/api/integrations/stripe/connect","userAgent":null,"ip":null,"statusCode":200,"responseTime":2}}

stdout | tests/integrations/stripe.e2e.test.ts > Stripe Integration E2E (API Key) > Connection Flow > fails with missing params
{"timestamp":"2025-11-30T08:02:19.844Z","level":"info","service":"calibr-api","message":"Request started: POST /api/integrations/stripe/connect","requestId":"req_r23y83omoodfifsfbxvp6q","correlationId":"corr_zx6zd0ze5axell669lcoh","metadata":{"method":"POST","url":"http://localhost/api/integrations/stripe/connect","userAgent":null,"ip":null,"query":{},"headers":{"content-type":"application/json","accept":null}}}
{"timestamp":"2025-11-30T08:02:19.844Z","level":"warn","service":"calibr-api","message":"Request completed: POST /api/integrations/stripe/connect - 400 (0ms)","requestId":"req_r23y83omoodfifsfbxvp6q","correlationId":"corr_zx6zd0ze5axell669lcoh","metadata":{"method":"POST","url":"http://localhost/api/integrations/stripe/connect","userAgent":null,"ip":null,"statusCode":400,"responseTime":0}}

stdout | tests/integrations/stripe.e2e.test.ts > Stripe Integration E2E (API Key) > Sync > triggers catalog sync and writes to database
{"timestamp":"2025-11-30T08:02:19.847Z","level":"info","service":"calibr-api","message":"Request started: POST /api/integrations/stripe/sync/catalog","requestId":"req_yjidrdatcpwieahervfgi","correlationId":"corr_eumyshxa8i7nvglhw4byl","metadata":{"method":"POST","url":"http://localhost/api/integrations/stripe/sync/catalog","userAgent":null,"ip":null,"query":{},"headers":{"content-type":"application/json","accept":null}}}
{"timestamp":"2025-11-30T08:02:19.848Z","level":"info","service":"calibr-api","message":"Request completed: POST /api/integrations/stripe/sync/catalog - 200 (2ms)","requestId":"req_yjidrdatcpwieahervfgi","correlationId":"corr_eumyshxa8i7nvglhw4byl","metadata":{"method":"POST","url":"http://localhost/api/integrations/stripe/sync/catalog","userAgent":null,"ip":null,"statusCode":200,"responseTime":2}}

stdout | tests/integrations/stripe.e2e.test.ts > Stripe Integration E2E (API Key) > Sync > triggers transaction sync
{"timestamp":"2025-11-30T08:02:19.851Z","level":"info","service":"calibr-api","message":"Request started: POST /api/integrations/stripe/sync/transactions","requestId":"req_fo5lot8v7vj8s1a75t6fsl","correlationId":"corr_tmq2d3c5qg3tcirbk8eff","metadata":{"method":"POST","url":"http://localhost/api/integrations/stripe/sync/transactions","userAgent":null,"ip":null,"query":{},"headers":{"content-type":"application/json","accept":null}}}
{"timestamp":"2025-11-30T08:02:19.851Z","level":"info","service":"calibr-api","message":"Request completed: POST /api/integrations/stripe/sync/transactions - 200 (0ms)","requestId":"req_fo5lot8v7vj8s1a75t6fsl","correlationId":"corr_tmq2d3c5qg3tcirbk8eff","metadata":{"method":"POST","url":"http://localhost/api/integrations/stripe/sync/transactions","userAgent":null,"ip":null,"statusCode":200,"responseTime":0}}

 ✓ tests/integrations/stripe.e2e.test.ts  (5 tests) 17ms

 Test Files  1 passed (1)
      Tests  5 passed (5)
   Start at  00:02:19
   Duration  219ms


 PASS  Waiting for file changes...
       press h to show help, press q to quit
       rerun x25
[2K[1A[2K[G[3Jc
 RERUN  app/api/integrations/stripe/sync/transactions/route.ts x26

stdout | tests/integrations/stripe.e2e.test.ts > Stripe Integration E2E (API Key) > Connection Flow > connects with valid API key
{"timestamp":"2025-11-30T08:02:21.918Z","level":"info","service":"calibr-api","message":"Request started: POST /api/integrations/stripe/connect","requestId":"req_z8vism4q8petdm95g3tvhb","correlationId":"corr_di3jzfp7xzhumk5iwl5lhq","metadata":{"method":"POST","url":"http://localhost/api/integrations/stripe/connect","userAgent":null,"ip":null,"query":{},"headers":{"content-type":"application/json","accept":null}}}
{"timestamp":"2025-11-30T08:02:21.921Z","level":"info","service":"calibr-api","message":"Request completed: POST /api/integrations/stripe/connect - 200 (3ms)","requestId":"req_z8vism4q8petdm95g3tvhb","correlationId":"corr_di3jzfp7xzhumk5iwl5lhq","metadata":{"method":"POST","url":"http://localhost/api/integrations/stripe/connect","userAgent":null,"ip":null,"statusCode":200,"responseTime":3}}

stdout | tests/integrations/stripe.e2e.test.ts > Stripe Integration E2E (API Key) > Connection Flow > fails with missing params
{"timestamp":"2025-11-30T08:02:21.922Z","level":"info","service":"calibr-api","message":"Request started: POST /api/integrations/stripe/connect","requestId":"req_ns5s7ucxjdmfftauo224g5","correlationId":"corr_pd2vrgta5ylswpygteqs3","metadata":{"method":"POST","url":"http://localhost/api/integrations/stripe/connect","userAgent":null,"ip":null,"query":{},"headers":{"content-type":"application/json","accept":null}}}
{"timestamp":"2025-11-30T08:02:21.922Z","level":"warn","service":"calibr-api","message":"Request completed: POST /api/integrations/stripe/connect - 400 (0ms)","requestId":"req_ns5s7ucxjdmfftauo224g5","correlationId":"corr_pd2vrgta5ylswpygteqs3","metadata":{"method":"POST","url":"http://localhost/api/integrations/stripe/connect","userAgent":null,"ip":null,"statusCode":400,"responseTime":0}}

stdout | tests/integrations/stripe.e2e.test.ts > Stripe Integration E2E (API Key) > Sync > triggers catalog sync and writes to database
{"timestamp":"2025-11-30T08:02:21.923Z","level":"info","service":"calibr-api","message":"Request started: POST /api/integrations/stripe/sync/catalog","requestId":"req_plt1g2kizb9wqszdebjw7","correlationId":"corr_rk3377kooh6zr6ql4qmco","metadata":{"method":"POST","url":"http://localhost/api/integrations/stripe/sync/catalog","userAgent":null,"ip":null,"query":{},"headers":{"content-type":"application/json","accept":null}}}
{"timestamp":"2025-11-30T08:02:21.925Z","level":"info","service":"calibr-api","message":"Request completed: POST /api/integrations/stripe/sync/catalog - 200 (2ms)","requestId":"req_plt1g2kizb9wqszdebjw7","correlationId":"corr_rk3377kooh6zr6ql4qmco","metadata":{"method":"POST","url":"http://localhost/api/integrations/stripe/sync/catalog","userAgent":null,"ip":null,"statusCode":200,"responseTime":2}}

stdout | tests/integrations/stripe.e2e.test.ts > Stripe Integration E2E (API Key) > Sync > triggers transaction sync
{"timestamp":"2025-11-30T08:02:21.928Z","level":"info","service":"calibr-api","message":"Request started: POST /api/integrations/stripe/sync/transactions","requestId":"req_c97rechqbtoyli73jne2j","correlationId":"corr_g35q4z8k0okw2y8hzuhhqj","metadata":{"method":"POST","url":"http://localhost/api/integrations/stripe/sync/transactions","userAgent":null,"ip":null,"query":{},"headers":{"content-type":"application/json","accept":null}}}
{"timestamp":"2025-11-30T08:02:21.929Z","level":"info","service":"calibr-api","message":"Request completed: POST /api/integrations/stripe/sync/transactions - 200 (1ms)","requestId":"req_c97rechqbtoyli73jne2j","correlationId":"corr_g35q4z8k0okw2y8hzuhhqj","metadata":{"method":"POST","url":"http://localhost/api/integrations/stripe/sync/transactions","userAgent":null,"ip":null,"statusCode":200,"responseTime":1}}

 ✓ tests/integrations/stripe.e2e.test.ts  (5 tests) 15ms

 Test Files  1 passed (1)
      Tests  5 passed (5)
   Start at  00:02:21
   Duration  236ms


 PASS  Waiting for file changes...
       press h to show help, press q to quit
       rerun x26
[2K[1A[2K[G[3Jc
 RERUN  app/api/integrations/stripe/sync/catalog/route.ts x27

stdout | tests/integrations/stripe.e2e.test.ts > Stripe Integration E2E (API Key) > Connection Flow > connects with valid API key
{"timestamp":"2025-11-30T08:02:30.809Z","level":"info","service":"calibr-api","message":"Request started: POST /api/integrations/stripe/connect","requestId":"req_5ynw4nnsd379hcepisdri","correlationId":"corr_palyct2by7jlmkxk1s7e","metadata":{"method":"POST","url":"http://localhost/api/integrations/stripe/connect","userAgent":null,"ip":null,"query":{},"headers":{"content-type":"application/json","accept":null}}}
{"timestamp":"2025-11-30T08:02:30.812Z","level":"info","service":"calibr-api","message":"Request completed: POST /api/integrations/stripe/connect - 200 (3ms)","requestId":"req_5ynw4nnsd379hcepisdri","correlationId":"corr_palyct2by7jlmkxk1s7e","metadata":{"method":"POST","url":"http://localhost/api/integrations/stripe/connect","userAgent":null,"ip":null,"statusCode":200,"responseTime":3}}

stdout | tests/integrations/stripe.e2e.test.ts > Stripe Integration E2E (API Key) > Connection Flow > fails with missing params
{"timestamp":"2025-11-30T08:02:30.814Z","level":"info","service":"calibr-api","message":"Request started: POST /api/integrations/stripe/connect","requestId":"req_noytuki42ek5u7t72jfwvt","correlationId":"corr_jod21i36y49m01xub6uku","metadata":{"method":"POST","url":"http://localhost/api/integrations/stripe/connect","userAgent":null,"ip":null,"query":{},"headers":{"content-type":"application/json","accept":null}}}
{"timestamp":"2025-11-30T08:02:30.814Z","level":"warn","service":"calibr-api","message":"Request completed: POST /api/integrations/stripe/connect - 400 (1ms)","requestId":"req_noytuki42ek5u7t72jfwvt","correlationId":"corr_jod21i36y49m01xub6uku","metadata":{"method":"POST","url":"http://localhost/api/integrations/stripe/connect","userAgent":null,"ip":null,"statusCode":400,"responseTime":1}}

stdout | tests/integrations/stripe.e2e.test.ts > Stripe Integration E2E (API Key) > Sync > triggers catalog sync and writes to database
{"timestamp":"2025-11-30T08:02:30.815Z","level":"info","service":"calibr-api","message":"Request started: POST /api/integrations/stripe/sync/catalog","requestId":"req_19v0sykiprxdaxa0ouxua","correlationId":"corr_vya34zavoixlbmkekqht","metadata":{"method":"POST","url":"http://localhost/api/integrations/stripe/sync/catalog","userAgent":null,"ip":null,"query":{},"headers":{"content-type":"application/json","accept":null}}}
{"timestamp":"2025-11-30T08:02:30.816Z","level":"info","service":"calibr-api","message":"Request completed: POST /api/integrations/stripe/sync/catalog - 200 (1ms)","requestId":"req_19v0sykiprxdaxa0ouxua","correlationId":"corr_vya34zavoixlbmkekqht","metadata":{"method":"POST","url":"http://localhost/api/integrations/stripe/sync/catalog","userAgent":null,"ip":null,"statusCode":200,"responseTime":1}}

stdout | tests/integrations/stripe.e2e.test.ts > Stripe Integration E2E (API Key) > Sync > triggers transaction sync
{"timestamp":"2025-11-30T08:02:30.818Z","level":"info","service":"calibr-api","message":"Request started: POST /api/integrations/stripe/sync/transactions","requestId":"req_62so3l49b6e2lfh3666j1i","correlationId":"corr_l029w5xnzd9qpuesv24mp","metadata":{"method":"POST","url":"http://localhost/api/integrations/stripe/sync/transactions","userAgent":null,"ip":null,"query":{},"headers":{"content-type":"application/json","accept":null}}}
{"timestamp":"2025-11-30T08:02:30.819Z","level":"info","service":"calibr-api","message":"Request completed: POST /api/integrations/stripe/sync/transactions - 200 (1ms)","requestId":"req_62so3l49b6e2lfh3666j1i","correlationId":"corr_l029w5xnzd9qpuesv24mp","metadata":{"method":"POST","url":"http://localhost/api/integrations/stripe/sync/transactions","userAgent":null,"ip":null,"statusCode":200,"responseTime":1}}

 ✓ tests/integrations/stripe.e2e.test.ts  (5 tests) 14ms

 Test Files  1 passed (1)
      Tests  5 passed (5)
   Start at  00:02:30
   Duration  206ms


 PASS  Waiting for file changes...
       press h to show help, press q to quit
       rerun x27
[2K[1A[2K[G[3Jc
 RERUN  app/api/integrations/stripe/sync/transactions/route.ts x28

stdout | tests/integrations/stripe.e2e.test.ts > Stripe Integration E2E (API Key) > Connection Flow > connects with valid API key
{"timestamp":"2025-11-30T08:02:32.847Z","level":"info","service":"calibr-api","message":"Request started: POST /api/integrations/stripe/connect","requestId":"req_hegkpcg8owesr1xkbrqud","correlationId":"corr_13slr146ldzeabj7ej4u5k","metadata":{"method":"POST","url":"http://localhost/api/integrations/stripe/connect","userAgent":null,"ip":null,"query":{},"headers":{"content-type":"application/json","accept":null}}}
{"timestamp":"2025-11-30T08:02:32.849Z","level":"info","service":"calibr-api","message":"Request completed: POST /api/integrations/stripe/connect - 200 (3ms)","requestId":"req_hegkpcg8owesr1xkbrqud","correlationId":"corr_13slr146ldzeabj7ej4u5k","metadata":{"method":"POST","url":"http://localhost/api/integrations/stripe/connect","userAgent":null,"ip":null,"statusCode":200,"responseTime":3}}

stdout | tests/integrations/stripe.e2e.test.ts > Stripe Integration E2E (API Key) > Connection Flow > fails with missing params
{"timestamp":"2025-11-30T08:02:32.850Z","level":"info","service":"calibr-api","message":"Request started: POST /api/integrations/stripe/connect","requestId":"req_zft0l7ot6is4y1a02etl9r","correlationId":"corr_r9e4jx3nr538xm488yk0s","metadata":{"method":"POST","url":"http://localhost/api/integrations/stripe/connect","userAgent":null,"ip":null,"query":{},"headers":{"content-type":"application/json","accept":null}}}
{"timestamp":"2025-11-30T08:02:32.851Z","level":"warn","service":"calibr-api","message":"Request completed: POST /api/integrations/stripe/connect - 400 (1ms)","requestId":"req_zft0l7ot6is4y1a02etl9r","correlationId":"corr_r9e4jx3nr538xm488yk0s","metadata":{"method":"POST","url":"http://localhost/api/integrations/stripe/connect","userAgent":null,"ip":null,"statusCode":400,"responseTime":1}}

stdout | tests/integrations/stripe.e2e.test.ts > Stripe Integration E2E (API Key) > Sync > triggers catalog sync and writes to database
{"timestamp":"2025-11-30T08:02:32.851Z","level":"info","service":"calibr-api","message":"Request started: POST /api/integrations/stripe/sync/catalog","requestId":"req_9sk2j7mjkyg814tb20xyr","correlationId":"corr_ukmae5waapqs6uxxbsf74j","metadata":{"method":"POST","url":"http://localhost/api/integrations/stripe/sync/catalog","userAgent":null,"ip":null,"query":{},"headers":{"content-type":"application/json","accept":null}}}
{"timestamp":"2025-11-30T08:02:32.852Z","level":"info","service":"calibr-api","message":"Request completed: POST /api/integrations/stripe/sync/catalog - 200 (1ms)","requestId":"req_9sk2j7mjkyg814tb20xyr","correlationId":"corr_ukmae5waapqs6uxxbsf74j","metadata":{"method":"POST","url":"http://localhost/api/integrations/stripe/sync/catalog","userAgent":null,"ip":null,"statusCode":200,"responseTime":1}}

stdout | tests/integrations/stripe.e2e.test.ts > Stripe Integration E2E (API Key) > Sync > triggers transaction sync
{"timestamp":"2025-11-30T08:02:32.853Z","level":"info","service":"calibr-api","message":"Request started: POST /api/integrations/stripe/sync/transactions","requestId":"req_09yq9xyn3pze4um247vbtcf","correlationId":"corr_qjlgqvma9ygc30amezozba","metadata":{"method":"POST","url":"http://localhost/api/integrations/stripe/sync/transactions","userAgent":null,"ip":null,"query":{},"headers":{"content-type":"application/json","accept":null}}}
{"timestamp":"2025-11-30T08:02:32.854Z","level":"info","service":"calibr-api","message":"Request completed: POST /api/integrations/stripe/sync/transactions - 200 (1ms)","requestId":"req_09yq9xyn3pze4um247vbtcf","correlationId":"corr_qjlgqvma9ygc30amezozba","metadata":{"method":"POST","url":"http://localhost/api/integrations/stripe/sync/transactions","userAgent":null,"ip":null,"statusCode":200,"responseTime":1}}

 ✓ tests/integrations/stripe.e2e.test.ts  (5 tests) 12ms

 Test Files  1 passed (1)
      Tests  5 passed (5)
   Start at  00:02:32
   Duration  204ms


 PASS  Waiting for file changes...
       press h to show help, press q to quit
       rerun x28
[2K[1A[2K[G[3Jc
 RERUN  ../../packages/connectors/amazon.ts x29

stdout | tests/integrations/stripe.e2e.test.ts > Stripe Integration E2E (API Key) > Connection Flow > connects with valid API key
{"timestamp":"2025-11-30T08:03:47.910Z","level":"info","service":"calibr-api","message":"Request started: POST /api/integrations/stripe/connect","requestId":"req_kj6j29h2jur229qhyc62tx","correlationId":"corr_q8iigba6ir9sm54acn40sj","metadata":{"method":"POST","url":"http://localhost/api/integrations/stripe/connect","userAgent":null,"ip":null,"query":{},"headers":{"content-type":"application/json","accept":null}}}
{"timestamp":"2025-11-30T08:03:47.914Z","level":"info","service":"calibr-api","message":"Request completed: POST /api/integrations/stripe/connect - 200 (4ms)","requestId":"req_kj6j29h2jur229qhyc62tx","correlationId":"corr_q8iigba6ir9sm54acn40sj","metadata":{"method":"POST","url":"http://localhost/api/integrations/stripe/connect","userAgent":null,"ip":null,"statusCode":200,"responseTime":4}}

stdout | tests/integrations/stripe.e2e.test.ts > Stripe Integration E2E (API Key) > Connection Flow > fails with missing params
{"timestamp":"2025-11-30T08:03:47.916Z","level":"info","service":"calibr-api","message":"Request started: POST /api/integrations/stripe/connect","requestId":"req_wl9mtttbdkgfs658htxev","correlationId":"corr_01fgsz5xeob8viaxcy9y3ek","metadata":{"method":"POST","url":"http://localhost/api/integrations/stripe/connect","userAgent":null,"ip":null,"query":{},"headers":{"content-type":"application/json","accept":null}}}
{"timestamp":"2025-11-30T08:03:47.916Z","level":"warn","service":"calibr-api","message":"Request completed: POST /api/integrations/stripe/connect - 400 (0ms)","requestId":"req_wl9mtttbdkgfs658htxev","correlationId":"corr_01fgsz5xeob8viaxcy9y3ek","metadata":{"method":"POST","url":"http://localhost/api/integrations/stripe/connect","userAgent":null,"ip":null,"statusCode":400,"responseTime":0}}

stdout | tests/integrations/stripe.e2e.test.ts > Stripe Integration E2E (API Key) > Sync > triggers catalog sync and writes to database
{"timestamp":"2025-11-30T08:03:47.916Z","level":"info","service":"calibr-api","message":"Request started: POST /api/integrations/stripe/sync/catalog","requestId":"req_8k6ad8d5prgnz72stqmx1","correlationId":"corr_c7wtdqsf1at692xrqvsgbo","metadata":{"method":"POST","url":"http://localhost/api/integrations/stripe/sync/catalog","userAgent":null,"ip":null,"query":{},"headers":{"content-type":"application/json","accept":null}}}
{"timestamp":"2025-11-30T08:03:47.917Z","level":"info","service":"calibr-api","message":"Request completed: POST /api/integrations/stripe/sync/catalog - 200 (1ms)","requestId":"req_8k6ad8d5prgnz72stqmx1","correlationId":"corr_c7wtdqsf1at692xrqvsgbo","metadata":{"method":"POST","url":"http://localhost/api/integrations/stripe/sync/catalog","userAgent":null,"ip":null,"statusCode":200,"responseTime":1}}

stdout | tests/integrations/stripe.e2e.test.ts > Stripe Integration E2E (API Key) > Sync > triggers transaction sync
{"timestamp":"2025-11-30T08:03:47.919Z","level":"info","service":"calibr-api","message":"Request started: POST /api/integrations/stripe/sync/transactions","requestId":"req_j1p26jjtprpouetkz2c8w","correlationId":"corr_ojx3db1xdhfr5vq3i1wv8","metadata":{"method":"POST","url":"http://localhost/api/integrations/stripe/sync/transactions","userAgent":null,"ip":null,"query":{},"headers":{"content-type":"application/json","accept":null}}}
{"timestamp":"2025-11-30T08:03:47.919Z","level":"info","service":"calibr-api","message":"Request completed: POST /api/integrations/stripe/sync/transactions - 200 (1ms)","requestId":"req_j1p26jjtprpouetkz2c8w","correlationId":"corr_ojx3db1xdhfr5vq3i1wv8","metadata":{"method":"POST","url":"http://localhost/api/integrations/stripe/sync/transactions","userAgent":null,"ip":null,"statusCode":200,"responseTime":1}}

 ✓ tests/integrations/stripe.e2e.test.ts  (5 tests) 13ms

 Test Files  1 passed (1)
      Tests  5 passed (5)
   Start at  00:03:47
   Duration  261ms


 PASS  Waiting for file changes...
       press h to show help, press q to quit
       rerun x29
[2K[1A[2K[G[3Jc
 RERUN  ../../packages/connectors/amazon.ts x30

stdout | tests/integrations/stripe.e2e.test.ts > Stripe Integration E2E (API Key) > Connection Flow > connects with valid API key
{"timestamp":"2025-11-30T08:03:48.886Z","level":"info","service":"calibr-api","message":"Request started: POST /api/integrations/stripe/connect","requestId":"req_smzmohnkth2oai9zrpko3","correlationId":"corr_4kvmsv48luazxy7ka0e0b7","metadata":{"method":"POST","url":"http://localhost/api/integrations/stripe/connect","userAgent":null,"ip":null,"query":{},"headers":{"content-type":"application/json","accept":null}}}
{"timestamp":"2025-11-30T08:03:48.889Z","level":"info","service":"calibr-api","message":"Request completed: POST /api/integrations/stripe/connect - 200 (3ms)","requestId":"req_smzmohnkth2oai9zrpko3","correlationId":"corr_4kvmsv48luazxy7ka0e0b7","metadata":{"method":"POST","url":"http://localhost/api/integrations/stripe/connect","userAgent":null,"ip":null,"statusCode":200,"responseTime":3}}

stdout | tests/integrations/stripe.e2e.test.ts > Stripe Integration E2E (API Key) > Connection Flow > fails with missing params
{"timestamp":"2025-11-30T08:03:48.890Z","level":"info","service":"calibr-api","message":"Request started: POST /api/integrations/stripe/connect","requestId":"req_l4yhwcqrd7ajpjwgp5w4n","correlationId":"corr_oxc8y9z0wamoha92c26lq7","metadata":{"method":"POST","url":"http://localhost/api/integrations/stripe/connect","userAgent":null,"ip":null,"query":{},"headers":{"content-type":"application/json","accept":null}}}
{"timestamp":"2025-11-30T08:03:48.890Z","level":"warn","service":"calibr-api","message":"Request completed: POST /api/integrations/stripe/connect - 400 (0ms)","requestId":"req_l4yhwcqrd7ajpjwgp5w4n","correlationId":"corr_oxc8y9z0wamoha92c26lq7","metadata":{"method":"POST","url":"http://localhost/api/integrations/stripe/connect","userAgent":null,"ip":null,"statusCode":400,"responseTime":0}}

stdout | tests/integrations/stripe.e2e.test.ts > Stripe Integration E2E (API Key) > Sync > triggers catalog sync and writes to database
{"timestamp":"2025-11-30T08:03:48.891Z","level":"info","service":"calibr-api","message":"Request started: POST /api/integrations/stripe/sync/catalog","requestId":"req_15izlzlubxgngixrqojoxj","correlationId":"corr_w1xpsvhfpfjl2dahqyom","metadata":{"method":"POST","url":"http://localhost/api/integrations/stripe/sync/catalog","userAgent":null,"ip":null,"query":{},"headers":{"content-type":"application/json","accept":null}}}
{"timestamp":"2025-11-30T08:03:48.891Z","level":"info","service":"calibr-api","message":"Request completed: POST /api/integrations/stripe/sync/catalog - 200 (0ms)","requestId":"req_15izlzlubxgngixrqojoxj","correlationId":"corr_w1xpsvhfpfjl2dahqyom","metadata":{"method":"POST","url":"http://localhost/api/integrations/stripe/sync/catalog","userAgent":null,"ip":null,"statusCode":200,"responseTime":0}}

stdout | tests/integrations/stripe.e2e.test.ts > Stripe Integration E2E (API Key) > Sync > triggers transaction sync
{"timestamp":"2025-11-30T08:03:48.893Z","level":"info","service":"calibr-api","message":"Request started: POST /api/integrations/stripe/sync/transactions","requestId":"req_24niqmcn1r1747r2vtjsvu","correlationId":"corr_s4ib05obq9ycycpap69oj","metadata":{"method":"POST","url":"http://localhost/api/integrations/stripe/sync/transactions","userAgent":null,"ip":null,"query":{},"headers":{"content-type":"application/json","accept":null}}}
{"timestamp":"2025-11-30T08:03:48.894Z","level":"info","service":"calibr-api","message":"Request completed: POST /api/integrations/stripe/sync/transactions - 200 (1ms)","requestId":"req_24niqmcn1r1747r2vtjsvu","correlationId":"corr_s4ib05obq9ycycpap69oj","metadata":{"method":"POST","url":"http://localhost/api/integrations/stripe/sync/transactions","userAgent":null,"ip":null,"statusCode":200,"responseTime":1}}

 ✓ tests/integrations/stripe.e2e.test.ts  (5 tests) 12ms

 Test Files  1 passed (1)
      Tests  5 passed (5)
   Start at  00:03:48
   Duration  173ms


 PASS  Waiting for file changes...
       press h to show help, press q to quit
       rerun x30
[2K[1A[2K[G[3Jc
 RERUN  ../../packages/connectors/src/stripe/StripeConnector.ts x31

stdout | tests/integrations/stripe.e2e.test.ts > Stripe Integration E2E (API Key) > Connection Flow > connects with valid API key
{"timestamp":"2025-11-30T08:04:25.603Z","level":"info","service":"calibr-api","message":"Request started: POST /api/integrations/stripe/connect","requestId":"req_amnegf8uttnu9q29yesckd","correlationId":"corr_5s6efw3z47k7zlnr0tyku","metadata":{"method":"POST","url":"http://localhost/api/integrations/stripe/connect","userAgent":null,"ip":null,"query":{},"headers":{"content-type":"application/json","accept":null}}}
{"timestamp":"2025-11-30T08:04:25.609Z","level":"info","service":"calibr-api","message":"Request completed: POST /api/integrations/stripe/connect - 200 (7ms)","requestId":"req_amnegf8uttnu9q29yesckd","correlationId":"corr_5s6efw3z47k7zlnr0tyku","metadata":{"method":"POST","url":"http://localhost/api/integrations/stripe/connect","userAgent":null,"ip":null,"statusCode":200,"responseTime":7}}

stdout | tests/integrations/stripe.e2e.test.ts > Stripe Integration E2E (API Key) > Connection Flow > fails with missing params
{"timestamp":"2025-11-30T08:04:25.611Z","level":"info","service":"calibr-api","message":"Request started: POST /api/integrations/stripe/connect","requestId":"req_1f6ybnqz6zjdyvd3fve5kh","correlationId":"corr_3f3dm931xk73in56zj8x99","metadata":{"method":"POST","url":"http://localhost/api/integrations/stripe/connect","userAgent":null,"ip":null,"query":{},"headers":{"content-type":"application/json","accept":null}}}
{"timestamp":"2025-11-30T08:04:25.612Z","level":"warn","service":"calibr-api","message":"Request completed: POST /api/integrations/stripe/connect - 400 (1ms)","requestId":"req_1f6ybnqz6zjdyvd3fve5kh","correlationId":"corr_3f3dm931xk73in56zj8x99","metadata":{"method":"POST","url":"http://localhost/api/integrations/stripe/connect","userAgent":null,"ip":null,"statusCode":400,"responseTime":1}}

stdout | tests/integrations/stripe.e2e.test.ts > Stripe Integration E2E (API Key) > Sync > triggers catalog sync and writes to database
{"timestamp":"2025-11-30T08:04:25.614Z","level":"info","service":"calibr-api","message":"Request started: POST /api/integrations/stripe/sync/catalog","requestId":"req_ma0lxigljhga5nykf3psfm","correlationId":"corr_lj8uv04wi1b722a8acjjh","metadata":{"method":"POST","url":"http://localhost/api/integrations/stripe/sync/catalog","userAgent":null,"ip":null,"query":{},"headers":{"content-type":"application/json","accept":null}}}
{"timestamp":"2025-11-30T08:04:25.615Z","level":"info","service":"calibr-api","message":"Request completed: POST /api/integrations/stripe/sync/catalog - 200 (1ms)","requestId":"req_ma0lxigljhga5nykf3psfm","correlationId":"corr_lj8uv04wi1b722a8acjjh","metadata":{"method":"POST","url":"http://localhost/api/integrations/stripe/sync/catalog","userAgent":null,"ip":null,"statusCode":200,"responseTime":1}}

stdout | tests/integrations/stripe.e2e.test.ts > Stripe Integration E2E (API Key) > Sync > triggers transaction sync
{"timestamp":"2025-11-30T08:04:25.618Z","level":"info","service":"calibr-api","message":"Request started: POST /api/integrations/stripe/sync/transactions","requestId":"req_h7hb45i95lgencooadb2r","correlationId":"corr_0cbnmk2zf4wazg0p402kjnl","metadata":{"method":"POST","url":"http://localhost/api/integrations/stripe/sync/transactions","userAgent":null,"ip":null,"query":{},"headers":{"content-type":"application/json","accept":null}}}
{"timestamp":"2025-11-30T08:04:25.619Z","level":"info","service":"calibr-api","message":"Request completed: POST /api/integrations/stripe/sync/transactions - 200 (1ms)","requestId":"req_h7hb45i95lgencooadb2r","correlationId":"corr_0cbnmk2zf4wazg0p402kjnl","metadata":{"method":"POST","url":"http://localhost/api/integrations/stripe/sync/transactions","userAgent":null,"ip":null,"statusCode":200,"responseTime":1}}

 ✓ tests/integrations/stripe.e2e.test.ts  (5 tests) 23ms

 Test Files  1 passed (1)
      Tests  5 passed (5)
   Start at  00:04:25
   Duration  326ms


 PASS  Waiting for file changes...
       press h to show help, press q to quit
       rerun x31
[2K[1A[2K[G[3Jc
 RERUN  app/api/integrations/stripe/connect/route.ts x32

stdout | tests/integrations/stripe.e2e.test.ts > Stripe Integration E2E (API Key) > Connection Flow > connects with valid API key
{"timestamp":"2025-11-30T08:09:01.041Z","level":"info","service":"calibr-api","message":"Request started: POST /api/integrations/stripe/connect","requestId":"req_xilhnm20jbat6k02yk0p","correlationId":"corr_lveim4a0j1vzyc31ytgt8","metadata":{"method":"POST","url":"http://localhost/api/integrations/stripe/connect","userAgent":null,"ip":null,"query":{},"headers":{"content-type":"application/json","accept":null}}}
{"timestamp":"2025-11-30T08:09:01.043Z","level":"info","service":"calibr-api","message":"Request completed: POST /api/integrations/stripe/connect - 200 (2ms)","requestId":"req_xilhnm20jbat6k02yk0p","correlationId":"corr_lveim4a0j1vzyc31ytgt8","metadata":{"method":"POST","url":"http://localhost/api/integrations/stripe/connect","userAgent":null,"ip":null,"statusCode":200,"responseTime":2}}

stdout | tests/integrations/stripe.e2e.test.ts > Stripe Integration E2E (API Key) > Connection Flow > fails with missing params
{"timestamp":"2025-11-30T08:09:01.046Z","level":"info","service":"calibr-api","message":"Request started: POST /api/integrations/stripe/connect","requestId":"req_qge7w0n5tf3f6bp6ww50y","correlationId":"corr_fklzf2yhdt82sdprnvoys","metadata":{"method":"POST","url":"http://localhost/api/integrations/stripe/connect","userAgent":null,"ip":null,"query":{},"headers":{"content-type":"application/json","accept":null}}}
{"timestamp":"2025-11-30T08:09:01.046Z","level":"warn","service":"calibr-api","message":"Request completed: POST /api/integrations/stripe/connect - 400 (0ms)","requestId":"req_qge7w0n5tf3f6bp6ww50y","correlationId":"corr_fklzf2yhdt82sdprnvoys","metadata":{"method":"POST","url":"http://localhost/api/integrations/stripe/connect","userAgent":null,"ip":null,"statusCode":400,"responseTime":0}}

stdout | tests/integrations/stripe.e2e.test.ts > Stripe Integration E2E (API Key) > Sync > triggers catalog sync and writes to database
{"timestamp":"2025-11-30T08:09:01.048Z","level":"info","service":"calibr-api","message":"Request started: POST /api/integrations/stripe/sync/catalog","requestId":"req_itx5mm8dgoe7xsl8sydhm","correlationId":"corr_oxeszc30wyoj7hfv7med","metadata":{"method":"POST","url":"http://localhost/api/integrations/stripe/sync/catalog","userAgent":null,"ip":null,"query":{},"headers":{"content-type":"application/json","accept":null}}}
{"timestamp":"2025-11-30T08:09:01.049Z","level":"info","service":"calibr-api","message":"Request completed: POST /api/integrations/stripe/sync/catalog - 200 (1ms)","requestId":"req_itx5mm8dgoe7xsl8sydhm","correlationId":"corr_oxeszc30wyoj7hfv7med","metadata":{"method":"POST","url":"http://localhost/api/integrations/stripe/sync/catalog","userAgent":null,"ip":null,"statusCode":200,"responseTime":1}}

stdout | tests/integrations/stripe.e2e.test.ts > Stripe Integration E2E (API Key) > Sync > triggers transaction sync
{"timestamp":"2025-11-30T08:09:01.052Z","level":"info","service":"calibr-api","message":"Request started: POST /api/integrations/stripe/sync/transactions","requestId":"req_o2fcl8l0s9hfiwjh2lry","correlationId":"corr_qoqottbo55059fg3hnk67l","metadata":{"method":"POST","url":"http://localhost/api/integrations/stripe/sync/transactions","userAgent":null,"ip":null,"query":{},"headers":{"content-type":"application/json","accept":null}}}
{"timestamp":"2025-11-30T08:09:01.053Z","level":"info","service":"calibr-api","message":"Request completed: POST /api/integrations/stripe/sync/transactions - 200 (1ms)","requestId":"req_o2fcl8l0s9hfiwjh2lry","correlationId":"corr_qoqottbo55059fg3hnk67l","metadata":{"method":"POST","url":"http://localhost/api/integrations/stripe/sync/transactions","userAgent":null,"ip":null,"statusCode":200,"responseTime":1}}

 ✓ tests/integrations/stripe.e2e.test.ts  (5 tests) 17ms

 Test Files  1 passed (1)
      Tests  5 passed (5)
   Start at  00:09:00
   Duration  252ms


 PASS  Waiting for file changes...
       press h to show help, press q to quit
       rerun x32
[2K[1A[2K[G[3Jc
 RERUN  tests/copilot-intent.test.ts x1

stdout | tests/copilot-intent.test.ts > Copilot Intent Detection > detects simulation intent and calls generatePricingRule
[Copilot] Query received: {
  projectSlug: 'demo',
  query: 'Increase prices by 10%',
  userId: 'user1'
}

stderr | tests/copilot-intent.test.ts > Copilot Intent Detection > detects simulation intent and calls generatePricingRule
[Copilot] RBAC check failed: TypeError: __vite_ssr_import_2__.prisma is not a function
    at requireProjectAccess (/Users/rakes/Documents/antigravity/calibrate/apps/api/app/api/v1/copilot/route.ts:114:27)
    at Module.POST2 (/Users/rakes/Documents/antigravity/calibrate/apps/api/app/api/v1/copilot/route.ts:230:26)
    at /Users/rakes/Documents/antigravity/calibrate/apps/api/tests/copilot-intent.test.ts:69:21
    at runTest (file:///Users/rakes/Documents/antigravity/calibrate/node_modules/.pnpm/@vitest+runner@1.6.1/node_modules/@vitest/runner/dist/index.js:781:11)
    at runSuite (file:///Users/rakes/Documents/antigravity/calibrate/node_modules/.pnpm/@vitest+runner@1.6.1/node_modules/@vitest/runner/dist/index.js:909:15)
    at runSuite (file:///Users/rakes/Documents/antigravity/calibrate/node_modules/.pnpm/@vitest+runner@1.6.1/node_modules/@vitest/runner/dist/index.js:909:15)
    at runFiles (file:///Users/rakes/Documents/antigravity/calibrate/node_modules/.pnpm/@vitest+runner@1.6.1/node_modules/@vitest/runner/dist/index.js:958:5)
    at startTests (file:///Users/rakes/Documents/antigravity/calibrate/node_modules/.pnpm/@vitest+runner@1.6.1/node_modules/@vitest/runner/dist/index.js:967:3)
    at file:///Users/rakes/Documents/antigravity/calibrate/node_modules/.pnpm/vitest@1.6.1_@types+node@20.19.22_@vitest+ui@4.0.4_jsdom@22.1.0/node_modules/vitest/dist/chunks/runtime-runBaseTests.oAvMKtQC.js:116:7
    at withEnv (file:///Users/rakes/Documents/antigravity/calibrate/node_modules/.pnpm/vitest@1.6.1_@types+node@20.19.22_@vitest+ui@4.0.4_jsdom@22.1.0/node_modules/vitest/dist/chunks/runtime-runBaseTests.oAvMKtQC.js:83:5)

stdout | tests/copilot-intent.test.ts > Copilot Intent Detection > detects normal query intent and calls generateSQL
[Copilot] Query received: { projectSlug: 'demo', query: 'Show me all products', userId: 'user1' }

stderr | tests/copilot-intent.test.ts > Copilot Intent Detection > detects normal query intent and calls generateSQL
[Copilot] RBAC check failed: TypeError: __vite_ssr_import_2__.prisma is not a function
    at requireProjectAccess (/Users/rakes/Documents/antigravity/calibrate/apps/api/app/api/v1/copilot/route.ts:114:27)
    at Module.POST2 (/Users/rakes/Documents/antigravity/calibrate/apps/api/app/api/v1/copilot/route.ts:230:26)
    at /Users/rakes/Documents/antigravity/calibrate/apps/api/tests/copilot-intent.test.ts:93:21
    at runTest (file:///Users/rakes/Documents/antigravity/calibrate/node_modules/.pnpm/@vitest+runner@1.6.1/node_modules/@vitest/runner/dist/index.js:781:11)
    at runSuite (file:///Users/rakes/Documents/antigravity/calibrate/node_modules/.pnpm/@vitest+runner@1.6.1/node_modules/@vitest/runner/dist/index.js:909:15)
    at runSuite (file:///Users/rakes/Documents/antigravity/calibrate/node_modules/.pnpm/@vitest+runner@1.6.1/node_modules/@vitest/runner/dist/index.js:909:15)
    at runFiles (file:///Users/rakes/Documents/antigravity/calibrate/node_modules/.pnpm/@vitest+runner@1.6.1/node_modules/@vitest/runner/dist/index.js:958:5)
    at startTests (file:///Users/rakes/Documents/antigravity/calibrate/node_modules/.pnpm/@vitest+runner@1.6.1/node_modules/@vitest/runner/dist/index.js:967:3)
    at file:///Users/rakes/Documents/antigravity/calibrate/node_modules/.pnpm/vitest@1.6.1_@types+node@20.19.22_@vitest+ui@4.0.4_jsdom@22.1.0/node_modules/vitest/dist/chunks/runtime-runBaseTests.oAvMKtQC.js:116:7
    at withEnv (file:///Users/rakes/Documents/antigravity/calibrate/node_modules/.pnpm/vitest@1.6.1_@types+node@20.19.22_@vitest+ui@4.0.4_jsdom@22.1.0/node_modules/vitest/dist/chunks/runtime-runBaseTests.oAvMKtQC.js:83:5)

 ❯ tests/copilot-intent.test.ts  (2 tests | 2 failed) 29ms
   ❯ tests/copilot-intent.test.ts > Copilot Intent Detection > detects simulation intent and calls generatePricingRule
     → expected 403 to be 200 // Object.is equality
   ❯ tests/copilot-intent.test.ts > Copilot Intent Detection > detects normal query intent and calls generateSQL
     → expected 403 to be 200 // Object.is equality

⎯⎯⎯⎯⎯⎯⎯ Failed Tests 2 ⎯⎯⎯⎯⎯⎯⎯

 FAIL  tests/copilot-intent.test.ts > Copilot Intent Detection > detects simulation intent and calls generatePricingRule
AssertionError: expected 403 to be 200 // Object.is equality

- Expected
+ Received

- 200
+ 403

 ❯ tests/copilot-intent.test.ts:77:28
     75|         const body = await res.json()
     76| 
     77|         expect(res.status).toBe(200)
       |                            ^
     78|         expect(body.type).toBe('simulation')
     79|         expect(generatePricingRule).toHaveBeenCalledWith(

⎯⎯⎯⎯⎯⎯⎯⎯⎯⎯⎯⎯⎯⎯⎯⎯⎯⎯⎯⎯⎯⎯⎯⎯[1/2]⎯

 FAIL  tests/copilot-intent.test.ts > Copilot Intent Detection > detects normal query intent and calls generateSQL
AssertionError: expected 403 to be 200 // Object.is equality

- Expected
+ Received

- 200
+ 403

 ❯ tests/copilot-intent.test.ts:101:28
     99|         const body = await res.json()
    100| 
    101|         expect(res.status).toBe(200)
       |                            ^
    102|         expect(body.type).toBe('query')
    103|         expect(generateSQL).toHaveBeenCalled()

⎯⎯⎯⎯⎯⎯⎯⎯⎯⎯⎯⎯⎯⎯⎯⎯⎯⎯⎯⎯⎯⎯⎯⎯[2/2]⎯

 Test Files  1 failed (1)
      Tests  2 failed (2)
   Start at  17:45:56
   Duration  128ms


 FAIL  Tests failed. Watching for file changes...
       press h to show help, press q to quit
       rerun x1
[2K[1A[2K[G[3Jc
 RERUN  tests/copilot-intent.test.ts x2

stdout | tests/copilot-intent.test.ts > Copilot Intent Detection > detects simulation intent and calls generatePricingRule
[Copilot] Query received: {
  projectSlug: 'demo',
  query: 'Increase prices by 10%',
  userId: 'user1'
}

stderr | tests/copilot-intent.test.ts > Copilot Intent Detection > detects simulation intent and calls generatePricingRule
[Copilot] RBAC check failed: TypeError: __vite_ssr_import_2__.prisma is not a function
    at requireProjectAccess (/Users/rakes/Documents/antigravity/calibrate/apps/api/app/api/v1/copilot/route.ts:114:27)
    at POST2 (/Users/rakes/Documents/antigravity/calibrate/apps/api/app/api/v1/copilot/route.ts:230:26)
    at /Users/rakes/Documents/antigravity/calibrate/apps/api/tests/copilot-intent.test.ts:77:21
    at runTest (file:///Users/rakes/Documents/antigravity/calibrate/node_modules/.pnpm/@vitest+runner@1.6.1/node_modules/@vitest/runner/dist/index.js:781:11)
    at runSuite (file:///Users/rakes/Documents/antigravity/calibrate/node_modules/.pnpm/@vitest+runner@1.6.1/node_modules/@vitest/runner/dist/index.js:909:15)
    at runSuite (file:///Users/rakes/Documents/antigravity/calibrate/node_modules/.pnpm/@vitest+runner@1.6.1/node_modules/@vitest/runner/dist/index.js:909:15)
    at runFiles (file:///Users/rakes/Documents/antigravity/calibrate/node_modules/.pnpm/@vitest+runner@1.6.1/node_modules/@vitest/runner/dist/index.js:958:5)
    at startTests (file:///Users/rakes/Documents/antigravity/calibrate/node_modules/.pnpm/@vitest+runner@1.6.1/node_modules/@vitest/runner/dist/index.js:967:3)
    at file:///Users/rakes/Documents/antigravity/calibrate/node_modules/.pnpm/vitest@1.6.1_@types+node@20.19.22_@vitest+ui@4.0.4_jsdom@22.1.0/node_modules/vitest/dist/chunks/runtime-runBaseTests.oAvMKtQC.js:116:7
    at withEnv (file:///Users/rakes/Documents/antigravity/calibrate/node_modules/.pnpm/vitest@1.6.1_@types+node@20.19.22_@vitest+ui@4.0.4_jsdom@22.1.0/node_modules/vitest/dist/chunks/runtime-runBaseTests.oAvMKtQC.js:83:5)

stdout | tests/copilot-intent.test.ts > Copilot Intent Detection > detects normal query intent and calls generateSQL
[Copilot] Query received: { projectSlug: 'demo', query: 'Show me all products', userId: 'user1' }

stderr | tests/copilot-intent.test.ts > Copilot Intent Detection > detects normal query intent and calls generateSQL
[Copilot] RBAC check failed: TypeError: __vite_ssr_import_2__.prisma is not a function
    at requireProjectAccess (/Users/rakes/Documents/antigravity/calibrate/apps/api/app/api/v1/copilot/route.ts:114:27)
    at POST2 (/Users/rakes/Documents/antigravity/calibrate/apps/api/app/api/v1/copilot/route.ts:230:26)
    at /Users/rakes/Documents/antigravity/calibrate/apps/api/tests/copilot-intent.test.ts:101:21
    at runTest (file:///Users/rakes/Documents/antigravity/calibrate/node_modules/.pnpm/@vitest+runner@1.6.1/node_modules/@vitest/runner/dist/index.js:781:11)
    at runSuite (file:///Users/rakes/Documents/antigravity/calibrate/node_modules/.pnpm/@vitest+runner@1.6.1/node_modules/@vitest/runner/dist/index.js:909:15)
    at runSuite (file:///Users/rakes/Documents/antigravity/calibrate/node_modules/.pnpm/@vitest+runner@1.6.1/node_modules/@vitest/runner/dist/index.js:909:15)
    at runFiles (file:///Users/rakes/Documents/antigravity/calibrate/node_modules/.pnpm/@vitest+runner@1.6.1/node_modules/@vitest/runner/dist/index.js:958:5)
    at startTests (file:///Users/rakes/Documents/antigravity/calibrate/node_modules/.pnpm/@vitest+runner@1.6.1/node_modules/@vitest/runner/dist/index.js:967:3)
    at file:///Users/rakes/Documents/antigravity/calibrate/node_modules/.pnpm/vitest@1.6.1_@types+node@20.19.22_@vitest+ui@4.0.4_jsdom@22.1.0/node_modules/vitest/dist/chunks/runtime-runBaseTests.oAvMKtQC.js:116:7
    at withEnv (file:///Users/rakes/Documents/antigravity/calibrate/node_modules/.pnpm/vitest@1.6.1_@types+node@20.19.22_@vitest+ui@4.0.4_jsdom@22.1.0/node_modules/vitest/dist/chunks/runtime-runBaseTests.oAvMKtQC.js:83:5)

 ❯ tests/copilot-intent.test.ts  (2 tests | 2 failed) 44ms
   ❯ tests/copilot-intent.test.ts > Copilot Intent Detection > detects simulation intent and calls generatePricingRule
     → expected 403 to be 200 // Object.is equality
   ❯ tests/copilot-intent.test.ts > Copilot Intent Detection > detects normal query intent and calls generateSQL
     → expected 403 to be 200 // Object.is equality

⎯⎯⎯⎯⎯⎯⎯ Failed Tests 2 ⎯⎯⎯⎯⎯⎯⎯

 FAIL  tests/copilot-intent.test.ts > Copilot Intent Detection > detects simulation intent and calls generatePricingRule
AssertionError: expected 403 to be 200 // Object.is equality

- Expected
+ Received

- 200
+ 403

 ❯ tests/copilot-intent.test.ts:85:28
     83|         const body = await res.json()
     84| 
     85|         expect(res.status).toBe(200)
       |                            ^
     86|         expect(body.type).toBe('simulation')
     87|         expect(generatePricingRule).toHaveBeenCalledWith(

⎯⎯⎯⎯⎯⎯⎯⎯⎯⎯⎯⎯⎯⎯⎯⎯⎯⎯⎯⎯⎯⎯⎯⎯[1/2]⎯

 FAIL  tests/copilot-intent.test.ts > Copilot Intent Detection > detects normal query intent and calls generateSQL
AssertionError: expected 403 to be 200 // Object.is equality

- Expected
+ Received

- 200
+ 403

 ❯ tests/copilot-intent.test.ts:109:28
    107|         const body = await res.json()
    108| 
    109|         expect(res.status).toBe(200)
       |                            ^
    110|         expect(body.type).toBe('query')
    111|         expect(generateSQL).toHaveBeenCalled()

⎯⎯⎯⎯⎯⎯⎯⎯⎯⎯⎯⎯⎯⎯⎯⎯⎯⎯⎯⎯⎯⎯⎯⎯[2/2]⎯

 Test Files  1 failed (1)
      Tests  2 failed (2)
   Start at  17:47:31
   Duration  119ms


 FAIL  Tests failed. Watching for file changes...
       press h to show help, press q to quit
       rerun x2
[2K[1A[2K[G[3Jc
 RERUN  tests/copilot-intent.test.ts x3

stdout | tests/copilot-intent.test.ts > Copilot Intent Detection > detects simulation intent and calls generatePricingRule
Mock withSecurity called
Injected access: {
  projectId: 'proj1',
  tenantId: 'tenant1',
  role: 'EDITOR',
  userId: 'user1'
}
[Copilot] Query received: {
  projectSlug: 'demo',
  query: 'Increase prices by 10%',
  userId: 'user1'
}

stderr | tests/copilot-intent.test.ts > Copilot Intent Detection > detects simulation intent and calls generatePricingRule
[Copilot] RBAC check failed: TypeError: __vite_ssr_import_2__.prisma is not a function
    at requireProjectAccess (/Users/rakes/Documents/antigravity/calibrate/apps/api/app/api/v1/copilot/route.ts:114:27)
    at POST2 (/Users/rakes/Documents/antigravity/calibrate/apps/api/app/api/v1/copilot/route.ts:230:26)
    at /Users/rakes/Documents/antigravity/calibrate/apps/api/tests/copilot-intent.test.ts:79:21
    at runTest (file:///Users/rakes/Documents/antigravity/calibrate/node_modules/.pnpm/@vitest+runner@1.6.1/node_modules/@vitest/runner/dist/index.js:781:11)
    at runSuite (file:///Users/rakes/Documents/antigravity/calibrate/node_modules/.pnpm/@vitest+runner@1.6.1/node_modules/@vitest/runner/dist/index.js:909:15)
    at runSuite (file:///Users/rakes/Documents/antigravity/calibrate/node_modules/.pnpm/@vitest+runner@1.6.1/node_modules/@vitest/runner/dist/index.js:909:15)
    at runFiles (file:///Users/rakes/Documents/antigravity/calibrate/node_modules/.pnpm/@vitest+runner@1.6.1/node_modules/@vitest/runner/dist/index.js:958:5)
    at startTests (file:///Users/rakes/Documents/antigravity/calibrate/node_modules/.pnpm/@vitest+runner@1.6.1/node_modules/@vitest/runner/dist/index.js:967:3)
    at file:///Users/rakes/Documents/antigravity/calibrate/node_modules/.pnpm/vitest@1.6.1_@types+node@20.19.22_@vitest+ui@4.0.4_jsdom@22.1.0/node_modules/vitest/dist/chunks/runtime-runBaseTests.oAvMKtQC.js:116:7
    at withEnv (file:///Users/rakes/Documents/antigravity/calibrate/node_modules/.pnpm/vitest@1.6.1_@types+node@20.19.22_@vitest+ui@4.0.4_jsdom@22.1.0/node_modules/vitest/dist/chunks/runtime-runBaseTests.oAvMKtQC.js:83:5)

stdout | tests/copilot-intent.test.ts > Copilot Intent Detection > detects normal query intent and calls generateSQL
Mock withSecurity called
Injected access: {
  projectId: 'proj1',
  tenantId: 'tenant1',
  role: 'EDITOR',
  userId: 'user1'
}
[Copilot] Query received: { projectSlug: 'demo', query: 'Show me all products', userId: 'user1' }

stderr | tests/copilot-intent.test.ts > Copilot Intent Detection > detects normal query intent and calls generateSQL
[Copilot] RBAC check failed: TypeError: __vite_ssr_import_2__.prisma is not a function
    at requireProjectAccess (/Users/rakes/Documents/antigravity/calibrate/apps/api/app/api/v1/copilot/route.ts:114:27)
    at POST2 (/Users/rakes/Documents/antigravity/calibrate/apps/api/app/api/v1/copilot/route.ts:230:26)
    at /Users/rakes/Documents/antigravity/calibrate/apps/api/tests/copilot-intent.test.ts:103:21
    at runTest (file:///Users/rakes/Documents/antigravity/calibrate/node_modules/.pnpm/@vitest+runner@1.6.1/node_modules/@vitest/runner/dist/index.js:781:11)
    at runSuite (file:///Users/rakes/Documents/antigravity/calibrate/node_modules/.pnpm/@vitest+runner@1.6.1/node_modules/@vitest/runner/dist/index.js:909:15)
    at runSuite (file:///Users/rakes/Documents/antigravity/calibrate/node_modules/.pnpm/@vitest+runner@1.6.1/node_modules/@vitest/runner/dist/index.js:909:15)
    at runFiles (file:///Users/rakes/Documents/antigravity/calibrate/node_modules/.pnpm/@vitest+runner@1.6.1/node_modules/@vitest/runner/dist/index.js:958:5)
    at startTests (file:///Users/rakes/Documents/antigravity/calibrate/node_modules/.pnpm/@vitest+runner@1.6.1/node_modules/@vitest/runner/dist/index.js:967:3)
    at file:///Users/rakes/Documents/antigravity/calibrate/node_modules/.pnpm/vitest@1.6.1_@types+node@20.19.22_@vitest+ui@4.0.4_jsdom@22.1.0/node_modules/vitest/dist/chunks/runtime-runBaseTests.oAvMKtQC.js:116:7
    at withEnv (file:///Users/rakes/Documents/antigravity/calibrate/node_modules/.pnpm/vitest@1.6.1_@types+node@20.19.22_@vitest+ui@4.0.4_jsdom@22.1.0/node_modules/vitest/dist/chunks/runtime-runBaseTests.oAvMKtQC.js:83:5)

 ❯ tests/copilot-intent.test.ts  (2 tests | 2 failed) 13ms
   ❯ tests/copilot-intent.test.ts > Copilot Intent Detection > detects simulation intent and calls generatePricingRule
     → expected 403 to be 200 // Object.is equality
   ❯ tests/copilot-intent.test.ts > Copilot Intent Detection > detects normal query intent and calls generateSQL
     → expected 403 to be 200 // Object.is equality

⎯⎯⎯⎯⎯⎯⎯ Failed Tests 2 ⎯⎯⎯⎯⎯⎯⎯

 FAIL  tests/copilot-intent.test.ts > Copilot Intent Detection > detects simulation intent and calls generatePricingRule
AssertionError: expected 403 to be 200 // Object.is equality

- Expected
+ Received

- 200
+ 403

 ❯ tests/copilot-intent.test.ts:87:28
     85|         const body = await res.json()
     86| 
     87|         expect(res.status).toBe(200)
       |                            ^
     88|         expect(body.type).toBe('simulation')
     89|         expect(generatePricingRule).toHaveBeenCalledWith(

⎯⎯⎯⎯⎯⎯⎯⎯⎯⎯⎯⎯⎯⎯⎯⎯⎯⎯⎯⎯⎯⎯⎯⎯[1/2]⎯

 FAIL  tests/copilot-intent.test.ts > Copilot Intent Detection > detects normal query intent and calls generateSQL
AssertionError: expected 403 to be 200 // Object.is equality

- Expected
+ Received

- 200
+ 403

 ❯ tests/copilot-intent.test.ts:111:28
    109|         const body = await res.json()
    110| 
    111|         expect(res.status).toBe(200)
       |                            ^
    112|         expect(body.type).toBe('query')
    113|         expect(generateSQL).toHaveBeenCalled()

⎯⎯⎯⎯⎯⎯⎯⎯⎯⎯⎯⎯⎯⎯⎯⎯⎯⎯⎯⎯⎯⎯⎯⎯[2/2]⎯

 Test Files  1 failed (1)
      Tests  2 failed (2)
   Start at  17:49:23
   Duration  89ms


 FAIL  Tests failed. Watching for file changes...
       press h to show help, press q to quit
       rerun x3
[2K[1A[2K[G[3Jc
 RERUN  tests/copilot-intent.test.ts x4

 ❯ tests/copilot-intent.test.ts  (2 tests | 2 failed) 28ms
   ❯ tests/copilot-intent.test.ts > Copilot Intent Detection > detects simulation intent and calls generatePricingRule
     → expected 403 to be 200 // Object.is equality
   ❯ tests/copilot-intent.test.ts > Copilot Intent Detection > detects normal query intent and calls generateSQL
     → expected 403 to be 200 // Object.is equality
stdout | tests/copilot-intent.test.ts > Copilot Intent Detection > detects simulation intent and calls generatePricingRule
[Copilot] Query received: {
  projectSlug: 'demo',
  query: 'Increase prices by 10%',
  userId: 'user1'
}

stderr | tests/copilot-intent.test.ts > Copilot Intent Detection > detects simulation intent and calls generatePricingRule
Mock withSecurity called
Injected access: {
  projectId: 'proj1',
  tenantId: 'tenant1',
  role: 'EDITOR',
  userId: 'user1'
}
[Copilot] RBAC check failed: TypeError: __vite_ssr_import_2__.prisma is not a function
    at requireProjectAccess (/Users/rakes/Documents/antigravity/calibrate/apps/api/app/api/v1/copilot/route.ts:114:27)
    at POST2 (/Users/rakes/Documents/antigravity/calibrate/apps/api/app/api/v1/copilot/route.ts:230:26)
    at /Users/rakes/Documents/antigravity/calibrate/apps/api/tests/copilot-intent.test.ts:79:21
    at runTest (file:///Users/rakes/Documents/antigravity/calibrate/node_modules/.pnpm/@vitest+runner@1.6.1/node_modules/@vitest/runner/dist/index.js:781:11)
    at runSuite (file:///Users/rakes/Documents/antigravity/calibrate/node_modules/.pnpm/@vitest+runner@1.6.1/node_modules/@vitest/runner/dist/index.js:909:15)
    at runSuite (file:///Users/rakes/Documents/antigravity/calibrate/node_modules/.pnpm/@vitest+runner@1.6.1/node_modules/@vitest/runner/dist/index.js:909:15)
    at runFiles (file:///Users/rakes/Documents/antigravity/calibrate/node_modules/.pnpm/@vitest+runner@1.6.1/node_modules/@vitest/runner/dist/index.js:958:5)
    at startTests (file:///Users/rakes/Documents/antigravity/calibrate/node_modules/.pnpm/@vitest+runner@1.6.1/node_modules/@vitest/runner/dist/index.js:967:3)
    at file:///Users/rakes/Documents/antigravity/calibrate/node_modules/.pnpm/vitest@1.6.1_@types+node@20.19.22_@vitest+ui@4.0.4_jsdom@22.1.0/node_modules/vitest/dist/chunks/runtime-runBaseTests.oAvMKtQC.js:116:7
    at withEnv (file:///Users/rakes/Documents/antigravity/calibrate/node_modules/.pnpm/vitest@1.6.1_@types+node@20.19.22_@vitest+ui@4.0.4_jsdom@22.1.0/node_modules/vitest/dist/chunks/runtime-runBaseTests.oAvMKtQC.js:83:5)

stdout | tests/copilot-intent.test.ts > Copilot Intent Detection > detects normal query intent and calls generateSQL
[Copilot] Query received: { projectSlug: 'demo', query: 'Show me all products', userId: 'user1' }

stderr | tests/copilot-intent.test.ts > Copilot Intent Detection > detects normal query intent and calls generateSQL
Mock withSecurity called
Injected access: {
  projectId: 'proj1',
  tenantId: 'tenant1',
  role: 'EDITOR',
  userId: 'user1'
}
[Copilot] RBAC check failed: TypeError: __vite_ssr_import_2__.prisma is not a function
    at requireProjectAccess (/Users/rakes/Documents/antigravity/calibrate/apps/api/app/api/v1/copilot/route.ts:114:27)
    at POST2 (/Users/rakes/Documents/antigravity/calibrate/apps/api/app/api/v1/copilot/route.ts:230:26)
    at /Users/rakes/Documents/antigravity/calibrate/apps/api/tests/copilot-intent.test.ts:103:21
    at runTest (file:///Users/rakes/Documents/antigravity/calibrate/node_modules/.pnpm/@vitest+runner@1.6.1/node_modules/@vitest/runner/dist/index.js:781:11)
    at runSuite (file:///Users/rakes/Documents/antigravity/calibrate/node_modules/.pnpm/@vitest+runner@1.6.1/node_modules/@vitest/runner/dist/index.js:909:15)
    at runSuite (file:///Users/rakes/Documents/antigravity/calibrate/node_modules/.pnpm/@vitest+runner@1.6.1/node_modules/@vitest/runner/dist/index.js:909:15)
    at runFiles (file:///Users/rakes/Documents/antigravity/calibrate/node_modules/.pnpm/@vitest+runner@1.6.1/node_modules/@vitest/runner/dist/index.js:958:5)
    at startTests (file:///Users/rakes/Documents/antigravity/calibrate/node_modules/.pnpm/@vitest+runner@1.6.1/node_modules/@vitest/runner/dist/index.js:967:3)
    at file:///Users/rakes/Documents/antigravity/calibrate/node_modules/.pnpm/vitest@1.6.1_@types+node@20.19.22_@vitest+ui@4.0.4_jsdom@22.1.0/node_modules/vitest/dist/chunks/runtime-runBaseTests.oAvMKtQC.js:116:7
    at withEnv (file:///Users/rakes/Documents/antigravity/calibrate/node_modules/.pnpm/vitest@1.6.1_@types+node@20.19.22_@vitest+ui@4.0.4_jsdom@22.1.0/node_modules/vitest/dist/chunks/runtime-runBaseTests.oAvMKtQC.js:83:5)


⎯⎯⎯⎯⎯⎯⎯ Failed Tests 2 ⎯⎯⎯⎯⎯⎯⎯

 FAIL  tests/copilot-intent.test.ts > Copilot Intent Detection > detects simulation intent and calls generatePricingRule
AssertionError: expected 403 to be 200 // Object.is equality

- Expected
+ Received

- 200
+ 403

 ❯ tests/copilot-intent.test.ts:87:28
     85|         const body = await res.json()
     86| 
     87|         expect(res.status).toBe(200)
       |                            ^
     88|         expect(body.type).toBe('simulation')
     89|         expect(generatePricingRule).toHaveBeenCalledWith(

⎯⎯⎯⎯⎯⎯⎯⎯⎯⎯⎯⎯⎯⎯⎯⎯⎯⎯⎯⎯⎯⎯⎯⎯[1/2]⎯

 FAIL  tests/copilot-intent.test.ts > Copilot Intent Detection > detects normal query intent and calls generateSQL
AssertionError: expected 403 to be 200 // Object.is equality

- Expected
+ Received

- 200
+ 403

 ❯ tests/copilot-intent.test.ts:111:28
    109|         const body = await res.json()
    110| 
    111|         expect(res.status).toBe(200)
       |                            ^
    112|         expect(body.type).toBe('query')
    113|         expect(generateSQL).toHaveBeenCalled()

⎯⎯⎯⎯⎯⎯⎯⎯⎯⎯⎯⎯⎯⎯⎯⎯⎯⎯⎯⎯⎯⎯⎯⎯[2/2]⎯

 Test Files  1 failed (1)
      Tests  2 failed (2)
   Start at  17:50:49
   Duration  117ms


 FAIL  Tests failed. Watching for file changes...
       press h to show help, press q to quit
       rerun x4
[2K[1A[2K[G[3Jc
 RERUN  tests/copilot-intent.test.ts x5

 ❯ tests/copilot-intent.test.ts  (2 tests | 2 failed) 3ms
   ❯ tests/copilot-intent.test.ts > Copilot Intent Detection > detects simulation intent and calls generatePricingRule
     → Cannot read properties of undefined (reading 'findUnique')
   ❯ tests/copilot-intent.test.ts > Copilot Intent Detection > detects normal query intent and calls generateSQL
     → Cannot read properties of undefined (reading 'findUnique')

⎯⎯⎯⎯⎯⎯⎯ Failed Tests 2 ⎯⎯⎯⎯⎯⎯⎯

 FAIL  tests/copilot-intent.test.ts > Copilot Intent Detection > detects simulation intent and calls generatePricingRule
 FAIL  tests/copilot-intent.test.ts > Copilot Intent Detection > detects normal query intent and calls generateSQL
TypeError: Cannot read properties of undefined (reading 'findUnique')
 ❯ tests/copilot-intent.test.ts:57:31
     55| 
     56|             // Mock auth/project lookup success
     57|             ; (prisma.project.findUnique as any).mockResolvedValue({
       |                               ^
     58|                 id: 'proj1',
     59|                 slug: 'demo',

⎯⎯⎯⎯⎯⎯⎯⎯⎯⎯⎯⎯⎯⎯⎯⎯⎯⎯⎯⎯⎯⎯⎯⎯[1/2]⎯

 Test Files  1 failed (1)
      Tests  2 failed (2)
   Start at  17:53:01
   Duration  85ms


 FAIL  Tests failed. Watching for file changes...
       press h to show help, press q to quit
       rerun x5
[2K[1A[2K[G[3Jc
 RERUN  tests/copilot-intent.test.ts x6

 ❯ tests/copilot-intent.test.ts  (2 tests | 2 failed) 5ms
   ❯ tests/copilot-intent.test.ts > Copilot Intent Detection > detects simulation intent and calls generatePricingRule
     → prisma.mockReturnValue is not a function
   ❯ tests/copilot-intent.test.ts > Copilot Intent Detection > detects normal query intent and calls generateSQL
     → prisma.mockReturnValue is not a function

⎯⎯⎯⎯⎯⎯⎯ Failed Tests 2 ⎯⎯⎯⎯⎯⎯⎯

 FAIL  tests/copilot-intent.test.ts > Copilot Intent Detection > detects simulation intent and calls generatePricingRule
 FAIL  tests/copilot-intent.test.ts > Copilot Intent Detection > detects normal query intent and calls generateSQL
TypeError: prisma.mockReturnValue is not a function
 ❯ tests/copilot-intent.test.ts:65:42
     63| 
     64|             // Setup the mock return for prisma()
     65|             ; (prisma as unknown as any).mockReturnValue({
       |                                          ^
     66|                 project: {
     67|                     findUnique: mockFindUnique,

⎯⎯⎯⎯⎯⎯⎯⎯⎯⎯⎯⎯⎯⎯⎯⎯⎯⎯⎯⎯⎯⎯⎯⎯[1/2]⎯

 Test Files  1 failed (1)
      Tests  2 failed (2)
   Start at  17:53:14
   Duration  71ms


 FAIL  Tests failed. Watching for file changes...
       press h to show help, press q to quit
       rerun x6
[2K[1A[2K[G[3Jc
 RERUN  tests/copilot-intent.test.ts x7

stdout | tests/copilot-intent.test.ts > Copilot Intent Detection > detects simulation intent and calls generatePricingRule
[Copilot] Query received: {
  projectSlug: 'demo',
  query: 'Increase prices by 10%',
  userId: 'user1'
}

stderr | tests/copilot-intent.test.ts > Copilot Intent Detection > detects simulation intent and calls generatePricingRule
Mock withSecurity called
Injected access: {
  projectId: 'proj1',
  tenantId: 'tenant1',
  role: 'EDITOR',
  userId: 'user1'
}

stdout | tests/copilot-intent.test.ts > Copilot Intent Detection > detects normal query intent and calls generateSQL
[Copilot] Query received: { projectSlug: 'demo', query: 'Show me all products', userId: 'user1' }

stderr | tests/copilot-intent.test.ts > Copilot Intent Detection > detects normal query intent and calls generateSQL
Mock withSecurity called
Injected access: {
  projectId: 'proj1',
  tenantId: 'tenant1',
  role: 'EDITOR',
  userId: 'user1'
}

 ❯ tests/copilot-intent.test.ts  (2 tests | 2 failed) 19ms
   ❯ tests/copilot-intent.test.ts > Copilot Intent Detection > detects simulation intent and calls generatePricingRule
     → expected "spy" to be called with arguments: [ StringContaining{…}, Any<String> ]

Received: 

  1st spy call:

  Array [
-   StringContaining "Increase prices by 10%",
-   Any<String>,
+   "Increase prices by 10%",
+   undefined,
  ]


Number of calls: 1

   ❯ tests/copilot-intent.test.ts > Copilot Intent Detection > detects normal query intent and calls generateSQL
     → expected "spy" to be called at least once

⎯⎯⎯⎯⎯⎯⎯ Failed Tests 2 ⎯⎯⎯⎯⎯⎯⎯

 FAIL  tests/copilot-intent.test.ts > Copilot Intent Detection > detects simulation intent and calls generatePricingRule
AssertionError: expected "spy" to be called with arguments: [ StringContaining{…}, Any<String> ]

Received: 

  1st spy call:

  Array [
-   StringContaining "Increase prices by 10%",
-   Any<String>,
+   "Increase prices by 10%",
+   undefined,
  ]


Number of calls: 1

 ❯ tests/copilot-intent.test.ts:99:37
     97|         expect(res.status).toBe(200)
     98|         expect(body.type).toBe('simulation')
     99|         expect(generatePricingRule).toHaveBeenCalledWith(
       |                                     ^
    100|             expect.stringContaining('Increase prices by 10%'),
    101|             expect.any(String)

⎯⎯⎯⎯⎯⎯⎯⎯⎯⎯⎯⎯⎯⎯⎯⎯⎯⎯⎯⎯⎯⎯⎯⎯[1/2]⎯

 FAIL  tests/copilot-intent.test.ts > Copilot Intent Detection > detects normal query intent and calls generateSQL
AssertionError: expected "spy" to be called at least once
 ❯ tests/copilot-intent.test.ts:123:29
    121|         expect(res.status).toBe(200)
    122|         expect(body.type).toBe('query')
    123|         expect(generateSQL).toHaveBeenCalled()
       |                             ^
    124|         expect(generatePricingRule).not.toHaveBeenCalled()
    125|     })

⎯⎯⎯⎯⎯⎯⎯⎯⎯⎯⎯⎯⎯⎯⎯⎯⎯⎯⎯⎯⎯⎯⎯⎯[2/2]⎯

 Test Files  1 failed (1)
      Tests  2 failed (2)
   Start at  17:54:33
   Duration  101ms


 FAIL  Tests failed. Watching for file changes...
       press h to show help, press q to quit
       rerun x7
[2K[1A[2K[G[3Jc
 RERUN  app/api/v1/copilot/route.ts x8

stdout | tests/copilot-intent.test.ts > Copilot Intent Detection > detects simulation intent and calls generatePricingRule
[Copilot] Query received: {
  projectSlug: 'demo',
  query: 'Increase prices by 10%',
  userId: 'user1'
}
[DEBUG] requireProjectAccess called with: { projectSlug: 'demo', userId: 'user1', requiredRole: 'VIEWER' }

stderr | tests/copilot-intent.test.ts > Copilot Intent Detection > detects simulation intent and calls generatePricingRule
Mock withSecurity called
Injected access: {
  projectId: 'proj1',
  tenantId: 'tenant1',
  role: 'EDITOR',
  userId: 'user1'
}

 ❯ tests/copilot-intent.test.ts  (2 tests | 2 failed) 13ms
   ❯ tests/copilot-intent.test.ts > Copilot Intent Detection > detects simulation intent and calls generatePricingRule
     → expected "spy" to be called with arguments: [ StringContaining{…}, Any<String> ]

Received: 

  1st spy call:

  Array [
-   StringContaining "Increase prices by 10%",
-   Any<String>,
+   "Increase prices by 10%",
+   undefined,
  ]


Number of calls: 1

   ❯ tests/copilot-intent.test.ts > Copilot Intent Detection > detects normal query intent and calls generateSQL
     → expected "spy" to be called at least once
stdout | tests/copilot-intent.test.ts > Copilot Intent Detection > detects normal query intent and calls generateSQL
[Copilot] Query received: { projectSlug: 'demo', query: 'Show me all products', userId: 'user1' }
[DEBUG] requireProjectAccess called with: { projectSlug: 'demo', userId: 'user1', requiredRole: 'VIEWER' }

stderr | tests/copilot-intent.test.ts > Copilot Intent Detection > detects normal query intent and calls generateSQL
Mock withSecurity called
Injected access: {
  projectId: 'proj1',
  tenantId: 'tenant1',
  role: 'EDITOR',
  userId: 'user1'
}


⎯⎯⎯⎯⎯⎯⎯ Failed Tests 2 ⎯⎯⎯⎯⎯⎯⎯

 FAIL  tests/copilot-intent.test.ts > Copilot Intent Detection > detects simulation intent and calls generatePricingRule
AssertionError: expected "spy" to be called with arguments: [ StringContaining{…}, Any<String> ]

Received: 

  1st spy call:

  Array [
-   StringContaining "Increase prices by 10%",
-   Any<String>,
+   "Increase prices by 10%",
+   undefined,
  ]


Number of calls: 1

 ❯ tests/copilot-intent.test.ts:99:37
     97|         expect(res.status).toBe(200)
     98|         expect(body.type).toBe('simulation')
     99|         expect(generatePricingRule).toHaveBeenCalledWith(
       |                                     ^
    100|             expect.stringContaining('Increase prices by 10%'),
    101|             expect.any(String)

⎯⎯⎯⎯⎯⎯⎯⎯⎯⎯⎯⎯⎯⎯⎯⎯⎯⎯⎯⎯⎯⎯⎯⎯[1/2]⎯

 FAIL  tests/copilot-intent.test.ts > Copilot Intent Detection > detects normal query intent and calls generateSQL
AssertionError: expected "spy" to be called at least once
 ❯ tests/copilot-intent.test.ts:123:29
    121|         expect(res.status).toBe(200)
    122|         expect(body.type).toBe('query')
    123|         expect(generateSQL).toHaveBeenCalled()
       |                             ^
    124|         expect(generatePricingRule).not.toHaveBeenCalled()
    125|     })

⎯⎯⎯⎯⎯⎯⎯⎯⎯⎯⎯⎯⎯⎯⎯⎯⎯⎯⎯⎯⎯⎯⎯⎯[2/2]⎯

 Test Files  1 failed (1)
      Tests  2 failed (2)
   Start at  17:55:56
   Duration  293ms


 FAIL  Tests failed. Watching for file changes...
       press h to show help, press q to quit
       rerun x8
[2K[1A[2K[G[3Jc
 RERUN  app/api/v1/copilot/route.ts x9

stdout | tests/copilot-intent.test.ts > Copilot Intent Detection > detects simulation intent and calls generatePricingRule
[Copilot] Query received: {
  projectSlug: 'demo',
  query: 'Increase prices by 10%',
  userId: 'user1'
}

stderr | tests/copilot-intent.test.ts > Copilot Intent Detection > detects simulation intent and calls generatePricingRule
Mock withSecurity called
Injected access: {
  projectId: 'proj1',
  tenantId: 'tenant1',
  role: 'EDITOR',
  userId: 'user1'
}
[DEBUG] requireProjectAccess called with: { projectSlug: 'demo', userId: 'user1', requiredRole: 'VIEWER' }

stdout | tests/copilot-intent.test.ts > Copilot Intent Detection > detects normal query intent and calls generateSQL
[Copilot] Query received: { projectSlug: 'demo', query: 'Show me all products', userId: 'user1' }

stderr | tests/copilot-intent.test.ts > Copilot Intent Detection > detects normal query intent and calls generateSQL
Mock withSecurity called
Injected access: {
  projectId: 'proj1',
  tenantId: 'tenant1',
  role: 'EDITOR',
  userId: 'user1'
}
[DEBUG] requireProjectAccess called with: { projectSlug: 'demo', userId: 'user1', requiredRole: 'VIEWER' }

 ❯ tests/copilot-intent.test.ts  (2 tests | 2 failed) 48ms
   ❯ tests/copilot-intent.test.ts > Copilot Intent Detection > detects simulation intent and calls generatePricingRule
     → expected "spy" to be called with arguments: [ StringContaining{…}, Any<String> ]

Received: 

  1st spy call:

  Array [
-   StringContaining "Increase prices by 10%",
-   Any<String>,
+   "Increase prices by 10%",
+   undefined,
  ]


Number of calls: 1

   ❯ tests/copilot-intent.test.ts > Copilot Intent Detection > detects normal query intent and calls generateSQL
     → expected "spy" to be called at least once

⎯⎯⎯⎯⎯⎯⎯ Failed Tests 2 ⎯⎯⎯⎯⎯⎯⎯

 FAIL  tests/copilot-intent.test.ts > Copilot Intent Detection > detects simulation intent and calls generatePricingRule
AssertionError: expected "spy" to be called with arguments: [ StringContaining{…}, Any<String> ]

Received: 

  1st spy call:

  Array [
-   StringContaining "Increase prices by 10%",
-   Any<String>,
+   "Increase prices by 10%",
+   undefined,
  ]


Number of calls: 1

 ❯ tests/copilot-intent.test.ts:99:37
     97|         expect(res.status).toBe(200)
     98|         expect(body.type).toBe('simulation')
     99|         expect(generatePricingRule).toHaveBeenCalledWith(
       |                                     ^
    100|             expect.stringContaining('Increase prices by 10%'),
    101|             expect.any(String)

⎯⎯⎯⎯⎯⎯⎯⎯⎯⎯⎯⎯⎯⎯⎯⎯⎯⎯⎯⎯⎯⎯⎯⎯[1/2]⎯

 FAIL  tests/copilot-intent.test.ts > Copilot Intent Detection > detects normal query intent and calls generateSQL
AssertionError: expected "spy" to be called at least once
 ❯ tests/copilot-intent.test.ts:123:29
    121|         expect(res.status).toBe(200)
    122|         expect(body.type).toBe('query')
    123|         expect(generateSQL).toHaveBeenCalled()
       |                             ^
    124|         expect(generatePricingRule).not.toHaveBeenCalled()
    125|     })

⎯⎯⎯⎯⎯⎯⎯⎯⎯⎯⎯⎯⎯⎯⎯⎯⎯⎯⎯⎯⎯⎯⎯⎯[2/2]⎯

 Test Files  1 failed (1)
      Tests  2 failed (2)
   Start at  17:57:18
   Duration  258ms


 FAIL  Tests failed. Watching for file changes...
       press h to show help, press q to quit
       rerun x9
[2K[1A[2K[G[3Jc
 RERUN  app/api/v1/copilot/route.ts x10

stdout | tests/copilot-intent.test.ts > Copilot Intent Detection > detects simulation intent and calls generatePricingRule
[Copilot] Query received: {
  projectSlug: 'demo',
  query: 'Increase prices by 10%',
  userId: 'user1'
}

stderr | tests/copilot-intent.test.ts > Copilot Intent Detection > detects simulation intent and calls generatePricingRule
Mock withSecurity called
Injected access: {
  projectId: 'proj1',
  tenantId: 'tenant1',
  role: 'EDITOR',
  userId: 'user1'
}
[DEBUG] requireProjectAccess called with: { projectSlug: 'demo', userId: 'user1', requiredRole: 'VIEWER' }
[Copilot] RBAC check failed: Error: DEBUG PROJECT: {"id":"proj1","slug":"demo","tenantId":"tenant1","Membership":[{"role":"EDITOR"}]}
    at requireProjectAccess (/Users/rakes/Documents/antigravity/calibrate/apps/api/app/api/v1/copilot/route.ts:127:11)
    at POST2 (/Users/rakes/Documents/antigravity/calibrate/apps/api/app/api/v1/copilot/route.ts:232:20)
    at /Users/rakes/Documents/antigravity/calibrate/apps/api/tests/copilot-intent.test.ts:89:21
    at runTest (file:///Users/rakes/Documents/antigravity/calibrate/node_modules/.pnpm/@vitest+runner@1.6.1/node_modules/@vitest/runner/dist/index.js:781:11)
    at runSuite (file:///Users/rakes/Documents/antigravity/calibrate/node_modules/.pnpm/@vitest+runner@1.6.1/node_modules/@vitest/runner/dist/index.js:909:15)
    at runSuite (file:///Users/rakes/Documents/antigravity/calibrate/node_modules/.pnpm/@vitest+runner@1.6.1/node_modules/@vitest/runner/dist/index.js:909:15)
    at runFiles (file:///Users/rakes/Documents/antigravity/calibrate/node_modules/.pnpm/@vitest+runner@1.6.1/node_modules/@vitest/runner/dist/index.js:958:5)
    at startTests (file:///Users/rakes/Documents/antigravity/calibrate/node_modules/.pnpm/@vitest+runner@1.6.1/node_modules/@vitest/runner/dist/index.js:967:3)
    at file:///Users/rakes/Documents/antigravity/calibrate/node_modules/.pnpm/vitest@1.6.1_@types+node@20.19.22_@vitest+ui@4.0.4_jsdom@22.1.0/node_modules/vitest/dist/chunks/runtime-runBaseTests.oAvMKtQC.js:116:7
    at withEnv (file:///Users/rakes/Documents/antigravity/calibrate/node_modules/.pnpm/vitest@1.6.1_@types+node@20.19.22_@vitest+ui@4.0.4_jsdom@22.1.0/node_modules/vitest/dist/chunks/runtime-runBaseTests.oAvMKtQC.js:83:5)

stdout | tests/copilot-intent.test.ts > Copilot Intent Detection > detects normal query intent and calls generateSQL
[Copilot] Query received: { projectSlug: 'demo', query: 'Show me all products', userId: 'user1' }

stderr | tests/copilot-intent.test.ts > Copilot Intent Detection > detects normal query intent and calls generateSQL
Mock withSecurity called
Injected access: {
  projectId: 'proj1',
  tenantId: 'tenant1',
  role: 'EDITOR',
  userId: 'user1'
}
[DEBUG] requireProjectAccess called with: { projectSlug: 'demo', userId: 'user1', requiredRole: 'VIEWER' }
[Copilot] RBAC check failed: Error: DEBUG PROJECT: {"id":"proj1","slug":"demo","tenantId":"tenant1","Membership":[{"role":"EDITOR"}]}
    at requireProjectAccess (/Users/rakes/Documents/antigravity/calibrate/apps/api/app/api/v1/copilot/route.ts:127:11)
    at POST2 (/Users/rakes/Documents/antigravity/calibrate/apps/api/app/api/v1/copilot/route.ts:232:20)
    at /Users/rakes/Documents/antigravity/calibrate/apps/api/tests/copilot-intent.test.ts:113:21
    at runTest (file:///Users/rakes/Documents/antigravity/calibrate/node_modules/.pnpm/@vitest+runner@1.6.1/node_modules/@vitest/runner/dist/index.js:781:11)
    at runSuite (file:///Users/rakes/Documents/antigravity/calibrate/node_modules/.pnpm/@vitest+runner@1.6.1/node_modules/@vitest/runner/dist/index.js:909:15)
    at runSuite (file:///Users/rakes/Documents/antigravity/calibrate/node_modules/.pnpm/@vitest+runner@1.6.1/node_modules/@vitest/runner/dist/index.js:909:15)
    at runFiles (file:///Users/rakes/Documents/antigravity/calibrate/node_modules/.pnpm/@vitest+runner@1.6.1/node_modules/@vitest/runner/dist/index.js:958:5)
    at startTests (file:///Users/rakes/Documents/antigravity/calibrate/node_modules/.pnpm/@vitest+runner@1.6.1/node_modules/@vitest/runner/dist/index.js:967:3)
    at file:///Users/rakes/Documents/antigravity/calibrate/node_modules/.pnpm/vitest@1.6.1_@types+node@20.19.22_@vitest+ui@4.0.4_jsdom@22.1.0/node_modules/vitest/dist/chunks/runtime-runBaseTests.oAvMKtQC.js:116:7
    at withEnv (file:///Users/rakes/Documents/antigravity/calibrate/node_modules/.pnpm/vitest@1.6.1_@types+node@20.19.22_@vitest+ui@4.0.4_jsdom@22.1.0/node_modules/vitest/dist/chunks/runtime-runBaseTests.oAvMKtQC.js:83:5)

 ❯ tests/copilot-intent.test.ts  (2 tests | 2 failed) 14ms
   ❯ tests/copilot-intent.test.ts > Copilot Intent Detection > detects simulation intent and calls generatePricingRule
     → expected 403 to be 200 // Object.is equality
   ❯ tests/copilot-intent.test.ts > Copilot Intent Detection > detects normal query intent and calls generateSQL
     → expected 403 to be 200 // Object.is equality

⎯⎯⎯⎯⎯⎯⎯ Failed Tests 2 ⎯⎯⎯⎯⎯⎯⎯

 FAIL  tests/copilot-intent.test.ts > Copilot Intent Detection > detects simulation intent and calls generatePricingRule
AssertionError: expected 403 to be 200 // Object.is equality

- Expected
+ Received

- 200
+ 403

 ❯ tests/copilot-intent.test.ts:97:28
     95|         const body = await res.json()
     96| 
     97|         expect(res.status).toBe(200)
       |                            ^
     98|         expect(body.type).toBe('simulation')
     99|         expect(generatePricingRule).toHaveBeenCalledWith(

⎯⎯⎯⎯⎯⎯⎯⎯⎯⎯⎯⎯⎯⎯⎯⎯⎯⎯⎯⎯⎯⎯⎯⎯[1/2]⎯

 FAIL  tests/copilot-intent.test.ts > Copilot Intent Detection > detects normal query intent and calls generateSQL
AssertionError: expected 403 to be 200 // Object.is equality

- Expected
+ Received

- 200
+ 403

 ❯ tests/copilot-intent.test.ts:121:28
    119|         const body = await res.json()
    120| 
    121|         expect(res.status).toBe(200)
       |                            ^
    122|         expect(body.type).toBe('query')
    123|         expect(generateSQL).toHaveBeenCalled()

⎯⎯⎯⎯⎯⎯⎯⎯⎯⎯⎯⎯⎯⎯⎯⎯⎯⎯⎯⎯⎯⎯⎯⎯[2/2]⎯

 Test Files  1 failed (1)
      Tests  2 failed (2)
   Start at  17:58:40
   Duration  144ms


 FAIL  Tests failed. Watching for file changes...
       press h to show help, press q to quit
       rerun x10
[2K[1A[2K[G[3Jc
 RERUN  app/api/v1/copilot/route.ts x11

stdout | tests/copilot-intent.test.ts > Copilot Intent Detection > detects simulation intent and calls generatePricingRule
[Copilot] Query received: {
  projectSlug: 'demo',
  query: 'Increase prices by 10%',
  userId: 'user1'
}

stderr | tests/copilot-intent.test.ts > Copilot Intent Detection > detects simulation intent and calls generatePricingRule
Mock withSecurity called
Injected access: {
  projectId: 'proj1',
  tenantId: 'tenant1',
  role: 'EDITOR',
  userId: 'user1'
}

stdout | tests/copilot-intent.test.ts > Copilot Intent Detection > detects normal query intent and calls generateSQL
[Copilot] Query received: { projectSlug: 'demo', query: 'Show me all products', userId: 'user1' }

stderr | tests/copilot-intent.test.ts > Copilot Intent Detection > detects normal query intent and calls generateSQL
Mock withSecurity called
Injected access: {
  projectId: 'proj1',
  tenantId: 'tenant1',
  role: 'EDITOR',
  userId: 'user1'
}

 ❯ tests/copilot-intent.test.ts  (2 tests | 2 failed) 16ms
   ❯ tests/copilot-intent.test.ts > Copilot Intent Detection > detects simulation intent and calls generatePricingRule
     → expected "spy" to be called with arguments: [ StringContaining{…}, Any<String> ]

Received: 

  1st spy call:

  Array [
-   StringContaining "Increase prices by 10%",
-   Any<String>,
+   "Increase prices by 10%",
+   undefined,
  ]


Number of calls: 1

   ❯ tests/copilot-intent.test.ts > Copilot Intent Detection > detects normal query intent and calls generateSQL
     → expected "spy" to be called at least once

⎯⎯⎯⎯⎯⎯⎯ Failed Tests 2 ⎯⎯⎯⎯⎯⎯⎯

 FAIL  tests/copilot-intent.test.ts > Copilot Intent Detection > detects simulation intent and calls generatePricingRule
AssertionError: expected "spy" to be called with arguments: [ StringContaining{…}, Any<String> ]

Received: 

  1st spy call:

  Array [
-   StringContaining "Increase prices by 10%",
-   Any<String>,
+   "Increase prices by 10%",
+   undefined,
  ]


Number of calls: 1

 ❯ tests/copilot-intent.test.ts:99:37
     97|         expect(res.status).toBe(200)
     98|         expect(body.type).toBe('simulation')
     99|         expect(generatePricingRule).toHaveBeenCalledWith(
       |                                     ^
    100|             expect.stringContaining('Increase prices by 10%'),
    101|             expect.any(String)

⎯⎯⎯⎯⎯⎯⎯⎯⎯⎯⎯⎯⎯⎯⎯⎯⎯⎯⎯⎯⎯⎯⎯⎯[1/2]⎯

 FAIL  tests/copilot-intent.test.ts > Copilot Intent Detection > detects normal query intent and calls generateSQL
AssertionError: expected "spy" to be called at least once
 ❯ tests/copilot-intent.test.ts:123:29
    121|         expect(res.status).toBe(200)
    122|         expect(body.type).toBe('query')
    123|         expect(generateSQL).toHaveBeenCalled()
       |                             ^
    124|         expect(generatePricingRule).not.toHaveBeenCalled()
    125|     })

⎯⎯⎯⎯⎯⎯⎯⎯⎯⎯⎯⎯⎯⎯⎯⎯⎯⎯⎯⎯⎯⎯⎯⎯[2/2]⎯

 Test Files  1 failed (1)
      Tests  2 failed (2)
   Start at  18:00:05
   Duration  162ms


 FAIL  Tests failed. Watching for file changes...
       press h to show help, press q to quit
       rerun x11
[2K[1A[2K[G[3Jc
 RERUN  app/api/v1/copilot/route.ts x12

 ❯ tests/copilot-intent.test.ts  (0 test)

⎯⎯⎯⎯⎯⎯ Failed Suites 1 ⎯⎯⎯⎯⎯⎯⎯

 FAIL  tests/copilot-intent.test.ts [ tests/copilot-intent.test.ts ]
ReferenceError: THIS_SHOULD_BREAK_COMPILE is not defined
 ❯ app/api/v1/copilot/route.ts:22:1
     20| 
     21| export const runtime = 'nodejs'
     22| THIS_SHOULD_BREAK_COMPILE
       | ^
     23| 
     24| /**
 ❯ tests/copilot-intent.test.ts:33:25

⎯⎯⎯⎯⎯⎯⎯⎯⎯⎯⎯⎯⎯⎯⎯⎯⎯⎯⎯⎯⎯⎯⎯⎯[1/1]⎯

 Test Files  1 failed (1)
      Tests  no tests
   Start at  18:02:05
   Duration  0ms


 FAIL  Tests failed. Watching for file changes...
       press h to show help, press q to quit
       rerun x12
[2K[1A[2K[G[3Jc
 RERUN  app/api/v1/copilot/route.ts x13

stderr | tests/copilot-intent.test.ts > Copilot Intent Detection > detects simulation intent and calls generatePricingRule
Mock withSecurity called
Injected access: {
  projectId: 'proj1',
  tenantId: 'tenant1',
  role: 'EDITOR',
  userId: 'user1'
}
[DEBUG_TEST] Query received: {
  projectSlug: 'demo',
  query: 'Increase prices by 10%',
  userId: 'user1'
}
[DEBUG_TEST] Calling requireProjectAccess
[DEBUG] requireProjectAccess called with: { projectSlug: 'demo', userId: 'user1', requiredRole: 'VIEWER' }
[DEBUG] RBAC check result: {
  allowed: true,
  userRole: 'EDITOR',
  requiredRole: 'VIEWER',
  projectId: 'proj1',
  tenantId: 'tenant1'
}
[DEBUG_TEST] Access result: {
  allowed: true,
  role: 'EDITOR',
  projectId: 'proj1',
  tenantId: 'tenant1'
}

stderr | tests/copilot-intent.test.ts > Copilot Intent Detection > detects normal query intent and calls generateSQL
Mock withSecurity called
Injected access: {
  projectId: 'proj1',
  tenantId: 'tenant1',
  role: 'EDITOR',
  userId: 'user1'
}
[DEBUG_TEST] Query received: { projectSlug: 'demo', query: 'Show me all products', userId: 'user1' }
[DEBUG_TEST] Calling requireProjectAccess
[DEBUG] requireProjectAccess called with: { projectSlug: 'demo', userId: 'user1', requiredRole: 'VIEWER' }
[DEBUG] RBAC check result: {
  allowed: true,
  userRole: 'EDITOR',
  requiredRole: 'VIEWER',
  projectId: 'proj1',
  tenantId: 'tenant1'
}
[DEBUG_TEST] Access result: {
  allowed: true,
  role: 'EDITOR',
  projectId: 'proj1',
  tenantId: 'tenant1'
}

 ❯ tests/copilot-intent.test.ts  (2 tests | 2 failed) 13ms
   ❯ tests/copilot-intent.test.ts > Copilot Intent Detection > detects simulation intent and calls generatePricingRule
     → expected "spy" to be called with arguments: [ StringContaining{…}, Any<String> ]

Received: 

  1st spy call:

  Array [
-   StringContaining "Increase prices by 10%",
-   Any<String>,
+   "Increase prices by 10%",
+   undefined,
  ]


Number of calls: 1

   ❯ tests/copilot-intent.test.ts > Copilot Intent Detection > detects normal query intent and calls generateSQL
     → expected "spy" to be called at least once

⎯⎯⎯⎯⎯⎯⎯ Failed Tests 2 ⎯⎯⎯⎯⎯⎯⎯

 FAIL  tests/copilot-intent.test.ts > Copilot Intent Detection > detects simulation intent and calls generatePricingRule
AssertionError: expected "spy" to be called with arguments: [ StringContaining{…}, Any<String> ]

Received: 

  1st spy call:

  Array [
-   StringContaining "Increase prices by 10%",
-   Any<String>,
+   "Increase prices by 10%",
+   undefined,
  ]


Number of calls: 1

 ❯ tests/copilot-intent.test.ts:99:37
     97|         expect(res.status).toBe(200)
     98|         expect(body.type).toBe('simulation')
     99|         expect(generatePricingRule).toHaveBeenCalledWith(
       |                                     ^
    100|             expect.stringContaining('Increase prices by 10%'),
    101|             expect.any(String)

⎯⎯⎯⎯⎯⎯⎯⎯⎯⎯⎯⎯⎯⎯⎯⎯⎯⎯⎯⎯⎯⎯⎯⎯[1/2]⎯

 FAIL  tests/copilot-intent.test.ts > Copilot Intent Detection > detects normal query intent and calls generateSQL
AssertionError: expected "spy" to be called at least once
 ❯ tests/copilot-intent.test.ts:123:29
    121|         expect(res.status).toBe(200)
    122|         expect(body.type).toBe('query')
    123|         expect(generateSQL).toHaveBeenCalled()
       |                             ^
    124|         expect(generatePricingRule).not.toHaveBeenCalled()
    125|     })

⎯⎯⎯⎯⎯⎯⎯⎯⎯⎯⎯⎯⎯⎯⎯⎯⎯⎯⎯⎯⎯⎯⎯⎯[2/2]⎯

 Test Files  1 failed (1)
      Tests  2 failed (2)
   Start at  18:04:02
   Duration  126ms


 FAIL  Tests failed. Watching for file changes...
       press h to show help, press q to quit
       rerun x13
[2K[1A[2K[G[3Jc
 RERUN  app/api/v1/copilot/route.ts x14

stderr | tests/copilot-intent.test.ts > Copilot Intent Detection > detects simulation intent and calls generatePricingRule
Mock withSecurity called
Injected access: {
  projectId: 'proj1',
  tenantId: 'tenant1',
  role: 'EDITOR',
  userId: 'user1'
}

stderr | tests/copilot-intent.test.ts > Copilot Intent Detection > detects normal query intent and calls generateSQL
Mock withSecurity called
Injected access: {
  projectId: 'proj1',
  tenantId: 'tenant1',
  role: 'EDITOR',
  userId: 'user1'
}

 ❯ tests/copilot-intent.test.ts  (2 tests | 2 failed) 57ms
   ❯ tests/copilot-intent.test.ts > Copilot Intent Detection > detects simulation intent and calls generatePricingRule
     → expected "spy" to be called with arguments: [ StringContaining{…}, Any<String> ]

Received: 



Number of calls: 0

   ❯ tests/copilot-intent.test.ts > Copilot Intent Detection > detects normal query intent and calls generateSQL
     → expected 'simulation' to be 'query' // Object.is equality

⎯⎯⎯⎯⎯⎯⎯ Failed Tests 2 ⎯⎯⎯⎯⎯⎯⎯

 FAIL  tests/copilot-intent.test.ts > Copilot Intent Detection > detects simulation intent and calls generatePricingRule
AssertionError: expected "spy" to be called with arguments: [ StringContaining{…}, Any<String> ]

Received: 



Number of calls: 0

 ❯ tests/copilot-intent.test.ts:99:37
     97|         expect(res.status).toBe(200)
     98|         expect(body.type).toBe('simulation')
     99|         expect(generatePricingRule).toHaveBeenCalledWith(
       |                                     ^
    100|             expect.stringContaining('Increase prices by 10%'),
    101|             expect.any(String)

⎯⎯⎯⎯⎯⎯⎯⎯⎯⎯⎯⎯⎯⎯⎯⎯⎯⎯⎯⎯⎯⎯⎯⎯[1/2]⎯

 FAIL  tests/copilot-intent.test.ts > Copilot Intent Detection > detects normal query intent and calls generateSQL
AssertionError: expected 'simulation' to be 'query' // Object.is equality

- Expected
+ Received

- query
+ simulation

 ❯ tests/copilot-intent.test.ts:122:27
    120| 
    121|         expect(res.status).toBe(200)
    122|         expect(body.type).toBe('query')
       |                           ^
    123|         expect(generateSQL).toHaveBeenCalled()
    124|         expect(generatePricingRule).not.toHaveBeenCalled()

⎯⎯⎯⎯⎯⎯⎯⎯⎯⎯⎯⎯⎯⎯⎯⎯⎯⎯⎯⎯⎯⎯⎯⎯[2/2]⎯

 Test Files  1 failed (1)
      Tests  2 failed (2)
   Start at  18:05:25
   Duration  363ms


 FAIL  Tests failed. Watching for file changes...
       press h to show help, press q to quit
       rerun x14
[2K[1A[2K[G[3Jc
 RERUN  app/api/v1/copilot/route.ts x15

stdout | tests/copilot-intent.test.ts > Copilot Intent Detection > detects simulation intent and calls generatePricingRule
[Copilot] Query received: {
  projectSlug: 'demo',
  query: 'Increase prices by 10%',
  userId: 'user1'
}

stderr | tests/copilot-intent.test.ts > Copilot Intent Detection > detects simulation intent and calls generatePricingRule
Mock withSecurity called
Injected access: {
  projectId: 'proj1',
  tenantId: 'tenant1',
  role: 'EDITOR',
  userId: 'user1'
}
[DEBUG] requireProjectAccess called with: { projectSlug: 'demo', userId: 'user1', requiredRole: 'VIEWER' }
[DEBUG] RBAC check result: {
  allowed: true,
  userRole: 'EDITOR',
  requiredRole: 'VIEWER',
  projectId: 'proj1',
  tenantId: 'tenant1'
}

stdout | tests/copilot-intent.test.ts > Copilot Intent Detection > detects normal query intent and calls generateSQL
[Copilot] Query received: { projectSlug: 'demo', query: 'Show me all products', userId: 'user1' }

stderr | tests/copilot-intent.test.ts > Copilot Intent Detection > detects normal query intent and calls generateSQL
Mock withSecurity called
Injected access: {
  projectId: 'proj1',
  tenantId: 'tenant1',
  role: 'EDITOR',
  userId: 'user1'
}
[DEBUG] requireProjectAccess called with: { projectSlug: 'demo', userId: 'user1', requiredRole: 'VIEWER' }
[DEBUG] RBAC check result: {
  allowed: true,
  userRole: 'EDITOR',
  requiredRole: 'VIEWER',
  projectId: 'proj1',
  tenantId: 'tenant1'
}

 ❯ tests/copilot-intent.test.ts  (2 tests | 2 failed) 38ms
   ❯ tests/copilot-intent.test.ts > Copilot Intent Detection > detects simulation intent and calls generatePricingRule
     → expected "spy" to be called with arguments: [ StringContaining{…}, Any<String> ]

Received: 

  1st spy call:

  Array [
-   StringContaining "Increase prices by 10%",
-   Any<String>,
+   "Increase prices by 10%",
+   undefined,
  ]


Number of calls: 1

   ❯ tests/copilot-intent.test.ts > Copilot Intent Detection > detects normal query intent and calls generateSQL
     → expected "spy" to be called at least once

⎯⎯⎯⎯⎯⎯⎯ Failed Tests 2 ⎯⎯⎯⎯⎯⎯⎯

 FAIL  tests/copilot-intent.test.ts > Copilot Intent Detection > detects simulation intent and calls generatePricingRule
AssertionError: expected "spy" to be called with arguments: [ StringContaining{…}, Any<String> ]

Received: 

  1st spy call:

  Array [
-   StringContaining "Increase prices by 10%",
-   Any<String>,
+   "Increase prices by 10%",
+   undefined,
  ]


Number of calls: 1

 ❯ tests/copilot-intent.test.ts:99:37
     97|         expect(res.status).toBe(200)
     98|         expect(body.type).toBe('simulation')
     99|         expect(generatePricingRule).toHaveBeenCalledWith(
       |                                     ^
    100|             expect.stringContaining('Increase prices by 10%'),
    101|             expect.any(String)

⎯⎯⎯⎯⎯⎯⎯⎯⎯⎯⎯⎯⎯⎯⎯⎯⎯⎯⎯⎯⎯⎯⎯⎯[1/2]⎯

 FAIL  tests/copilot-intent.test.ts > Copilot Intent Detection > detects normal query intent and calls generateSQL
AssertionError: expected "spy" to be called at least once
 ❯ tests/copilot-intent.test.ts:123:29
    121|         expect(res.status).toBe(200)
    122|         expect(body.type).toBe('query')
    123|         expect(generateSQL).toHaveBeenCalled()
       |                             ^
    124|         expect(generatePricingRule).not.toHaveBeenCalled()
    125|     })

⎯⎯⎯⎯⎯⎯⎯⎯⎯⎯⎯⎯⎯⎯⎯⎯⎯⎯⎯⎯⎯⎯⎯⎯[2/2]⎯

 Test Files  1 failed (1)
      Tests  2 failed (2)
   Start at  18:07:00
   Duration  202ms


 FAIL  Tests failed. Watching for file changes...
       press h to show help, press q to quit
       rerun x15
[2K[1A[2K[G[3Jc
 RERUN  app/api/v1/copilot/route.ts x16

stdout | tests/copilot-intent.test.ts > Copilot Intent Detection > detects simulation intent and calls generatePricingRule
[Copilot] Query received: {
  projectSlug: 'demo',
  query: 'Increase prices by 10%',
  userId: 'user1'
}

stderr | tests/copilot-intent.test.ts > Copilot Intent Detection > detects simulation intent and calls generatePricingRule
Mock withSecurity called
Injected access: {
  projectId: 'proj1',
  tenantId: 'tenant1',
  role: 'EDITOR',
  userId: 'user1'
}

stdout | tests/copilot-intent.test.ts > Copilot Intent Detection > detects normal query intent and calls generateSQL
[Copilot] Query received: { projectSlug: 'demo', query: 'Show me all products', userId: 'user1' }

stderr | tests/copilot-intent.test.ts > Copilot Intent Detection > detects normal query intent and calls generateSQL
Mock withSecurity called
Injected access: {
  projectId: 'proj1',
  tenantId: 'tenant1',
  role: 'EDITOR',
  userId: 'user1'
}

 ❯ tests/copilot-intent.test.ts  (2 tests | 2 failed) 12ms
   ❯ tests/copilot-intent.test.ts > Copilot Intent Detection > detects simulation intent and calls generatePricingRule
     → expected "spy" to be called with arguments: [ StringContaining{…}, Any<String> ]

Received: 

  1st spy call:

  Array [
-   StringContaining "Increase prices by 10%",
-   Any<String>,
+   "Increase prices by 10%",
+   undefined,
  ]


Number of calls: 1

   ❯ tests/copilot-intent.test.ts > Copilot Intent Detection > detects normal query intent and calls generateSQL
     → expected "spy" to be called at least once

⎯⎯⎯⎯⎯⎯⎯ Failed Tests 2 ⎯⎯⎯⎯⎯⎯⎯

 FAIL  tests/copilot-intent.test.ts > Copilot Intent Detection > detects simulation intent and calls generatePricingRule
AssertionError: expected "spy" to be called with arguments: [ StringContaining{…}, Any<String> ]

Received: 

  1st spy call:

  Array [
-   StringContaining "Increase prices by 10%",
-   Any<String>,
+   "Increase prices by 10%",
+   undefined,
  ]


Number of calls: 1

 ❯ tests/copilot-intent.test.ts:99:37
     97|         expect(res.status).toBe(200)
     98|         expect(body.type).toBe('simulation')
     99|         expect(generatePricingRule).toHaveBeenCalledWith(
       |                                     ^
    100|             expect.stringContaining('Increase prices by 10%'),
    101|             expect.any(String)

⎯⎯⎯⎯⎯⎯⎯⎯⎯⎯⎯⎯⎯⎯⎯⎯⎯⎯⎯⎯⎯⎯⎯⎯[1/2]⎯

 FAIL  tests/copilot-intent.test.ts > Copilot Intent Detection > detects normal query intent and calls generateSQL
AssertionError: expected "spy" to be called at least once
 ❯ tests/copilot-intent.test.ts:123:29
    121|         expect(res.status).toBe(200)
    122|         expect(body.type).toBe('query')
    123|         expect(generateSQL).toHaveBeenCalled()
       |                             ^
    124|         expect(generatePricingRule).not.toHaveBeenCalled()
    125|     })

⎯⎯⎯⎯⎯⎯⎯⎯⎯⎯⎯⎯⎯⎯⎯⎯⎯⎯⎯⎯⎯⎯⎯⎯[2/2]⎯

 Test Files  1 failed (1)
      Tests  2 failed (2)
   Start at  18:07:52
   Duration  145ms


 FAIL  Tests failed. Watching for file changes...
       press h to show help, press q to quit
       rerun x16
[2K[1A[2K[G[3Jc
 RERUN  tests/copilot-intent.test.ts x17

stdout | tests/copilot-intent.test.ts > Copilot Intent Detection > detects simulation intent and calls generatePricingRule
[Copilot] Query received: {
  projectSlug: 'demo',
  query: 'Increase prices by 10%',
  userId: 'user1'
}

stderr | tests/copilot-intent.test.ts > Copilot Intent Detection > detects simulation intent and calls generatePricingRule
Mock withSecurity called
Injected access: {
  projectId: 'proj1',
  tenantId: 'tenant1',
  role: 'EDITOR',
  userId: 'user1'
}

stdout | tests/copilot-intent.test.ts > Copilot Intent Detection > detects normal query intent and calls generateSQL
[Copilot] Query received: { projectSlug: 'demo', query: 'Show me all products', userId: 'user1' }

stderr | tests/copilot-intent.test.ts > Copilot Intent Detection > detects normal query intent and calls generateSQL
Mock withSecurity called
Injected access: {
  projectId: 'proj1',
  tenantId: 'tenant1',
  role: 'EDITOR',
  userId: 'user1'
}

 ❯ tests/copilot-intent.test.ts  (2 tests | 2 failed) 114ms
   ❯ tests/copilot-intent.test.ts > Copilot Intent Detection > detects simulation intent and calls generatePricingRule
     → expected "spy" to be called with arguments: [ StringContaining{…}, Any<String> ]

Received: 

  1st spy call:

  Array [
-   StringContaining "Increase prices by 10%",
-   Any<String>,
+   "Increase prices by 10%",
+   undefined,
  ]


Number of calls: 1

   ❯ tests/copilot-intent.test.ts > Copilot Intent Detection > detects normal query intent and calls generateSQL
     → expected "spy" to be called at least once

⎯⎯⎯⎯⎯⎯⎯ Failed Tests 2 ⎯⎯⎯⎯⎯⎯⎯

 FAIL  tests/copilot-intent.test.ts > Copilot Intent Detection > detects simulation intent and calls generatePricingRule
AssertionError: expected "spy" to be called with arguments: [ StringContaining{…}, Any<String> ]

Received: 

  1st spy call:

  Array [
-   StringContaining "Increase prices by 10%",
-   Any<String>,
+   "Increase prices by 10%",
+   undefined,
  ]


Number of calls: 1

 ❯ tests/copilot-intent.test.ts:99:37
     97|         expect(res.status).toBe(200)
     98|         expect(body.type).toBe('simulation')
     99|         expect(generatePricingRule).toHaveBeenCalledWith(
       |                                     ^
    100|             expect.stringContaining('Increase prices by 10%'),
    101|             expect.any(String)

⎯⎯⎯⎯⎯⎯⎯⎯⎯⎯⎯⎯⎯⎯⎯⎯⎯⎯⎯⎯⎯⎯⎯⎯[1/2]⎯

 FAIL  tests/copilot-intent.test.ts > Copilot Intent Detection > detects normal query intent and calls generateSQL
AssertionError: expected "spy" to be called at least once
 ❯ tests/copilot-intent.test.ts:123:29
    121|         expect(res.status).toBe(200)
    122|         expect(body.type).toBe('query')
    123|         expect(generateSQL).toHaveBeenCalled()
       |                             ^
    124|         expect(generatePricingRule).not.toHaveBeenCalled()
    125|     })

⎯⎯⎯⎯⎯⎯⎯⎯⎯⎯⎯⎯⎯⎯⎯⎯⎯⎯⎯⎯⎯⎯⎯⎯[2/2]⎯

 Test Files  1 failed (1)
      Tests  2 failed (2)
   Start at  18:08:03
   Duration  165ms


 FAIL  Tests failed. Watching for file changes...
       press h to show help, press q to quit
       rerun x17
[2K[1A[2K[G[3Jc
 RERUN  tests/copilot-intent.test.ts x18

stdout | tests/copilot-intent.test.ts > Copilot Intent Detection > detects simulation intent and calls generatePricingRule
{"timestamp":"2025-12-01T02:09:47.795Z","level":"info","service":"calibr-api","message":"Request started: POST /api/v1/copilot","requestId":"req_7fjeza1bwm9l2lx95t7qd","correlationId":"corr_g50jg990rqbhze718ak0r4","metadata":{"method":"POST","url":"http://localhost/api/v1/copilot","userAgent":null,"ip":null,"query":{},"headers":{"content-type":"application/json","accept":null}}}
[Copilot] Query received: {
  projectSlug: 'demo',
  query: 'Increase prices by 10%',
  userId: 'editor1'
}
{"timestamp":"2025-12-01T02:09:47.797Z","level":"info","service":"calibr-api","message":"Request completed: POST /api/v1/copilot - 200 (2ms)","requestId":"req_7fjeza1bwm9l2lx95t7qd","correlationId":"corr_g50jg990rqbhze718ak0r4","metadata":{"method":"POST","url":"http://localhost/api/v1/copilot","userAgent":null,"ip":null,"statusCode":200,"responseTime":2}}

stdout | tests/copilot-intent.test.ts > Copilot Intent Detection > detects normal query intent and calls generateSQL
{"timestamp":"2025-12-01T02:09:47.803Z","level":"info","service":"calibr-api","message":"Request started: POST /api/v1/copilot","requestId":"req_x6mkq5gg0salen6y46t4ur","correlationId":"corr_fqwc9ufne3r06xsxoizsmov","metadata":{"method":"POST","url":"http://localhost/api/v1/copilot","userAgent":null,"ip":null,"query":{},"headers":{"content-type":"application/json","accept":null}}}
[Copilot] Query received: {
  projectSlug: 'demo',
  query: 'Show me all products',
  userId: 'editor1'
}
{"timestamp":"2025-12-01T02:09:47.803Z","level":"info","service":"calibr-api","message":"Request completed: POST /api/v1/copilot - 200 (0ms)","requestId":"req_x6mkq5gg0salen6y46t4ur","correlationId":"corr_fqwc9ufne3r06xsxoizsmov","metadata":{"method":"POST","url":"http://localhost/api/v1/copilot","userAgent":null,"ip":null,"statusCode":200,"responseTime":0}}

 ❯ tests/copilot-intent.test.ts  (2 tests | 2 failed) 12ms
   ❯ tests/copilot-intent.test.ts > Copilot Intent Detection > detects simulation intent and calls generatePricingRule
     → expected "spy" to be called with arguments: [ StringContaining{…}, Any<String> ]

Received: 

  1st spy call:

  Array [
-   StringContaining "Increase prices by 10%",
-   Any<String>,
+   "Increase prices by 10%",
+   undefined,
  ]


Number of calls: 1

   ❯ tests/copilot-intent.test.ts > Copilot Intent Detection > detects normal query intent and calls generateSQL
     → expected "spy" to be called at least once

⎯⎯⎯⎯⎯⎯⎯ Failed Tests 2 ⎯⎯⎯⎯⎯⎯⎯

 FAIL  tests/copilot-intent.test.ts > Copilot Intent Detection > detects simulation intent and calls generatePricingRule
AssertionError: expected "spy" to be called with arguments: [ StringContaining{…}, Any<String> ]

Received: 

  1st spy call:

  Array [
-   StringContaining "Increase prices by 10%",
-   Any<String>,
+   "Increase prices by 10%",
+   undefined,
  ]


Number of calls: 1

 ❯ tests/copilot-intent.test.ts:112:37
    110|         expect(res.status).toBe(200)
    111|         expect(body.type).toBe('simulation')
    112|         expect(generatePricingRule).toHaveBeenCalledWith(
       |                                     ^
    113|             expect.stringContaining('Increase prices by 10%'),
    114|             expect.any(String)

⎯⎯⎯⎯⎯⎯⎯⎯⎯⎯⎯⎯⎯⎯⎯⎯⎯⎯⎯⎯⎯⎯⎯⎯[1/2]⎯

 FAIL  tests/copilot-intent.test.ts > Copilot Intent Detection > detects normal query intent and calls generateSQL
AssertionError: expected "spy" to be called at least once
 ❯ tests/copilot-intent.test.ts:136:29
    134|         expect(res.status).toBe(200)
    135|         expect(body.type).toBe('query')
    136|         expect(generateSQL).toHaveBeenCalled()
       |                             ^
    137|         expect(generatePricingRule).not.toHaveBeenCalled()
    138|     })

⎯⎯⎯⎯⎯⎯⎯⎯⎯⎯⎯⎯⎯⎯⎯⎯⎯⎯⎯⎯⎯⎯⎯⎯[2/2]⎯

 Test Files  1 failed (1)
      Tests  2 failed (2)
   Start at  18:09:47
   Duration  360ms


 FAIL  Tests failed. Watching for file changes...
       press h to show help, press q to quit
       rerun x18
[2K[1A[2K[G[3Jc
 RERUN  tests/copilot-intent.test.ts x19

stdout | tests/copilot-intent.test.ts > Copilot Intent Detection > detects simulation intent and calls generatePricingRule
{"timestamp":"2025-12-01T02:11:17.701Z","level":"info","service":"calibr-api","message":"Request started: POST /api/v1/copilot","requestId":"req_5195fy0fbinwfllj3jesod","correlationId":"corr_kvhfbubdzqd24yc6mezmfw","metadata":{"method":"POST","url":"http://localhost/api/v1/copilot","userAgent":null,"ip":null,"query":{},"headers":{"content-type":"application/json","accept":null}}}
[Copilot] Query received: {
  projectSlug: 'demo',
  query: 'Increase prices by 10%',
  userId: 'editor1'
}
{"timestamp":"2025-12-01T02:11:17.703Z","level":"info","service":"calibr-api","message":"Request completed: POST /api/v1/copilot - 200 (2ms)","requestId":"req_5195fy0fbinwfllj3jesod","correlationId":"corr_kvhfbubdzqd24yc6mezmfw","metadata":{"method":"POST","url":"http://localhost/api/v1/copilot","userAgent":null,"ip":null,"statusCode":200,"responseTime":2}}

stderr | tests/copilot-intent.test.ts > Copilot Intent Detection > detects simulation intent and calls generatePricingRule
Store findUnique called: { slug: 'demo' }
Membership found: { userId: 'editor1', projectId: 'proj1', role: 'EDITOR' }

stdout | tests/copilot-intent.test.ts > Copilot Intent Detection > detects normal query intent and calls generateSQL
{"timestamp":"2025-12-01T02:11:17.716Z","level":"info","service":"calibr-api","message":"Request started: POST /api/v1/copilot","requestId":"req_14g2v63wr2090xzwmta1atn","correlationId":"corr_l8m2z2z3i3o1o9z89d81og","metadata":{"method":"POST","url":"http://localhost/api/v1/copilot","userAgent":null,"ip":null,"query":{},"headers":{"content-type":"application/json","accept":null}}}
[Copilot] Query received: {
  projectSlug: 'demo',
  query: 'Show me all products',
  userId: 'editor1'
}
{"timestamp":"2025-12-01T02:11:17.717Z","level":"info","service":"calibr-api","message":"Request completed: POST /api/v1/copilot - 200 (1ms)","requestId":"req_14g2v63wr2090xzwmta1atn","correlationId":"corr_l8m2z2z3i3o1o9z89d81og","metadata":{"method":"POST","url":"http://localhost/api/v1/copilot","userAgent":null,"ip":null,"statusCode":200,"responseTime":1}}

stderr | tests/copilot-intent.test.ts > Copilot Intent Detection > detects normal query intent and calls generateSQL
Store findUnique called: { slug: 'demo' }
Membership found: { userId: 'editor1', projectId: 'proj1', role: 'EDITOR' }

 ❯ tests/copilot-intent.test.ts  (2 tests | 2 failed) 28ms
   ❯ tests/copilot-intent.test.ts > Copilot Intent Detection > detects simulation intent and calls generatePricingRule
     → expected "spy" to be called with arguments: [ StringContaining{…}, Any<String> ]

Received: 

  1st spy call:

  Array [
-   StringContaining "Increase prices by 10%",
-   Any<String>,
+   "Increase prices by 10%",
+   undefined,
  ]


Number of calls: 1

   ❯ tests/copilot-intent.test.ts > Copilot Intent Detection > detects normal query intent and calls generateSQL
     → expected "spy" to be called at least once

⎯⎯⎯⎯⎯⎯⎯ Failed Tests 2 ⎯⎯⎯⎯⎯⎯⎯

 FAIL  tests/copilot-intent.test.ts > Copilot Intent Detection > detects simulation intent and calls generatePricingRule
AssertionError: expected "spy" to be called with arguments: [ StringContaining{…}, Any<String> ]

Received: 

  1st spy call:

  Array [
-   StringContaining "Increase prices by 10%",
-   Any<String>,
+   "Increase prices by 10%",
+   undefined,
  ]


Number of calls: 1

 ❯ tests/copilot-intent.test.ts:122:37
    120|         expect(res.status).toBe(200)
    121|         expect(body.type).toBe('simulation')
    122|         expect(generatePricingRule).toHaveBeenCalledWith(
       |                                     ^
    123|             expect.stringContaining('Increase prices by 10%'),
    124|             expect.any(String)

⎯⎯⎯⎯⎯⎯⎯⎯⎯⎯⎯⎯⎯⎯⎯⎯⎯⎯⎯⎯⎯⎯⎯⎯[1/2]⎯

 FAIL  tests/copilot-intent.test.ts > Copilot Intent Detection > detects normal query intent and calls generateSQL
AssertionError: expected "spy" to be called at least once
 ❯ tests/copilot-intent.test.ts:146:29
    144|         expect(res.status).toBe(200)
    145|         expect(body.type).toBe('query')
    146|         expect(generateSQL).toHaveBeenCalled()
       |                             ^
    147|         expect(generatePricingRule).not.toHaveBeenCalled()
    148|     })

⎯⎯⎯⎯⎯⎯⎯⎯⎯⎯⎯⎯⎯⎯⎯⎯⎯⎯⎯⎯⎯⎯⎯⎯[2/2]⎯

 Test Files  1 failed (1)
      Tests  2 failed (2)
   Start at  18:11:17
   Duration  172ms


 FAIL  Tests failed. Watching for file changes...
       press h to show help, press q to quit
       rerun x19
[2K[1A[2K[G[3Jc
 RERUN  tests/copilot-intent.test.ts x20

stdout | tests/copilot-intent.test.ts > Copilot Intent Detection > detects normal query intent and calls generateSQL
{"timestamp":"2025-12-01T02:12:46.839Z","level":"info","service":"calibr-api","message":"Request started: POST /api/v1/copilot","requestId":"req_2ec3ei721pmmuogv55qxl","correlationId":"corr_fr7tvcdxwylpiy64ugw51b","metadata":{"method":"POST","url":"http://localhost/api/v1/copilot","userAgent":null,"ip":null,"query":{},"headers":{"content-type":"application/json","accept":null}}}
[Copilot] Query received: {
  projectSlug: 'demo',
  query: 'Show me all products',
  userId: 'editor1'
}
{"timestamp":"2025-12-01T02:12:46.846Z","level":"info","service":"calibr-api","message":"Request completed: POST /api/v1/copilot - 200 (7ms)","requestId":"req_2ec3ei721pmmuogv55qxl","correlationId":"corr_fr7tvcdxwylpiy64ugw51b","metadata":{"method":"POST","url":"http://localhost/api/v1/copilot","userAgent":null,"ip":null,"statusCode":200,"responseTime":7}}

stderr | tests/copilot-intent.test.ts > Copilot Intent Detection > detects normal query intent and calls generateSQL
Store findUnique called: { slug: 'demo' }
Membership found: { userId: 'editor1', projectId: 'proj1', role: 'EDITOR' }

 ❯ tests/copilot-intent.test.ts  (2 tests | 1 failed | 1 skipped) 52ms
   ❯ tests/copilot-intent.test.ts > Copilot Intent Detection > detects normal query intent and calls generateSQL
     → expected "spy" to be called at least once

⎯⎯⎯⎯⎯⎯⎯ Failed Tests 1 ⎯⎯⎯⎯⎯⎯⎯

 FAIL  tests/copilot-intent.test.ts > Copilot Intent Detection > detects normal query intent and calls generateSQL
AssertionError: expected "spy" to be called at least once
 ❯ tests/copilot-intent.test.ts:147:29
    145|         expect(res.status).toBe(200)
    146|         expect(body.type).toBe('query')
    147|         expect(generateSQL).toHaveBeenCalled()
       |                             ^
    148|         expect(generatePricingRule).not.toHaveBeenCalled()
    149|     })

⎯⎯⎯⎯⎯⎯⎯⎯⎯⎯⎯⎯⎯⎯⎯⎯⎯⎯⎯⎯⎯⎯⎯⎯[1/1]⎯

 Test Files  1 failed (1)
      Tests  1 failed | 1 skipped (2)
   Start at  18:12:46
   Duration  439ms


 FAIL  Tests failed. Watching for file changes...
       press h to show help, press q to quit
       rerun x20
[2K[1A[2K[G[3Jc
 RERUN  tests/copilot-intent.test.ts x21

 ↓ tests/copilot-intent.test.ts  (2 tests | 2 skipped)

 Test Files  1 skipped (1)
      Tests  2 skipped (2)
   Start at  18:12:58
   Duration  200ms


 PASS  Waiting for file changes...
       press h to show help, press q to quit
       rerun x21
[2K[1A[2K[G