
> @calibr/api@0.1.0 typecheck C:\Users\rakes\developer\calibrate-cursor\calibrate\apps\api
> tsc --noEmit

app/api/projects/[slug]/route.ts(56,35): error TS2339: Property 'platformIntegration' does not exist on type 'PrismaClient<PrismaClientOptions, never, DefaultArgs>'.
app/api/projects/route.ts(68,7): error TS2322: Type '{ name: string; slug: string; tenantId: any; }' is not assignable to type '(Without<ProjectCreateInput, ProjectUncheckedCreateInput> & ProjectUncheckedCreateInput) | (Without<...> & ProjectCreateInput)'.
  Type '{ name: string; slug: string; tenantId: any; }' is not assignable to type 'Without<ProjectUncheckedCreateInput, ProjectCreateInput> & ProjectCreateInput'.
    Type '{ name: string; slug: string; tenantId: any; }' is missing the following properties from type 'ProjectCreateInput': id, updatedAt, Tenant
app/api/projects/route.ts(77,7): error TS2322: Type '{ userId: string; projectId: string; role: "OWNER"; }' is not assignable to type '(Without<MembershipCreateInput, MembershipUncheckedCreateInput> & MembershipUncheckedCreateInput) | (Without<...> & MembershipCreateInput)'.
  Type '{ userId: string; projectId: string; role: "OWNER"; }' is not assignable to type 'Without<MembershipCreateInput, MembershipUncheckedCreateInput> & MembershipUncheckedCreateInput'.
    Property 'id' is missing in type '{ userId: string; projectId: string; role: "OWNER"; }' but required in type 'MembershipUncheckedCreateInput'.
app/api/projects/route.ts(117,9): error TS2561: Object literal may only specify known properties, but 'project' does not exist in type 'MembershipInclude<DefaultArgs>'. Did you mean to write 'Project'?
app/api/projects/route.ts(137,9): error TS2353: Object literal may only specify known properties, and 'project' does not exist in type 'MembershipOrderByWithRelationInput | MembershipOrderByWithRelationInput[]'.
app/api/projects/route.ts(144,37): error TS2551: Property 'project' does not exist on type '{ id: string; projectId: string; role: ProjectRole; userId: string; }'. Did you mean 'projectId'?
app/api/projects/route.ts(145,36): error TS2551: Property 'project' does not exist on type '{ id: string; projectId: string; role: ProjectRole; userId: string; }'. Did you mean 'projectId'?
app/api/projects/route.ts(152,15): error TS2551: Property 'project' does not exist on type '{ id: string; projectId: string; role: ProjectRole; userId: string; }'. Did you mean 'projectId'?
app/api/projects/route.ts(153,17): error TS2551: Property 'project' does not exist on type '{ id: string; projectId: string; role: ProjectRole; userId: string; }'. Did you mean 'projectId'?
app/api/projects/route.ts(154,17): error TS2551: Property 'project' does not exist on type '{ id: string; projectId: string; role: ProjectRole; userId: string; }'. Did you mean 'projectId'?
app/api/projects/route.ts(158,22): error TS2551: Property 'project' does not exist on type '{ id: string; projectId: string; role: ProjectRole; userId: string; }'. Did you mean 'projectId'?
app/api/projects/route.ts(159,22): error TS2551: Property 'project' does not exist on type '{ id: string; projectId: string; role: ProjectRole; userId: string; }'. Did you mean 'projectId'?
app/api/seed/route.ts(31,7): error TS2322: Type '{ slug: string; name: string; tenantId: string; }' is not assignable to type '(Without<ProjectCreateInput, ProjectUncheckedCreateInput> & ProjectUncheckedCreateInput) | (Without<...> & ProjectCreateInput)'.
  Type '{ slug: string; name: string; tenantId: string; }' is not assignable to type 'Without<ProjectCreateInput, ProjectUncheckedCreateInput> & ProjectUncheckedCreateInput'.
    Type '{ slug: string; name: string; tenantId: string; }' is missing the following properties from type 'ProjectUncheckedCreateInput': id, updatedAt
app/api/seed/route.ts(48,7): error TS2322: Type '{ email: string; name: string; role: "OWNER"; tenantId: string; passwordHash: any; }' is not assignable to type '(Without<UserCreateInput, UserUncheckedCreateInput> & UserUncheckedCreateInput) | (Without<...> & UserCreateInput)'.
  Type '{ email: string; name: string; role: "OWNER"; tenantId: string; passwordHash: any; }' is not assignable to type 'Without<UserCreateInput, UserUncheckedCreateInput> & UserUncheckedCreateInput'.
    Property 'id' is missing in type '{ email: string; name: string; role: "OWNER"; tenantId: string; passwordHash: any; }' but required in type 'UserUncheckedCreateInput'.
app/api/seed/route.ts(67,7): error TS2322: Type '{ email: string; name: string; role: "ADMIN"; tenantId: string; passwordHash: any; }' is not assignable to type '(Without<UserCreateInput, UserUncheckedCreateInput> & UserUncheckedCreateInput) | (Without<...> & UserCreateInput)'.
  Type '{ email: string; name: string; role: "ADMIN"; tenantId: string; passwordHash: any; }' is not assignable to type 'Without<UserCreateInput, UserUncheckedCreateInput> & UserUncheckedCreateInput'.
    Property 'id' is missing in type '{ email: string; name: string; role: "ADMIN"; tenantId: string; passwordHash: any; }' but required in type 'UserUncheckedCreateInput'.
app/api/seed/route.ts(86,7): error TS2322: Type '{ userId: string; projectId: string; role: "OWNER"; }' is not assignable to type '(Without<MembershipCreateInput, MembershipUncheckedCreateInput> & MembershipUncheckedCreateInput) | (Without<...> & MembershipCreateInput)'.
  Type '{ userId: string; projectId: string; role: "OWNER"; }' is not assignable to type 'Without<MembershipCreateInput, MembershipUncheckedCreateInput> & MembershipUncheckedCreateInput'.
    Property 'id' is missing in type '{ userId: string; projectId: string; role: "OWNER"; }' but required in type 'MembershipUncheckedCreateInput'.
app/api/seed/route.ts(101,7): error TS2322: Type '{ userId: string; projectId: string; role: "ADMIN"; }' is not assignable to type '(Without<MembershipCreateInput, MembershipUncheckedCreateInput> & MembershipUncheckedCreateInput) | (Without<...> & MembershipCreateInput)'.
  Type '{ userId: string; projectId: string; role: "ADMIN"; }' is not assignable to type 'Without<MembershipCreateInput, MembershipUncheckedCreateInput> & MembershipUncheckedCreateInput'.
    Property 'id' is missing in type '{ userId: string; projectId: string; role: "ADMIN"; }' but required in type 'MembershipUncheckedCreateInput'.
app/api/seed/route.ts(172,9): error TS2322: Type '{ code: string; name: string; tenantId: string; projectId: string; }' is not assignable to type '(Without<ProductCreateInput, ProductUncheckedCreateInput> & ProductUncheckedCreateInput) | (Without<...> & ProductCreateInput)'.
  Type '{ code: string; name: string; tenantId: string; projectId: string; }' is not assignable to type 'Without<ProductCreateInput, ProductUncheckedCreateInput> & ProductUncheckedCreateInput'.
    Property 'id' is missing in type '{ code: string; name: string; tenantId: string; projectId: string; }' but required in type 'ProductUncheckedCreateInput'.
app/api/seed/route.ts(186,11): error TS2322: Type '{ name: any; code: string; productId: string; }' is not assignable to type '(Without<SkuCreateInput, SkuUncheckedCreateInput> & SkuUncheckedCreateInput) | (Without<SkuUncheckedCreateInput, SkuCreateInput> & SkuCreateInput)'.
  Type '{ name: any; code: string; productId: string; }' is not assignable to type 'Without<SkuCreateInput, SkuUncheckedCreateInput> & SkuUncheckedCreateInput'.
    Property 'id' is missing in type '{ name: any; code: string; productId: string; }' but required in type 'SkuUncheckedCreateInput'.
app/api/seed/route.ts(204,13): error TS2322: Type '{ skuId: string; currency: string; amount: number; }' is not assignable to type '(Without<PriceCreateInput, PriceUncheckedCreateInput> & PriceUncheckedCreateInput) | (Without<...> & PriceCreateInput)'.
  Type '{ skuId: string; currency: string; amount: number; }' is not assignable to type 'Without<PriceCreateInput, PriceUncheckedCreateInput> & PriceUncheckedCreateInput'.
    Property 'id' is missing in type '{ skuId: string; currency: string; amount: number; }' but required in type 'PriceUncheckedCreateInput'.
app/api/seed/route.ts(222,7): error TS2322: Type '{ projectId: string; tenantId: string; autoApply: false; rules: { maxPctDelta: number; dailyChangeBudgetPct: number; }; }' is not assignable to type '(Without<PolicyCreateInput, PolicyUncheckedCreateInput> & PolicyUncheckedCreateInput) | (Without<...> & PolicyCreateInput)'.
  Type '{ projectId: string; tenantId: string; autoApply: false; rules: { maxPctDelta: number; dailyChangeBudgetPct: number; }; }' is not assignable to type 'Without<PolicyCreateInput, PolicyUncheckedCreateInput> & PolicyUncheckedCreateInput'.
    Type '{ projectId: string; tenantId: string; autoApply: false; rules: { maxPctDelta: number; dailyChangeBudgetPct: number; }; }' is missing the following properties from type 'PolicyUncheckedCreateInput': id, updatedAt
app/api/seed/route.ts(237,18): error TS2561: Object literal may only specify known properties, but 'prices' does not exist in type 'SkuInclude<DefaultArgs>'. Did you mean to write 'Price'?
app/api/seed/route.ts(241,41): error TS2339: Property 'prices' does not exist on type '{ id: string; name: string; status: Status; code: string; productId: string; attributes: JsonValue; }'.
app/api/seed/route.ts(241,53): error TS7006: Parameter 'p' implicitly has an 'any' type.
app/api/seed/route.ts(244,11): error TS2322: Type '{ tenantId: string; projectId: string; skuId: string; source: string; fromAmount: any; toAmount: number; currency: string; status: "PENDING"; context: { skuCode: string; }; policyResult: { ok: true; checks: never[]; }; connectorStatus: { ...; }; }' is not assignable to type '(Without<PriceChangeCreateInput, PriceChangeUncheckedCreateInput> & PriceChangeUncheckedCreateInput) | (Without<...> & PriceChangeCreateInput)'.
  Type '{ tenantId: string; projectId: string; skuId: string; source: string; fromAmount: any; toAmount: number; currency: string; status: "PENDING"; context: { skuCode: string; }; policyResult: { ok: true; checks: never[]; }; connectorStatus: { ...; }; }' is not assignable to type 'Without<PriceChangeUncheckedCreateInput, PriceChangeCreateInput> & PriceChangeCreateInput'.
    Property 'id' is missing in type '{ tenantId: string; projectId: string; skuId: string; source: string; fromAmount: any; toAmount: number; currency: string; status: "PENDING"; context: { skuCode: string; }; policyResult: { ok: true; checks: never[]; }; connectorStatus: { ...; }; }' but required in type 'PriceChangeCreateInput'.
app/api/v1/analytics/[projectId]/route.ts(10,38): error TS2307: Cannot find module '@calibr/analytics' or its corresponding type declarations.
app/api/v1/analytics/[projectId]/route.ts(20,48): error TS2345: Argument of type '(req: NextRequest, context: { params: Promise<{ projectId: string; }>; }) => Promise<NextResponse<any>>' is not assignable to parameter of type '(req: NextRequest, ctx?: { params: Promise<{ projectId: string; }>; } | undefined) => Promise<NextResponse<unknown>>'.
  Types of parameters 'context' and 'ctx' are incompatible.
    Type '{ params: Promise<{ projectId: string; }>; } | undefined' is not assignable to type '{ params: Promise<{ projectId: string; }>; }'.
      Type 'undefined' is not assignable to type '{ params: Promise<{ projectId: string; }>; }'.
app/api/v1/analytics/aggregate/route.ts(10,41): error TS2307: Cannot find module '@calibr/analytics' or its corresponding type declarations.
app/api/v1/competitors/[id]/products/route.ts(3,10): error TS2305: Module '"@calibr/security"' has no exported member 'verifyHmac'.
app/api/v1/competitors/[id]/products/route.ts(28,9): error TS2561: Object literal may only specify known properties, but 'sku' does not exist in type 'CompetitorProductInclude<DefaultArgs>'. Did you mean to write 'Sku'?
app/api/v1/competitors/[id]/route.ts(3,10): error TS2305: Module '"@calibr/security"' has no exported member 'verifyHmac'.
app/api/v1/competitors/[id]/route.ts(21,9): error TS2353: Object literal may only specify known properties, and 'products' does not exist in type 'CompetitorInclude<DefaultArgs>'.
app/api/v1/competitors/monitor/route.ts(4,10): error TS2305: Module '"@calibr/security"' has no exported member 'verifyHmac'.
app/api/v1/competitors/monitor/route.ts(31,11): error TS2353: Object literal may only specify known properties, and 'products' does not exist in type 'CompetitorInclude<DefaultArgs>'.
app/api/v1/competitors/route.ts(3,10): error TS2305: Module '"@calibr/security"' has no exported member 'verifyHmac'.
app/api/v1/competitors/route.ts(31,9): error TS2353: Object literal may only specify known properties, and 'products' does not exist in type 'CompetitorInclude<DefaultArgs>'.
app/api/v1/competitors/rules/route.ts(3,10): error TS2305: Module '"@calibr/security"' has no exported member 'verifyHmac'.
app/api/v1/price-changes/[id]/approve/route.ts(66,9): error TS2322: Type 'JsonValue' is not assignable to type 'InputJsonValue | NullableJsonNullValueInput | undefined'.
  Type 'null' is not assignable to type 'InputJsonValue | NullableJsonNullValueInput | undefined'.
app/api/v1/price-changes/[id]/reject/route.ts(63,9): error TS2322: Type 'JsonValue' is not assignable to type 'InputJsonValue | NullableJsonNullValueInput | undefined'.
  Type 'null' is not assignable to type 'InputJsonValue | NullableJsonNullValueInput | undefined'.
app/api/v1/webhooks/price-suggestion/route.ts(6,10): error TS2305: Module '"@calibr/security"' has no exported member 'verifyHmac'.
app/api/v1/webhooks/price-suggestion/route.ts(7,10): error TS2305: Module '"@calibr/security"' has no exported member 'ensureIdempotent'.
app/api/v1/webhooks/price-suggestion/route.ts(35,47): error TS2322: Type 'string' is not assignable to type '{ name: string; message: string; stack?: string | undefined; }'.
app/api/v1/webhooks/price-suggestion/route.ts(41,51): error TS2353: Object literal may only specify known properties, and 'idempotencyKey' does not exist in type 'Partial<LogEntry>'.
app/api/v1/webhooks/price-suggestion/route.ts(53,42): error TS2353: Object literal may only specify known properties, and 'projectSlug' does not exist in type 'Partial<LogEntry>'.
app/api/v1/webhooks/price-suggestion/route.ts(58,36): error TS2561: Object literal may only specify known properties, but 'product' does not exist in type 'SkuWhereInput'. Did you mean to write 'Product'?
app/api/v1/webhooks/price-suggestion/route.ts(59,18): error TS2561: Object literal may only specify known properties, but 'product' does not exist in type 'SkuInclude<DefaultArgs>'. Did you mean to write 'Product'?
app/api/v1/webhooks/price-suggestion/route.ts(62,38): error TS2353: Object literal may only specify known properties, and 'skuCode' does not exist in type 'Partial<LogEntry>'.
app/api/v1/webhooks/price-suggestion/route.ts(70,40): error TS2353: Object literal may only specify known properties, and 'skuCode' does not exist in type 'Partial<LogEntry>'.
app/api/v1/webhooks/price-suggestion/route.ts(92,23): error TS2551: Property 'product' does not exist on type '{ id: string; name: string; status: Status; productId: string; code: string; attributes: JsonValue; }'. Did you mean 'productId'?
app/api/v1/webhooks/price-suggestion/route.ts(106,7): error TS2353: Object literal may only specify known properties, and 'priceChangeId' does not exist in type 'Partial<LogEntry>'.
app/api/v1/webhooks/price-suggestion/route.ts(116,52): error TS2353: Object literal may only specify known properties, and 'priceChangeId' does not exist in type 'Partial<LogEntry>'.
app/api/v1/webhooks/price-suggestion/route.ts(118,77): error TS2353: Object literal may only specify known properties, and 'priceChangeId' does not exist in type 'Partial<LogEntry>'.
app/api/v1/webhooks/price-suggestion/route.ts(128,7): error TS2353: Object literal may only specify known properties, and 'priceChangeId' does not exist in type 'Partial<LogEntry>'.
app/api/v1/webhooks/price-suggestion/route.ts(139,65): error TS2353: Object literal may only specify known properties, and 'responseTime' does not exist in type 'Partial<LogEntry>'.
lib/auth-security.ts(331,3): error TS2739: Type '{ requireAuth: true; }' is missing the following properties from type 'SecurityPolicy': requireProject, requireTenant
lib/auth-security.ts(413,28): error TS2345: Argument of type '{ requireAuth: true; allowedRoles: string[]; requiredPermissions: string[]; }' is not assignable to parameter of type 'SecurityPolicy'.
  Type '{ requireAuth: true; allowedRoles: string[]; requiredPermissions: string[]; }' is missing the following properties from type 'SecurityPolicy': requireProject, requireTenant
lib/auth-security.ts(426,28): error TS2345: Argument of type '{ requireAuth: true; requireProject: true; }' is not assignable to parameter of type 'SecurityPolicy'.
  Property 'requireTenant' is missing in type '{ requireAuth: true; requireProject: true; }' but required in type 'SecurityPolicy'.
lib/logger.ts(119,7): error TS2322: Type 'string | null' is not assignable to type 'string | undefined'.
  Type 'null' is not assignable to type 'string | undefined'.
lib/performance-monitor.ts(482,24): error TS18046: 'connectionStats' is of type 'unknown'.
lib/performance-monitor.ts(483,19): error TS18046: 'queryStats' is of type 'unknown'.
tests/performance-service.test.ts(95,11): error TS2740: Type '{}' is missing the following properties from type '{ errorType: string; count: number; percentage: number; }[]': length, pop, push, concat, and 29 more.
tests/performance-service.test.ts(117,11): error TS2740: Type '{}' is missing the following properties from type '{ errorType: string; count: number; percentage: number; }[]': length, pop, push, concat, and 29 more.
tests/platforms/shopify/oauth.callback.test.ts(4,36): error TS2307: Cannot find module '../../app/api/platforms/shopify/oauth/callback/route.ts' or its corresponding type declarations.
tests/platforms/shopify/oauth.callback.test.ts(20,5): error TS2578: Unused '@ts-expect-error' directive.
tests/platforms/shopify/oauth.install.test.ts(4,35): error TS2307: Cannot find module '../../app/api/platforms/shopify/oauth/install/route.ts' or its corresponding type declarations.
tests/platforms/shopify/oauth.install.test.ts(18,5): error TS2578: Unused '@ts-expect-error' directive.
tests/platforms/shopify/oauth.install.test.ts(28,5): error TS2578: Unused '@ts-expect-error' directive.
../../packages/amazon-connector/src/connector.ts(10,3): error TS2305: Module '"@calibr/platform-connector"' has no exported member 'ProductLookupParams'.
../../packages/amazon-connector/src/connector.ts(11,3): error TS2305: Module '"@calibr/platform-connector"' has no exported member 'Product'.
../../packages/amazon-connector/src/connector.ts(14,3): error TS2305: Module '"@calibr/platform-connector"' has no exported member 'AuthCredentials'.
../../packages/amazon-connector/src/connector.ts(18,3): error TS2724: '"@calibr/platform-connector"' has no exported member named 'ProductCountResult'. Did you mean 'ProductSyncResult'?
../../packages/amazon-connector/src/connector.ts(20,3): error TS2724: '"@calibr/platform-connector"' has no exported member named 'BatchPriceUpdateResult'. Did you mean 'PriceUpdateResult'?
../../packages/amazon-connector/src/connector.ts(21,3): error TS2305: Module '"@calibr/platform-connector"' has no exported member 'PriceValidationResult'.
../../packages/amazon-connector/src/connector.ts(26,14): error TS2420: Class 'AmazonConnector' incorrectly implements interface 'PlatformConnector'.
  Property 'config' is private in type 'AmazonConnector' but not in type 'PlatformConnector'.
../../packages/amazon-connector/src/connector.ts(144,11): error TS2353: Object literal may only specify known properties, and 'platform' does not exist in type 'AuthStatus'.
../../packages/amazon-connector/src/connector.ts(160,33): error TS2345: Argument of type '"not_supported"' is not assignable to parameter of type 'PlatformErrorType'.
../../packages/amazon-connector/src/connector.ts(163,33): error TS2345: Argument of type '"not_supported"' is not assignable to parameter of type 'PlatformErrorType'.
../../packages/amazon-connector/src/connector.ts(308,38): error TS2339: Property 'get' does not exist on type 'AmazonConnector'.
../../packages/amazon-connector/src/connector.ts(336,39): error TS2339: Property 'list' does not exist on type 'AmazonConnector'.
../../packages/amazon-connector/src/connector.ts(339,39): error TS2339: Property 'sync' does not exist on type 'AmazonConnector'.
../../packages/amazon-connector/src/connector.ts(352,39): error TS2339: Property 'list' does not exist on type 'AmazonConnector'.
../../packages/amazon-connector/src/connector.ts(413,13): error TS2322: Type 'string | undefined' is not assignable to type 'string'.
  Type 'undefined' is not assignable to type 'string'.
../../packages/amazon-connector/src/connector.ts(487,37): error TS2345: Argument of type 'string | undefined' is not assignable to parameter of type 'string'.
  Type 'undefined' is not assignable to type 'string'.
../../packages/amazon-connector/src/feeds/upload.ts(8,5): error TS2769: No overload matches this call.
  Overload 1 of 2, '(input: string | URL | Request, init?: RequestInit | undefined): Promise<Response>', gave the following error.
    Type 'Uint8Array<ArrayBufferLike> | Buffer<ArrayBufferLike>' is not assignable to type 'BodyInit | null | undefined'.
      Type 'Uint8Array<ArrayBufferLike>' is not assignable to type 'BodyInit | null | undefined'.
        Type 'Uint8Array<ArrayBufferLike>' is missing the following properties from type 'URLSearchParams': size, append, delete, get, and 2 more.
  Overload 2 of 2, '(input: URL | RequestInfo, init?: RequestInit | undefined): Promise<Response>', gave the following error.
    Type 'Uint8Array<ArrayBufferLike> | Buffer<ArrayBufferLike>' is not assignable to type 'BodyInit | null | undefined'.
      Type 'Uint8Array<ArrayBufferLike>' is not assignable to type 'BodyInit | null | undefined'.
        Type 'Uint8Array<ArrayBufferLike>' is missing the following properties from type 'URLSearchParams': size, append, delete, get, and 2 more.
../../packages/amazon-connector/src/pricing.ts(201,5): error TS2322: Type 'ArrayBufferLike' is not assignable to type 'ArrayBuffer'.
  Type 'SharedArrayBuffer' is not assignable to type 'ArrayBuffer'.
    Types of property '[Symbol.toStringTag]' are incompatible.
      Type '"SharedArrayBuffer"' is not assignable to type '"ArrayBuffer"'.
../../packages/amazon-connector/src/register.ts(6,9): error TS2322: Type '(config: PlatformConfig, credentials: PlatformCredentials | undefined) => Promise<AmazonConnector>' is not assignable to type 'PlatformConnectorFactory'.
  Type 'Promise<AmazonConnector>' is not assignable to type 'Promise<PlatformConnector>'.
    Type 'AmazonConnector' is not assignable to type 'PlatformConnector'.
      Property 'config' is private in type 'AmazonConnector' but not in type 'PlatformConnector'.
../../packages/amazon-connector/src/spapi-client.ts(1,28): error TS7016: Could not find a declaration file for module 'selling-partner-api'. 'C:/Users/rakes/developer/calibrate-cursor/calibrate/node_modules/.pnpm/selling-partner-api@1.0.0/node_modules/selling-partner-api/index.js' implicitly has an 'any' type.
  Try `npm i --save-dev @types/selling-partner-api` if it exists or add a new declaration (.d.ts) file containing `declare module 'selling-partner-api';`
../../packages/competitor-monitoring/monitor.ts(24,9): error TS2353: Object literal may only specify known properties, and 'products' does not exist in type 'CompetitorInclude<DefaultArgs>'.
../../packages/competitor-monitoring/monitor.ts(72,15): error TS2322: Type '{ productId: any; amount: number; currency: string; channel: string | undefined; isOnSale: boolean; saleEndsAt: Date | undefined; stockStatus: "in_stock" | "out_of_stock" | "limited" | undefined; }' is not assignable to type '(Without<CompetitorPriceCreateInput, CompetitorPriceUncheckedCreateInput> & CompetitorPriceUncheckedCreateInput) | (Without<...> & CompetitorPriceCreateInput)'.
  Type '{ productId: any; amount: number; currency: string; channel: string | undefined; isOnSale: boolean; saleEndsAt: Date | undefined; stockStatus: "in_stock" | "out_of_stock" | "limited" | undefined; }' is not assignable to type 'Without<CompetitorPriceUncheckedCreateInput, CompetitorPriceCreateInput> & CompetitorPriceCreateInput'.
    Type '{ productId: any; amount: number; currency: string; channel: string | undefined; isOnSale: boolean; saleEndsAt: Date | undefined; stockStatus: "in_stock" | "out_of_stock" | "limited" | undefined; }' is missing the following properties from type 'CompetitorPriceCreateInput': id, CompetitorProduct
../../packages/competitor-monitoring/monitor.ts(132,9): error TS2561: Object literal may only specify known properties, but 'prices' does not exist in type 'SkuInclude<DefaultArgs>'. Did you mean to write 'Price'?
../../packages/competitor-monitoring/monitor.ts(147,26): error TS2339: Property 'prices' does not exist on type '{ id: string; name: string; status: Status; code: string; productId: string; attributes: JsonValue; }'.
../../packages/competitor-monitoring/monitor.ts(150,41): error TS2339: Property 'competitorProducts' does not exist on type '{ id: string; name: string; status: Status; code: string; productId: string; attributes: JsonValue; }'.
../../packages/platform-connector/src/registry/ConnectorRegistry.ts(56,36): error TS2802: Type 'MapIterator<[string, PlatformConnector]>' can only be iterated through when using the '--downlevelIteration' flag or with a '--target' of 'es2015' or higher.
../../packages/platform-connector/src/utils/normalization.ts(105,14): error TS2802: Type 'Set<string>' can only be iterated through when using the '--downlevelIteration' flag or with a '--target' of 'es2015' or higher.
../../packages/pricing-engine/applyPriceChange.ts(17,5): error TS2322: Type '{ priceId: string; amount: number; note: string; }' is not assignable to type '(Without<PriceVersionCreateInput, PriceVersionUncheckedCreateInput> & PriceVersionUncheckedCreateInput) | (Without<...> & PriceVersionCreateInput)'.
  Type '{ priceId: string; amount: number; note: string; }' is not assignable to type 'Without<PriceVersionCreateInput, PriceVersionUncheckedCreateInput> & PriceVersionUncheckedCreateInput'.
    Property 'id' is missing in type '{ priceId: string; amount: number; note: string; }' but required in type 'PriceVersionUncheckedCreateInput'.
../../packages/pricing-engine/applyPriceChange.ts(32,5): error TS2322: Type '{ tenantId: string; kind: string; payload: { priceChangeId: string; skuId: string; from: number; to: number; }; }' is not assignable to type '(Without<EventCreateInput, EventUncheckedCreateInput> & EventUncheckedCreateInput) | (Without<...> & EventCreateInput)'.
  Type '{ tenantId: string; kind: string; payload: { priceChangeId: string; skuId: string; from: number; to: number; }; }' is not assignable to type 'Without<EventCreateInput, EventUncheckedCreateInput> & EventUncheckedCreateInput'.
    Property 'id' is missing in type '{ tenantId: string; kind: string; payload: { priceChangeId: string; skuId: string; from: number; to: number; }; }' but required in type 'EventUncheckedCreateInput'.
C:\Users\rakes\developer\calibrate-cursor\calibrate\apps\api:
ΓÇëERR_PNPM_RECURSIVE_RUN_FIRST_FAILΓÇë @calibr/api@0.1.0 typecheck: `tsc --noEmit`
Exit status 1
